Archive member included to satisfy reference by file (symbol)

c:/st/stm32cubeide_1.0.1/stm32cubeide/plugins/com.st.stm32cube.ide.mcu.externaltools.gnu-tools-for-stm32.7-2018-q2-update.win32_1.5.0.202011040924/tools/bin/../lib/gcc/arm-none-eabi/7.3.1/../../../../arm-none-eabi/lib/thumb/v7e-m/fpv4-sp/hard\libc_nano.a(lib_a-errno.o)
                              Core/Src/syscalls.o (__errno)
c:/st/stm32cubeide_1.0.1/stm32cubeide/plugins/com.st.stm32cube.ide.mcu.externaltools.gnu-tools-for-stm32.7-2018-q2-update.win32_1.5.0.202011040924/tools/bin/../lib/gcc/arm-none-eabi/7.3.1/../../../../arm-none-eabi/lib/thumb/v7e-m/fpv4-sp/hard\libc_nano.a(lib_a-exit.o)
                              c:/st/stm32cubeide_1.0.1/stm32cubeide/plugins/com.st.stm32cube.ide.mcu.externaltools.gnu-tools-for-stm32.7-2018-q2-update.win32_1.5.0.202011040924/tools/bin/../lib/gcc/arm-none-eabi/7.3.1/../../../../arm-none-eabi/lib/thumb/v7e-m/fpv4-sp/hard/crt0.o (exit)
c:/st/stm32cubeide_1.0.1/stm32cubeide/plugins/com.st.stm32cube.ide.mcu.externaltools.gnu-tools-for-stm32.7-2018-q2-update.win32_1.5.0.202011040924/tools/bin/../lib/gcc/arm-none-eabi/7.3.1/../../../../arm-none-eabi/lib/thumb/v7e-m/fpv4-sp/hard\libc_nano.a(lib_a-impure.o)
                              c:/st/stm32cubeide_1.0.1/stm32cubeide/plugins/com.st.stm32cube.ide.mcu.externaltools.gnu-tools-for-stm32.7-2018-q2-update.win32_1.5.0.202011040924/tools/bin/../lib/gcc/arm-none-eabi/7.3.1/../../../../arm-none-eabi/lib/thumb/v7e-m/fpv4-sp/hard\libc_nano.a(lib_a-exit.o) (_global_impure_ptr)
c:/st/stm32cubeide_1.0.1/stm32cubeide/plugins/com.st.stm32cube.ide.mcu.externaltools.gnu-tools-for-stm32.7-2018-q2-update.win32_1.5.0.202011040924/tools/bin/../lib/gcc/arm-none-eabi/7.3.1/../../../../arm-none-eabi/lib/thumb/v7e-m/fpv4-sp/hard\libc_nano.a(lib_a-init.o)
                              c:/st/stm32cubeide_1.0.1/stm32cubeide/plugins/com.st.stm32cube.ide.mcu.externaltools.gnu-tools-for-stm32.7-2018-q2-update.win32_1.5.0.202011040924/tools/bin/../lib/gcc/arm-none-eabi/7.3.1/../../../../arm-none-eabi/lib/thumb/v7e-m/fpv4-sp/hard/crt0.o (__libc_init_array)
c:/st/stm32cubeide_1.0.1/stm32cubeide/plugins/com.st.stm32cube.ide.mcu.externaltools.gnu-tools-for-stm32.7-2018-q2-update.win32_1.5.0.202011040924/tools/bin/../lib/gcc/arm-none-eabi/7.3.1/../../../../arm-none-eabi/lib/thumb/v7e-m/fpv4-sp/hard\libc_nano.a(lib_a-memset.o)
                              c:/st/stm32cubeide_1.0.1/stm32cubeide/plugins/com.st.stm32cube.ide.mcu.externaltools.gnu-tools-for-stm32.7-2018-q2-update.win32_1.5.0.202011040924/tools/bin/../lib/gcc/arm-none-eabi/7.3.1/../../../../arm-none-eabi/lib/thumb/v7e-m/fpv4-sp/hard/crt0.o (memset)
c:/st/stm32cubeide_1.0.1/stm32cubeide/plugins/com.st.stm32cube.ide.mcu.externaltools.gnu-tools-for-stm32.7-2018-q2-update.win32_1.5.0.202011040924/tools/bin/../lib/gcc/arm-none-eabi/7.3.1/../../../../arm-none-eabi/lib/thumb/v7e-m/fpv4-sp/hard\libc_nano.a(lib_a-sprintf.o)
                              Components/Src/lcd.o (sprintf)
c:/st/stm32cubeide_1.0.1/stm32cubeide/plugins/com.st.stm32cube.ide.mcu.externaltools.gnu-tools-for-stm32.7-2018-q2-update.win32_1.5.0.202011040924/tools/bin/../lib/gcc/arm-none-eabi/7.3.1/../../../../arm-none-eabi/lib/thumb/v7e-m/fpv4-sp/hard\libc_nano.a(lib_a-strlen.o)
                              Components/Src/lcd.o (strlen)
c:/st/stm32cubeide_1.0.1/stm32cubeide/plugins/com.st.stm32cube.ide.mcu.externaltools.gnu-tools-for-stm32.7-2018-q2-update.win32_1.5.0.202011040924/tools/bin/../lib/gcc/arm-none-eabi/7.3.1/../../../../arm-none-eabi/lib/thumb/v7e-m/fpv4-sp/hard\libc_nano.a(lib_a-vsprintf.o)
                              Components/Src/lcd.o (vsprintf)
c:/st/stm32cubeide_1.0.1/stm32cubeide/plugins/com.st.stm32cube.ide.mcu.externaltools.gnu-tools-for-stm32.7-2018-q2-update.win32_1.5.0.202011040924/tools/bin/../lib/gcc/arm-none-eabi/7.3.1/../../../../arm-none-eabi/lib/thumb/v7e-m/fpv4-sp/hard\libc_nano.a(lib_a-nano-svfprintf.o)
                              c:/st/stm32cubeide_1.0.1/stm32cubeide/plugins/com.st.stm32cube.ide.mcu.externaltools.gnu-tools-for-stm32.7-2018-q2-update.win32_1.5.0.202011040924/tools/bin/../lib/gcc/arm-none-eabi/7.3.1/../../../../arm-none-eabi/lib/thumb/v7e-m/fpv4-sp/hard\libc_nano.a(lib_a-sprintf.o) (_svfprintf_r)
c:/st/stm32cubeide_1.0.1/stm32cubeide/plugins/com.st.stm32cube.ide.mcu.externaltools.gnu-tools-for-stm32.7-2018-q2-update.win32_1.5.0.202011040924/tools/bin/../lib/gcc/arm-none-eabi/7.3.1/../../../../arm-none-eabi/lib/thumb/v7e-m/fpv4-sp/hard\libc_nano.a(lib_a-nano-vfprintf_i.o)
                              c:/st/stm32cubeide_1.0.1/stm32cubeide/plugins/com.st.stm32cube.ide.mcu.externaltools.gnu-tools-for-stm32.7-2018-q2-update.win32_1.5.0.202011040924/tools/bin/../lib/gcc/arm-none-eabi/7.3.1/../../../../arm-none-eabi/lib/thumb/v7e-m/fpv4-sp/hard\libc_nano.a(lib_a-nano-svfprintf.o) (_printf_i)
[...]
Memory Configuration

Name             Origin             Length             Attributes
RAM              0x0000000020000000 0x0000000000050000 xrw
FLASH            0x0000000008000000 0x0000000000100000 xr
*default*        0x0000000000000000 0xffffffffffffffff

Linker script and memory map

LOAD c:/st/stm32cubeide_1.0.1/stm32cubeide/plugins/com.st.stm32cube.ide.mcu.externaltools.gnu-tools-for-stm32.7-2018-q2-update.win32_1.5.0.202011040924/tools/bin/../lib/gcc/arm-none-eabi/7.3.1/thumb/v7e-m/fpv4-sp/hard/crti.o
LOAD c:/st/stm32cubeide_1.0.1/stm32cubeide/plugins/com.st.stm32cube.ide.mcu.externaltools.gnu-tools-for-stm32.7-2018-q2-update.win32_1.5.0.202011040924/tools/bin/../lib/gcc/arm-none-eabi/7.3.1/thumb/v7e-m/fpv4-sp/hard/crtbegin.o
LOAD c:/st/stm32cubeide_1.0.1/stm32cubeide/plugins/com.st.stm32cube.ide.mcu.externaltools.gnu-tools-for-stm32.7-2018-q2-update.win32_1.5.0.202011040924/tools/bin/../lib/gcc/arm-none-eabi/7.3.1/../../../../arm-none-eabi/lib/thumb/v7e-m/fpv4-sp/hard/crt0.o
LOAD Components/Src/bh1750.o
LOAD Components/Src/bh1750_config.o
LOAD Components/Src/bmp280.o
LOAD Components/Src/bmp280_config.o
LOAD Components/Src/btn.o
LOAD Components/Src/btn_config.o
LOAD Components/Src/dimmer.o
LOAD Components/Src/dimmer_config.o
LOAD Components/Src/encoder.o
LOAD Components/Src/encoder_config.o
LOAD Components/Src/heater_pwm.o
LOAD Components/Src/heater_pwm_config.o
LOAD Components/Src/lcd.o
LOAD Components/Src/lcd_config.o
LOAD Components/Src/led.o
LOAD Components/Src/led_config.o
LOAD Components/Src/led_pwm.o
LOAD Components/Src/led_pwm_config.o
LOAD Components/Src/led_rgb.o
LOAD Components/Src/led_rgb_config.o
LOAD Core/Src/adc.o
LOAD Core/Src/dac.o
LOAD Core/Src/dma.o
LOAD Core/Src/gpio.o
LOAD Core/Src/i2c.o
LOAD Core/Src/main.o
LOAD Core/Src/spi.o
LOAD Core/Src/stm32f7xx_hal_msp.o
LOAD Core/Src/stm32f7xx_it.o
LOAD Core/Src/syscalls.o
LOAD Core/Src/sysmem.o
LOAD Core/Src/system_stm32f7xx.o
LOAD Core/Src/tim.o
LOAD Core/Src/usart.o
LOAD Core/Startup/startup_stm32f746zgtx.o
LOAD Drivers/STM32F7xx_HAL_Driver/Src/stm32f7xx_hal.o
LOAD Drivers/STM32F7xx_HAL_Driver/Src/stm32f7xx_hal_adc.o
LOAD Drivers/STM32F7xx_HAL_Driver/Src/stm32f7xx_hal_adc_ex.o
LOAD Drivers/STM32F7xx_HAL_Driver/Src/stm32f7xx_hal_cortex.o
LOAD Drivers/STM32F7xx_HAL_Driver/Src/stm32f7xx_hal_dac.o
LOAD Drivers/STM32F7xx_HAL_Driver/Src/stm32f7xx_hal_dac_ex.o
LOAD Drivers/STM32F7xx_HAL_Driver/Src/stm32f7xx_hal_dma.o
LOAD Drivers/STM32F7xx_HAL_Driver/Src/stm32f7xx_hal_dma_ex.o
LOAD Drivers/STM32F7xx_HAL_Driver/Src/stm32f7xx_hal_exti.o
LOAD Drivers/STM32F7xx_HAL_Driver/Src/stm32f7xx_hal_flash.o
LOAD Drivers/STM32F7xx_HAL_Driver/Src/stm32f7xx_hal_flash_ex.o
LOAD Drivers/STM32F7xx_HAL_Driver/Src/stm32f7xx_hal_gpio.o
LOAD Drivers/STM32F7xx_HAL_Driver/Src/stm32f7xx_hal_i2c.o
LOAD Drivers/STM32F7xx_HAL_Driver/Src/stm32f7xx_hal_i2c_ex.o
LOAD Drivers/STM32F7xx_HAL_Driver/Src/stm32f7xx_hal_pwr.o
LOAD Drivers/STM32F7xx_HAL_Driver/Src/stm32f7xx_hal_pwr_ex.o
LOAD Drivers/STM32F7xx_HAL_Driver/Src/stm32f7xx_hal_rcc.o
LOAD Drivers/STM32F7xx_HAL_Driver/Src/stm32f7xx_hal_rcc_ex.o
LOAD Drivers/STM32F7xx_HAL_Driver/Src/stm32f7xx_hal_spi.o
LOAD Drivers/STM32F7xx_HAL_Driver/Src/stm32f7xx_hal_spi_ex.o
LOAD Drivers/STM32F7xx_HAL_Driver/Src/stm32f7xx_hal_tim.o
LOAD Drivers/STM32F7xx_HAL_Driver/Src/stm32f7xx_hal_tim_ex.o
LOAD Drivers/STM32F7xx_HAL_Driver/Src/stm32f7xx_hal_uart.o
LOAD Drivers/STM32F7xx_HAL_Driver/Src/stm32f7xx_hal_uart_ex.o
START GROUP
LOAD c:/st/stm32cubeide_1.0.1/stm32cubeide/plugins/com.st.stm32cube.ide.mcu.externaltools.gnu-tools-for-stm32.7-2018-q2-update.win32_1.5.0.202011040924/tools/bin/../lib/gcc/arm-none-eabi/7.3.1/../../../../arm-none-eabi/lib/thumb/v7e-m/fpv4-sp/hard\libc_nano.a
LOAD c:/st/stm32cubeide_1.0.1/stm32cubeide/plugins/com.st.stm32cube.ide.mcu.externaltools.gnu-tools-for-stm32.7-2018-q2-update.win32_1.5.0.202011040924/tools/bin/../lib/gcc/arm-none-eabi/7.3.1/../../../../arm-none-eabi/lib/thumb/v7e-m/fpv4-sp/hard\libm.a
END GROUP
START GROUP
LOAD c:/st/stm32cubeide_1.0.1/stm32cubeide/plugins/com.st.stm32cube.ide.mcu.externaltools.gnu-tools-for-stm32.7-2018-q2-update.win32_1.5.0.202011040924/tools/bin/../lib/gcc/arm-none-eabi/7.3.1/thumb/v7e-m/fpv4-sp/hard\libgcc.a
LOAD c:/st/stm32cubeide_1.0.1/stm32cubeide/plugins/com.st.stm32cube.ide.mcu.externaltools.gnu-tools-for-stm32.7-2018-q2-update.win32_1.5.0.202011040924/tools/bin/../lib/gcc/arm-none-eabi/7.3.1/../../../../arm-none-eabi/lib/thumb/v7e-m/fpv4-sp/hard\libc_nano.a
END GROUP
START GROUP
LOAD c:/st/stm32cubeide_1.0.1/stm32cubeide/plugins/com.st.stm32cube.ide.mcu.externaltools.gnu-tools-for-stm32.7-2018-q2-update.win32_1.5.0.202011040924/tools/bin/../lib/gcc/arm-none-eabi/7.3.1/thumb/v7e-m/fpv4-sp/hard\libgcc.a
LOAD c:/st/stm32cubeide_1.0.1/stm32cubeide/plugins/com.st.stm32cube.ide.mcu.externaltools.gnu-tools-for-stm32.7-2018-q2-update.win32_1.5.0.202011040924/tools/bin/../lib/gcc/arm-none-eabi/7.3.1/../../../../arm-none-eabi/lib/thumb/v7e-m/fpv4-sp/hard\libc_nano.a
LOAD c:/st/stm32cubeide_1.0.1/stm32cubeide/plugins/com.st.stm32cube.ide.mcu.externaltools.gnu-tools-for-stm32.7-2018-q2-update.win32_1.5.0.202011040924/tools/bin/../lib/gcc/arm-none-eabi/7.3.1/../../../../arm-none-eabi/lib/thumb/v7e-m/fpv4-sp/hard\libnosys.a
END GROUP
START GROUP
LOAD c:/st/stm32cubeide_1.0.1/stm32cubeide/plugins/com.st.stm32cube.ide.mcu.externaltools.gnu-tools-for-stm32.7-2018-q2-update.win32_1.5.0.202011040924/tools/bin/../lib/gcc/arm-none-eabi/7.3.1/thumb/v7e-m/fpv4-sp/hard\libgcc.a
LOAD c:/st/stm32cubeide_1.0.1/stm32cubeide/plugins/com.st.stm32cube.ide.mcu.externaltools.gnu-tools-for-stm32.7-2018-q2-update.win32_1.5.0.202011040924/tools/bin/../lib/gcc/arm-none-eabi/7.3.1/../../../../arm-none-eabi/lib/thumb/v7e-m/fpv4-sp/hard\libc_nano.a
LOAD c:/st/stm32cubeide_1.0.1/stm32cubeide/plugins/com.st.stm32cube.ide.mcu.externaltools.gnu-tools-for-stm32.7-2018-q2-update.win32_1.5.0.202011040924/tools/bin/../lib/gcc/arm-none-eabi/7.3.1/../../../../arm-none-eabi/lib/thumb/v7e-m/fpv4-sp/hard\libnosys.a
END GROUP
LOAD c:/st/stm32cubeide_1.0.1/stm32cubeide/plugins/com.st.stm32cube.ide.mcu.externaltools.gnu-tools-for-stm32.7-2018-q2-update.win32_1.5.0.202011040924/tools/bin/../lib/gcc/arm-none-eabi/7.3.1/thumb/v7e-m/fpv4-sp/hard/crtend.o
LOAD c:/st/stm32cubeide_1.0.1/stm32cubeide/plugins/com.st.stm32cube.ide.mcu.externaltools.gnu-tools-for-stm32.7-2018-q2-update.win32_1.5.0.202011040924/tools/bin/../lib/gcc/arm-none-eabi/7.3.1/thumb/v7e-m/fpv4-sp/hard/crtn.o
                0x0000000020050000                _estack = (ORIGIN (RAM) + LENGTH (RAM))
                0x0000000000000200                _Min_Heap_Size = 0x200
                0x0000000000000400                _Min_Stack_Size = 0x400

.isr_vector     0x0000000008000000      0x1c8
                0x0000000008000000                . = ALIGN (0x4)
 *(.isr_vector)
 .isr_vector    0x0000000008000000      0x1c8 Core/Startup/startup_stm32f746zgtx.o
                0x0000000008000000                g_pfnVectors
                0x00000000080001c8                . = ALIGN (0x4)

.text           0x00000000080001d0     0x9c30
                0x00000000080001d0                . = ALIGN (0x4)
 *(.text)
 .text          0x00000000080001d0       0x40 c:/st/stm32cubeide_1.0.1/stm32cubeide/plugins/com.st.stm32cube.ide.mcu.externaltools.gnu-tools-for-stm32.7-2018-q2-update.win32_1.5.0.202011040924/tools/bin/../lib/gcc/arm-none-eabi/7.3.1/thumb/v7e-m/fpv4-sp/hard/crtbegin.o
 .text          0x0000000008000210       0x10 c:/st/stm32cubeide_1.0.1/stm32cubeide/plugins/com.st.stm32cube.ide.mcu.externaltools.gnu-tools-for-stm32.7-2018-q2-update.win32_1.5.0.202011040924/tools/bin/../lib/gcc/arm-none-eabi/7.3.1/../../../../arm-none-eabi/lib/thumb/v7e-m/fpv4-sp/hard\libc_nano.a(lib_a-strlen.o)
                0x0000000008000210                strlen
 .text          0x0000000008000220       0xa0 c:/st/stm32cubeide_1.0.1/stm32cubeide/plugins/com.st.stm32cube.ide.mcu.externaltools.gnu-tools-for-stm32.7-2018-q2-update.win32_1.5.0.202011040924/tools/bin/../lib/gcc/arm-none-eabi/7.3.1/../../../../arm-none-eabi/lib/thumb/v7e-m/fpv4-sp/hard\libc_nano.a(lib_a-memchr.o)
                0x0000000008000220                memchr
 .text          0x00000000080002c0      0x378 c:/st/stm32cubeide_1.0.1/stm32cubeide/plugins/com.st.stm32cube.ide.mcu.externaltools.gnu-tools-for-stm32.7-2018-q2-update.win32_1.5.0.202011040924/tools/bin/../lib/gcc/arm-none-eabi/7.3.1/thumb/v7e-m/fpv4-sp/hard\libgcc.a(_arm_addsubdf3.o)
                0x00000000080002c0                __aeabi_drsub
                0x00000000080002c8                __aeabi_dsub
                0x00000000080002c8                __subdf3
                0x00000000080002cc                __aeabi_dadd
                0x00000000080002cc                __adddf3
                0x0000000008000544                __floatunsidf
                0x0000000008000544                __aeabi_ui2d
                0x0000000008000564                __floatsidf
                0x0000000008000564                __aeabi_i2d
                0x0000000008000588                __aeabi_f2d
                0x0000000008000588                __extendsfdf2
                0x00000000080005cc                __floatundidf
                0x00000000080005cc                __aeabi_ul2d
                0x00000000080005dc                __floatdidf
                0x00000000080005dc                __aeabi_l2d
 .text          0x0000000008000638      0x424 c:/st/stm32cubeide_1.0.1/stm32cubeide/plugins/com.st.stm32cube.ide.mcu.externaltools.gnu-tools-for-stm32.7-2018-q2-update.win32_1.5.0.202011040924/tools/bin/../lib/gcc/arm-none-eabi/7.3.1/thumb/v7e-m/fpv4-sp/hard\libgcc.a(_arm_muldivdf3.o)
                0x0000000008000638                __aeabi_dmul
                0x0000000008000638                __muldf3
                0x000000000800088c                __divdf3
                0x000000000800088c                __aeabi_ddiv
 .text          0x0000000008000a5c       0x40 c:/st/stm32cubeide_1.0.1/stm32cubeide/plugins/com.st.stm32cube.ide.mcu.externaltools.gnu-tools-for-stm32.7-2018-q2-update.win32_1.5.0.202011040924/tools/bin/../lib/gcc/arm-none-eabi/7.3.1/thumb/v7e-m/fpv4-sp/hard\libgcc.a(_arm_fixunsdfsi.o)
                0x0000000008000a5c                __aeabi_d2uiz
                0x0000000008000a5c                __fixunsdfsi
 .text          0x0000000008000a9c       0xa0 c:/st/stm32cubeide_1.0.1/stm32cubeide/plugins/com.st.stm32cube.ide.mcu.externaltools.gnu-tools-for-stm32.7-2018-q2-update.win32_1.5.0.202011040924/tools/bin/../lib/gcc/arm-none-eabi/7.3.1/thumb/v7e-m/fpv4-sp/hard\libgcc.a(_arm_truncdfsf2.o)
                0x0000000008000a9c                __truncdfsf2
                0x0000000008000a9c                __aeabi_d2f
 .text          0x0000000008000b3c       0x30 c:/st/stm32cubeide_1.0.1/stm32cubeide/plugins/com.st.stm32cube.ide.mcu.externaltools.gnu-tools-for-stm32.7-2018-q2-update.win32_1.5.0.202011040924/tools/bin/../lib/gcc/arm-none-eabi/7.3.1/thumb/v7e-m/fpv4-sp/hard\libgcc.a(_aeabi_uldivmod.o)
                0x0000000008000b3c                __aeabi_uldivmod
 .text          0x0000000008000b6c      0x2cc c:/st/stm32cubeide_1.0.1/stm32cubeide/plugins/com.st.stm32cube.ide.mcu.externaltools.gnu-tools-for-stm32.7-2018-q2-update.win32_1.5.0.202011040924/tools/bin/../lib/gcc/arm-none-eabi/7.3.1/thumb/v7e-m/fpv4-sp/hard\libgcc.a(_udivmoddi4.o)
                0x0000000008000b6c                __udivmoddi4
 .text          0x0000000008000e38        0x4 c:/st/stm32cubeide_1.0.1/stm32cubeide/plugins/com.st.stm32cube.ide.mcu.externaltools.gnu-tools-for-stm32.7-2018-q2-update.win32_1.5.0.202011040924/tools/bin/../lib/gcc/arm-none-eabi/7.3.1/thumb/v7e-m/fpv4-sp/hard\libgcc.a(_dvmd_tls.o)
                0x0000000008000e38                __aeabi_idiv0
                0x0000000008000e38                __aeabi_ldiv0
 *(.text*)
 .text.BH1750_Init
                0x0000000008000e3c       0x4c Components/Src/bh1750.o
                0x0000000008000e3c                BH1750_Init
 .text.BH1750_ReadLux
                0x0000000008000e88       0x5c Components/Src/bh1750.o
                0x0000000008000e88                BH1750_ReadLux
 .text.bmp280_get_regs
                0x0000000008000ee4       0x6e Components/Src/bmp280.o
                0x0000000008000ee4                bmp280_get_regs
 .text.bmp280_set_regs
                0x0000000008000f52       0xdc Components/Src/bmp280.o
                0x0000000008000f52                bmp280_set_regs
 .text.bmp280_soft_reset
                0x000000000800102e       0x4a Components/Src/bmp280.o
                0x000000000800102e                bmp280_soft_reset
 .text.bmp280_init
                0x0000000008001078       0xcc Components/Src/bmp280.o
                0x0000000008001078                bmp280_init
 .text.bmp280_get_config
                0x0000000008001144       0xa4 Components/Src/bmp280.o
                0x0000000008001144                bmp280_get_config
 .text.bmp280_set_config
                0x00000000080011e8       0x1e Components/Src/bmp280.o
                0x00000000080011e8                bmp280_set_config
 .text.bmp280_set_power_mode
                0x0000000008001206       0x3e Components/Src/bmp280.o
                0x0000000008001206                bmp280_set_power_mode
 .text.bmp280_get_uncomp_data
                0x0000000008001244       0x9e Components/Src/bmp280.o
                0x0000000008001244                bmp280_get_uncomp_data
 .text.bmp280_get_comp_temp_32bit
                0x00000000080012e2       0xd6 Components/Src/bmp280.o
                0x00000000080012e2                bmp280_get_comp_temp_32bit
 .text.null_ptr_check
                0x00000000080013b8       0x40 Components/Src/bmp280.o
 .text.interleave_data
                0x00000000080013f8       0x56 Components/Src/bmp280.o
 .text.get_calib_param
                0x000000000800144e      0x13a Components/Src/bmp280.o
 .text.conf_sensor
                0x0000000008001588      0x174 Components/Src/bmp280.o
 .text.st_check_boundaries
                0x00000000080016fc       0x70 Components/Src/bmp280.o
 .text.BMP280_Init
                0x000000000800176c       0x5a Components/Src/bmp280_config.o
                0x000000000800176c                BMP280_Init
 *fill*         0x00000000080017c6        0x2 
 .text.bmp280_spi_reg_write
                0x00000000080017c8       0xe8 Components/Src/bmp280_config.o
                0x00000000080017c8                bmp280_spi_reg_write
 .text.bmp280_spi_reg_read
                0x00000000080018b0      0x11c Components/Src/bmp280_config.o
                0x00000000080018b0                bmp280_spi_reg_read
 .text.LAMP_StartTimer
                0x00000000080019cc       0x94 Components/Src/dimmer.o
                0x00000000080019cc                LAMP_StartTimer
 .text.LAMP_TriacFiring
                0x0000000008001a60       0x46 Components/Src/dimmer.o
                0x0000000008001a60                LAMP_TriacFiring
 .text.ENC_Init
                0x0000000008001aa6       0x1c Components/Src/encoder.o
                0x0000000008001aa6                ENC_Init
 .text.ENC_GetCounter
                0x0000000008001ac2       0x24 Components/Src/encoder.o
                0x0000000008001ac2                ENC_GetCounter
 .text.HEATER_PWM_Init
                0x0000000008001ae6       0x20 Components/Src/heater_pwm.o
                0x0000000008001ae6                HEATER_PWM_Init
 *fill*         0x0000000008001b06        0x2 
 .text.HEATER_PWM_SetDuty
                0x0000000008001b08       0xb8 Components/Src/heater_pwm.o
                0x0000000008001b08                HEATER_PWM_SetDuty
 .text.lcd_write_command
                0x0000000008001bc0       0x5c Components/Src/lcd.o
                0x0000000008001bc0                lcd_write_command
 .text.lcd_write_data
                0x0000000008001c1c       0x5c Components/Src/lcd.o
                0x0000000008001c1c                lcd_write_data
 .text.lcd_write
                0x0000000008001c78       0x80 Components/Src/lcd.o
                0x0000000008001c78                lcd_write
 .text.LCD_Init
                0x0000000008001cf8       0x52 Components/Src/lcd.o
                0x0000000008001cf8                LCD_Init
 .text.LCD_printStr
                0x0000000008001d4a       0x3c Components/Src/lcd.o
                0x0000000008001d4a                LCD_printStr
 *fill*         0x0000000008001d86        0x2 
 .text.LCD_SetCursor
                0x0000000008001d88       0x34 Components/Src/lcd.o
                0x0000000008001d88                LCD_SetCursor
 .text.LCD_printf
                0x0000000008001dbc       0x38 Components/Src/lcd.o
                0x0000000008001dbc                LCD_printf
 .text.LED_On   0x0000000008001df4       0x48 Components/Src/led.o
                0x0000000008001df4                LED_On
 .text.LED_Off  0x0000000008001e3c       0x48 Components/Src/led.o
                0x0000000008001e3c                LED_Off
 .text.LED_Check
                0x0000000008001e84       0x4a Components/Src/led.o
                0x0000000008001e84                LED_Check
 .text.LED_RGB_Init
                0x0000000008001ece       0x40 Components/Src/led_rgb.o
                0x0000000008001ece                LED_RGB_Init
 *fill*         0x0000000008001f0e        0x2 
 .text.LED_RGB_SetDuty
                0x0000000008001f10       0xdc Components/Src/led_rgb.o
                0x0000000008001f10                LED_RGB_SetDuty
 .text.MX_ADC1_Init
                0x0000000008001fec       0xc0 Core/Src/adc.o
                0x0000000008001fec                MX_ADC1_Init
 .text.HAL_ADC_MspInit
                0x00000000080020ac      0x11c Core/Src/adc.o
                0x00000000080020ac                HAL_ADC_MspInit
 .text.MX_DAC_Init
                0x00000000080021c8       0x54 Core/Src/dac.o
                0x00000000080021c8                MX_DAC_Init
 .text.HAL_DAC_MspInit
                0x000000000800221c       0xf8 Core/Src/dac.o
                0x000000000800221c                HAL_DAC_MspInit
 .text.MX_DMA_Init
                0x0000000008002314       0x64 Core/Src/dma.o
                0x0000000008002314                MX_DMA_Init
 .text.MX_GPIO_Init
                0x0000000008002378      0x3d8 Core/Src/gpio.o
                0x0000000008002378                MX_GPIO_Init
 .text.MX_I2C1_Init
                0x0000000008002750       0x80 Core/Src/i2c.o
                0x0000000008002750                MX_I2C1_Init
 .text.HAL_I2C_MspInit
                0x00000000080027d0       0x88 Core/Src/i2c.o
                0x00000000080027d0                HAL_I2C_MspInit
 .text.HAL_GPIO_EXTI_Callback
                0x0000000008002858       0x88 Core/Src/main.o
                0x0000000008002858                HAL_GPIO_EXTI_Callback
 .text.HAL_TIM_PeriodElapsedCallback
                0x00000000080028e0       0x28 Core/Src/main.o
                0x00000000080028e0                HAL_TIM_PeriodElapsedCallback
 .text.HAL_ADC_ConvCpltCallback
                0x0000000008002908      0x110 Core/Src/main.o
                0x0000000008002908                HAL_ADC_ConvCpltCallback
 .text.main     0x0000000008002a18      0x490 Core/Src/main.o
                0x0000000008002a18                main
 .text.SystemClock_Config
                0x0000000008002ea8      0x128 Core/Src/main.o
                0x0000000008002ea8                SystemClock_Config
 .text.LED_Handler
                0x0000000008002fd0       0x90 Core/Src/main.o
                0x0000000008002fd0                LED_Handler
 .text.Error_Handler
                0x0000000008003060        0xe Core/Src/main.o
                0x0000000008003060                Error_Handler
 *fill*         0x000000000800306e        0x2 
 .text.MX_SPI4_Init
                0x0000000008003070       0x7c Core/Src/spi.o
                0x0000000008003070                MX_SPI4_Init
 .text.HAL_SPI_MspInit
                0x00000000080030ec       0x88 Core/Src/spi.o
                0x00000000080030ec                HAL_SPI_MspInit
 .text.HAL_MspInit
                0x0000000008003174       0x48 Core/Src/stm32f7xx_hal_msp.o
                0x0000000008003174                HAL_MspInit
 .text.NMI_Handler
                0x00000000080031bc        0xe Core/Src/stm32f7xx_it.o
                0x00000000080031bc                NMI_Handler
 .text.HardFault_Handler
                0x00000000080031ca        0x6 Core/Src/stm32f7xx_it.o
                0x00000000080031ca                HardFault_Handler
 .text.MemManage_Handler
                0x00000000080031d0        0x6 Core/Src/stm32f7xx_it.o
                0x00000000080031d0                MemManage_Handler
 .text.BusFault_Handler
                0x00000000080031d6        0x6 Core/Src/stm32f7xx_it.o
                0x00000000080031d6                BusFault_Handler
 .text.UsageFault_Handler
                0x00000000080031dc        0x6 Core/Src/stm32f7xx_it.o
                0x00000000080031dc                UsageFault_Handler
 .text.SVC_Handler
                0x00000000080031e2        0xe Core/Src/stm32f7xx_it.o
                0x00000000080031e2                SVC_Handler
 .text.DebugMon_Handler
                0x00000000080031f0        0xe Core/Src/stm32f7xx_it.o
                0x00000000080031f0                DebugMon_Handler
 .text.PendSV_Handler
                0x00000000080031fe        0xe Core/Src/stm32f7xx_it.o
                0x00000000080031fe                PendSV_Handler
 .text.SysTick_Handler
                0x000000000800320c        0xc Core/Src/stm32f7xx_it.o
                0x000000000800320c                SysTick_Handler
 .text.DMA1_Stream5_IRQHandler
                0x0000000008003218       0x14 Core/Src/stm32f7xx_it.o
                0x0000000008003218                DMA1_Stream5_IRQHandler
 .text.EXTI9_5_IRQHandler
                0x000000000800322c        0xe Core/Src/stm32f7xx_it.o
                0x000000000800322c                EXTI9_5_IRQHandler
 *fill*         0x000000000800323a        0x2 
 .text.TIM2_IRQHandler
                0x000000000800323c       0x14 Core/Src/stm32f7xx_it.o
                0x000000000800323c                TIM2_IRQHandler
 .text.USART3_IRQHandler
                0x0000000008003250       0x14 Core/Src/stm32f7xx_it.o
                0x0000000008003250                USART3_IRQHandler
 .text.EXTI15_10_IRQHandler
                0x0000000008003264       0x28 Core/Src/stm32f7xx_it.o
                0x0000000008003264                EXTI15_10_IRQHandler
 .text.TIM6_DAC_IRQHandler
                0x000000000800328c       0x1c Core/Src/stm32f7xx_it.o
                0x000000000800328c                TIM6_DAC_IRQHandler
 .text.DMA2_Stream0_IRQHandler
                0x00000000080032a8       0x14 Core/Src/stm32f7xx_it.o
                0x00000000080032a8                DMA2_Stream0_IRQHandler
 .text._sbrk    0x00000000080032bc       0x6c Core/Src/sysmem.o
                0x00000000080032bc                _sbrk
 .text.SystemInit
                0x0000000008003328       0x2c Core/Src/system_stm32f7xx.o
                0x0000000008003328                SystemInit
 .text.MX_TIM2_Init
                0x0000000008003354       0xac Core/Src/tim.o
                0x0000000008003354                MX_TIM2_Init
 .text.MX_TIM3_Init
                0x0000000008003400      0x130 Core/Src/tim.o
                0x0000000008003400                MX_TIM3_Init
 .text.MX_TIM4_Init
                0x0000000008003530       0xa8 Core/Src/tim.o
                0x0000000008003530                MX_TIM4_Init
 .text.HAL_TIM_Base_MspInit
                0x00000000080035d8       0xa8 Core/Src/tim.o
                0x00000000080035d8                HAL_TIM_Base_MspInit
 .text.HAL_TIM_Encoder_MspInit
                0x0000000008003680       0x88 Core/Src/tim.o
                0x0000000008003680                HAL_TIM_Encoder_MspInit
 .text.HAL_TIM_MspPostInit
                0x0000000008003708       0xac Core/Src/tim.o
                0x0000000008003708                HAL_TIM_MspPostInit
 .text.MX_USART3_UART_Init
                0x00000000080037b4       0x60 Core/Src/usart.o
                0x00000000080037b4                MX_USART3_UART_Init
 .text.HAL_UART_MspInit
                0x0000000008003814       0x98 Core/Src/usart.o
                0x0000000008003814                HAL_UART_MspInit
 .text.Reset_Handler
                0x00000000080038ac       0x50 Core/Startup/startup_stm32f746zgtx.o
                0x00000000080038ac                Reset_Handler
 .text.Default_Handler
                0x00000000080038fc        0x2 Core/Startup/startup_stm32f746zgtx.o
                0x00000000080038fc                RTC_Alarm_IRQHandler
                0x00000000080038fc                EXTI2_IRQHandler
                0x00000000080038fc                TIM8_CC_IRQHandler
                0x00000000080038fc                UART8_IRQHandler
                0x00000000080038fc                SPI4_IRQHandler
                0x00000000080038fc                TIM1_CC_IRQHandler
                0x00000000080038fc                DMA2_Stream5_IRQHandler
                0x00000000080038fc                PVD_IRQHandler
                0x00000000080038fc                TAMP_STAMP_IRQHandler
                0x00000000080038fc                CAN2_RX1_IRQHandler
                0x00000000080038fc                EXTI3_IRQHandler
                0x00000000080038fc                TIM8_TRG_COM_TIM14_IRQHandler
                0x00000000080038fc                TIM1_UP_TIM10_IRQHandler
                0x00000000080038fc                TIM8_UP_TIM13_IRQHandler
                0x00000000080038fc                I2C3_ER_IRQHandler
                0x00000000080038fc                EXTI0_IRQHandler
                0x00000000080038fc                I2C2_EV_IRQHandler
                0x00000000080038fc                DMA1_Stream2_IRQHandler
                0x00000000080038fc                CAN1_RX0_IRQHandler
                0x00000000080038fc                FPU_IRQHandler
                0x00000000080038fc                OTG_HS_WKUP_IRQHandler
                0x00000000080038fc                LTDC_ER_IRQHandler
                0x00000000080038fc                CAN2_SCE_IRQHandler
                0x00000000080038fc                DMA2_Stream2_IRQHandler
                0x00000000080038fc                SPI1_IRQHandler
                0x00000000080038fc                TIM1_BRK_TIM9_IRQHandler
                0x00000000080038fc                DCMI_IRQHandler
                0x00000000080038fc                CAN2_RX0_IRQHandler
                0x00000000080038fc                DMA2_Stream3_IRQHandler
                0x00000000080038fc                SAI2_IRQHandler
                0x00000000080038fc                USART6_IRQHandler
                0x00000000080038fc                CAN1_RX1_IRQHandler
                0x00000000080038fc                UART5_IRQHandler
                0x00000000080038fc                TIM4_IRQHandler
                0x00000000080038fc                QUADSPI_IRQHandler
                0x00000000080038fc                I2C1_EV_IRQHandler
                0x00000000080038fc                DMA1_Stream6_IRQHandler
                0x00000000080038fc                DMA1_Stream1_IRQHandler
                0x00000000080038fc                UART4_IRQHandler
                0x00000000080038fc                TIM3_IRQHandler
                0x00000000080038fc                RCC_IRQHandler
                0x00000000080038fc                TIM8_BRK_TIM12_IRQHandler
                0x00000000080038fc                Default_Handler
                0x00000000080038fc                CEC_IRQHandler
                0x00000000080038fc                ADC_IRQHandler
                0x00000000080038fc                DMA1_Stream7_IRQHandler
                0x00000000080038fc                SPI5_IRQHandler
                0x00000000080038fc                TIM7_IRQHandler
                0x00000000080038fc                SDMMC1_IRQHandler
                0x00000000080038fc                CAN2_TX_IRQHandler
                0x00000000080038fc                TIM5_IRQHandler
                0x00000000080038fc                DMA2_Stream7_IRQHandler
                0x00000000080038fc                I2C3_EV_IRQHandler
                0x00000000080038fc                RTC_WKUP_IRQHandler
                0x00000000080038fc                LTDC_IRQHandler
                0x00000000080038fc                ETH_WKUP_IRQHandler
                0x00000000080038fc                SPDIF_RX_IRQHandler
                0x00000000080038fc                SPI2_IRQHandler
                0x00000000080038fc                OTG_HS_EP1_IN_IRQHandler
                0x00000000080038fc                DMA1_Stream0_IRQHandler
                0x00000000080038fc                CAN1_TX_IRQHandler
                0x00000000080038fc                EXTI4_IRQHandler
                0x00000000080038fc                RNG_IRQHandler
                0x00000000080038fc                ETH_IRQHandler
                0x00000000080038fc                OTG_HS_EP1_OUT_IRQHandler
                0x00000000080038fc                WWDG_IRQHandler
                0x00000000080038fc                SPI6_IRQHandler
                0x00000000080038fc                I2C4_EV_IRQHandler
                0x00000000080038fc                OTG_FS_WKUP_IRQHandler
                0x00000000080038fc                TIM1_TRG_COM_TIM11_IRQHandler
                0x00000000080038fc                OTG_HS_IRQHandler
                0x00000000080038fc                DMA2D_IRQHandler
                0x00000000080038fc                EXTI1_IRQHandler
                0x00000000080038fc                UART7_IRQHandler
                0x00000000080038fc                USART2_IRQHandler
                0x00000000080038fc                I2C2_ER_IRQHandler
                0x00000000080038fc                DMA2_Stream1_IRQHandler
                0x00000000080038fc                CAN1_SCE_IRQHandler
                0x00000000080038fc                FLASH_IRQHandler
                0x00000000080038fc                DMA2_Stream4_IRQHandler
                0x00000000080038fc                USART1_IRQHandler
                0x00000000080038fc                OTG_FS_IRQHandler
                0x00000000080038fc                SPI3_IRQHandler
                0x00000000080038fc                DMA1_Stream4_IRQHandler
                0x00000000080038fc                I2C1_ER_IRQHandler
                0x00000000080038fc                FMC_IRQHandler
                0x00000000080038fc                LPTIM1_IRQHandler
                0x00000000080038fc                I2C4_ER_IRQHandler
                0x00000000080038fc                DMA2_Stream6_IRQHandler
                0x00000000080038fc                SAI1_IRQHandler
                0x00000000080038fc                DMA1_Stream3_IRQHandler
 .text.HAL_Init
                0x00000000080038fe       0x1a Drivers/STM32F7xx_HAL_Driver/Src/stm32f7xx_hal.o
                0x00000000080038fe                HAL_Init
 .text.HAL_InitTick
                0x0000000008003918       0x60 Drivers/STM32F7xx_HAL_Driver/Src/stm32f7xx_hal.o
                0x0000000008003918                HAL_InitTick
 .text.HAL_IncTick
                0x0000000008003978       0x28 Drivers/STM32F7xx_HAL_Driver/Src/stm32f7xx_hal.o
                0x0000000008003978                HAL_IncTick
 .text.HAL_GetTick
                0x00000000080039a0       0x18 Drivers/STM32F7xx_HAL_Driver/Src/stm32f7xx_hal.o
                0x00000000080039a0                HAL_GetTick
 .text.HAL_Delay
                0x00000000080039b8       0x44 Drivers/STM32F7xx_HAL_Driver/Src/stm32f7xx_hal.o
                0x00000000080039b8                HAL_Delay
 .text.HAL_ADC_Init
                0x00000000080039fc       0x88 Drivers/STM32F7xx_HAL_Driver/Src/stm32f7xx_hal_adc.o
                0x00000000080039fc                HAL_ADC_Init
 .text.HAL_ADC_Start_DMA
                0x0000000008003a84      0x1dc Drivers/STM32F7xx_HAL_Driver/Src/stm32f7xx_hal_adc.o
                0x0000000008003a84                HAL_ADC_Start_DMA
 .text.HAL_ADC_ConvHalfCpltCallback
                0x0000000008003c60       0x14 Drivers/STM32F7xx_HAL_Driver/Src/stm32f7xx_hal_adc.o
                0x0000000008003c60                HAL_ADC_ConvHalfCpltCallback
 .text.HAL_ADC_ErrorCallback
                0x0000000008003c74       0x14 Drivers/STM32F7xx_HAL_Driver/Src/stm32f7xx_hal_adc.o
                0x0000000008003c74                HAL_ADC_ErrorCallback
 .text.HAL_ADC_ConfigChannel
                0x0000000008003c88      0x294 Drivers/STM32F7xx_HAL_Driver/Src/stm32f7xx_hal_adc.o
                0x0000000008003c88                HAL_ADC_ConfigChannel
 .text.ADC_Init
                0x0000000008003f1c      0x1f4 Drivers/STM32F7xx_HAL_Driver/Src/stm32f7xx_hal_adc.o
 .text.ADC_DMAConvCplt
                0x0000000008004110       0xba Drivers/STM32F7xx_HAL_Driver/Src/stm32f7xx_hal_adc.o
 .text.ADC_DMAHalfConvCplt
                0x00000000080041ca       0x1c Drivers/STM32F7xx_HAL_Driver/Src/stm32f7xx_hal_adc.o
 .text.ADC_DMAError
                0x00000000080041e6       0x2e Drivers/STM32F7xx_HAL_Driver/Src/stm32f7xx_hal_adc.o
 .text.__NVIC_SetPriorityGrouping
                0x0000000008004214       0x48 Drivers/STM32F7xx_HAL_Driver/Src/stm32f7xx_hal_cortex.o
 .text.__NVIC_GetPriorityGrouping
                0x000000000800425c       0x1c Drivers/STM32F7xx_HAL_Driver/Src/stm32f7xx_hal_cortex.o
 .text.__NVIC_EnableIRQ
                0x0000000008004278       0x3c Drivers/STM32F7xx_HAL_Driver/Src/stm32f7xx_hal_cortex.o
 .text.__NVIC_SetPriority
                0x00000000080042b4       0x54 Drivers/STM32F7xx_HAL_Driver/Src/stm32f7xx_hal_cortex.o
 .text.NVIC_EncodePriority
                0x0000000008004308       0x66 Drivers/STM32F7xx_HAL_Driver/Src/stm32f7xx_hal_cortex.o
 *fill*         0x000000000800436e        0x2 
 .text.SysTick_Config
                0x0000000008004370       0x44 Drivers/STM32F7xx_HAL_Driver/Src/stm32f7xx_hal_cortex.o
 .text.HAL_NVIC_SetPriorityGrouping
                0x00000000080043b4       0x16 Drivers/STM32F7xx_HAL_Driver/Src/stm32f7xx_hal_cortex.o
                0x00000000080043b4                HAL_NVIC_SetPriorityGrouping
 .text.HAL_NVIC_SetPriority
                0x00000000080043ca       0x38 Drivers/STM32F7xx_HAL_Driver/Src/stm32f7xx_hal_cortex.o
                0x00000000080043ca                HAL_NVIC_SetPriority
 .text.HAL_NVIC_EnableIRQ
                0x0000000008004402       0x1c Drivers/STM32F7xx_HAL_Driver/Src/stm32f7xx_hal_cortex.o
                0x0000000008004402                HAL_NVIC_EnableIRQ
 .text.HAL_SYSTICK_Config
                0x000000000800441e       0x18 Drivers/STM32F7xx_HAL_Driver/Src/stm32f7xx_hal_cortex.o
                0x000000000800441e                HAL_SYSTICK_Config
 .text.HAL_DAC_Init
                0x0000000008004436       0x44 Drivers/STM32F7xx_HAL_Driver/Src/stm32f7xx_hal_dac.o
                0x0000000008004436                HAL_DAC_Init
 .text.HAL_DAC_IRQHandler
                0x000000000800447a       0x94 Drivers/STM32F7xx_HAL_Driver/Src/stm32f7xx_hal_dac.o
                0x000000000800447a                HAL_DAC_IRQHandler
 .text.HAL_DAC_DMAUnderrunCallbackCh1
                0x000000000800450e       0x14 Drivers/STM32F7xx_HAL_Driver/Src/stm32f7xx_hal_dac.o
                0x000000000800450e                HAL_DAC_DMAUnderrunCallbackCh1
 .text.HAL_DAC_ConfigChannel
                0x0000000008004522       0x9a Drivers/STM32F7xx_HAL_Driver/Src/stm32f7xx_hal_dac.o
                0x0000000008004522                HAL_DAC_ConfigChannel
 .text.HAL_DACEx_DMAUnderrunCallbackCh2
                0x00000000080045bc       0x14 Drivers/STM32F7xx_HAL_Driver/Src/stm32f7xx_hal_dac_ex.o
                0x00000000080045bc                HAL_DACEx_DMAUnderrunCallbackCh2
 .text.HAL_DMA_Init
                0x00000000080045d0      0x15c Drivers/STM32F7xx_HAL_Driver/Src/stm32f7xx_hal_dma.o
                0x00000000080045d0                HAL_DMA_Init
 .text.HAL_DMA_Start_IT
                0x000000000800472c       0xc0 Drivers/STM32F7xx_HAL_Driver/Src/stm32f7xx_hal_dma.o
                0x000000000800472c                HAL_DMA_Start_IT
 .text.HAL_DMA_Abort_IT
                0x00000000080047ec       0x44 Drivers/STM32F7xx_HAL_Driver/Src/stm32f7xx_hal_dma.o
                0x00000000080047ec                HAL_DMA_Abort_IT
 .text.HAL_DMA_IRQHandler
                0x0000000008004830      0x314 Drivers/STM32F7xx_HAL_Driver/Src/stm32f7xx_hal_dma.o
                0x0000000008004830                HAL_DMA_IRQHandler
 .text.DMA_SetConfig
                0x0000000008004b44       0x5c Drivers/STM32F7xx_HAL_Driver/Src/stm32f7xx_hal_dma.o
 .text.DMA_CalcBaseAndBitshift
                0x0000000008004ba0       0x6c Drivers/STM32F7xx_HAL_Driver/Src/stm32f7xx_hal_dma.o
 .text.DMA_CheckFifoParam
                0x0000000008004c0c       0xf4 Drivers/STM32F7xx_HAL_Driver/Src/stm32f7xx_hal_dma.o
 .text.HAL_GPIO_Init
                0x0000000008004d00      0x354 Drivers/STM32F7xx_HAL_Driver/Src/stm32f7xx_hal_gpio.o
                0x0000000008004d00                HAL_GPIO_Init
 .text.HAL_GPIO_WritePin
                0x0000000008005054       0x32 Drivers/STM32F7xx_HAL_Driver/Src/stm32f7xx_hal_gpio.o
                0x0000000008005054                HAL_GPIO_WritePin
 *fill*         0x0000000008005086        0x2 
 .text.HAL_GPIO_EXTI_IRQHandler
                0x0000000008005088       0x30 Drivers/STM32F7xx_HAL_Driver/Src/stm32f7xx_hal_gpio.o
                0x0000000008005088                HAL_GPIO_EXTI_IRQHandler
 .text.HAL_I2C_Init
                0x00000000080050b8      0x120 Drivers/STM32F7xx_HAL_Driver/Src/stm32f7xx_hal_i2c.o
                0x00000000080050b8                HAL_I2C_Init
 .text.HAL_I2C_Master_Transmit
                0x00000000080051d8      0x1e8 Drivers/STM32F7xx_HAL_Driver/Src/stm32f7xx_hal_i2c.o
                0x00000000080051d8                HAL_I2C_Master_Transmit
 .text.HAL_I2C_Master_Receive
                0x00000000080053c0      0x1ec Drivers/STM32F7xx_HAL_Driver/Src/stm32f7xx_hal_i2c.o
                0x00000000080053c0                HAL_I2C_Master_Receive
 .text.I2C_Flush_TXDR
                0x00000000080055ac       0x48 Drivers/STM32F7xx_HAL_Driver/Src/stm32f7xx_hal_i2c.o
 .text.I2C_WaitOnFlagUntilTimeout
                0x00000000080055f4       0x80 Drivers/STM32F7xx_HAL_Driver/Src/stm32f7xx_hal_i2c.o
 .text.I2C_WaitOnTXISFlagUntilTimeout
                0x0000000008005674       0x80 Drivers/STM32F7xx_HAL_Driver/Src/stm32f7xx_hal_i2c.o
 .text.I2C_WaitOnSTOPFlagUntilTimeout
                0x00000000080056f4       0x78 Drivers/STM32F7xx_HAL_Driver/Src/stm32f7xx_hal_i2c.o
 .text.I2C_WaitOnRXNEFlagUntilTimeout
                0x000000000800576c       0xd8 Drivers/STM32F7xx_HAL_Driver/Src/stm32f7xx_hal_i2c.o
 .text.I2C_IsAcknowledgeFailed
                0x0000000008005844       0xcc Drivers/STM32F7xx_HAL_Driver/Src/stm32f7xx_hal_i2c.o
 .text.I2C_TransferConfig
                0x0000000008005910       0x5c Drivers/STM32F7xx_HAL_Driver/Src/stm32f7xx_hal_i2c.o
 .text.HAL_I2CEx_ConfigAnalogFilter
                0x000000000800596c       0x96 Drivers/STM32F7xx_HAL_Driver/Src/stm32f7xx_hal_i2c_ex.o
                0x000000000800596c                HAL_I2CEx_ConfigAnalogFilter
 .text.HAL_I2CEx_ConfigDigitalFilter
                0x0000000008005a02       0x98 Drivers/STM32F7xx_HAL_Driver/Src/stm32f7xx_hal_i2c_ex.o
                0x0000000008005a02                HAL_I2CEx_ConfigDigitalFilter
 *fill*         0x0000000008005a9a        0x2 
 .text.HAL_PWR_EnableBkUpAccess
                0x0000000008005a9c       0x20 Drivers/STM32F7xx_HAL_Driver/Src/stm32f7xx_hal_pwr.o
                0x0000000008005a9c                HAL_PWR_EnableBkUpAccess
 .text.HAL_PWREx_EnableOverDrive
                0x0000000008005abc       0xa0 Drivers/STM32F7xx_HAL_Driver/Src/stm32f7xx_hal_pwr_ex.o
                0x0000000008005abc                HAL_PWREx_EnableOverDrive
 .text.HAL_RCC_OscConfig
                0x0000000008005b5c      0x548 Drivers/STM32F7xx_HAL_Driver/Src/stm32f7xx_hal_rcc.o
                0x0000000008005b5c                HAL_RCC_OscConfig
 .text.HAL_RCC_ClockConfig
                0x00000000080060a4      0x1d8 Drivers/STM32F7xx_HAL_Driver/Src/stm32f7xx_hal_rcc.o
                0x00000000080060a4                HAL_RCC_ClockConfig
 .text.HAL_RCC_GetSysClockFreq
                0x000000000800627c      0x1b0 Drivers/STM32F7xx_HAL_Driver/Src/stm32f7xx_hal_rcc.o
                0x000000000800627c                HAL_RCC_GetSysClockFreq
 .text.HAL_RCC_GetHCLKFreq
                0x000000000800642c       0x18 Drivers/STM32F7xx_HAL_Driver/Src/stm32f7xx_hal_rcc.o
                0x000000000800642c                HAL_RCC_GetHCLKFreq
 .text.HAL_RCC_GetPCLK1Freq
                0x0000000008006444       0x28 Drivers/STM32F7xx_HAL_Driver/Src/stm32f7xx_hal_rcc.o
                0x0000000008006444                HAL_RCC_GetPCLK1Freq
 .text.HAL_RCC_GetPCLK2Freq
                0x000000000800646c       0x28 Drivers/STM32F7xx_HAL_Driver/Src/stm32f7xx_hal_rcc.o
                0x000000000800646c                HAL_RCC_GetPCLK2Freq
 .text.HAL_RCCEx_PeriphCLKConfig
                0x0000000008006494      0x7dc Drivers/STM32F7xx_HAL_Driver/Src/stm32f7xx_hal_rcc_ex.o
                0x0000000008006494                HAL_RCCEx_PeriphCLKConfig
 .text.HAL_SPI_Init
                0x0000000008006c70      0x124 Drivers/STM32F7xx_HAL_Driver/Src/stm32f7xx_hal_spi.o
                0x0000000008006c70                HAL_SPI_Init
 .text.HAL_SPI_Transmit
                0x0000000008006d94      0x2cc Drivers/STM32F7xx_HAL_Driver/Src/stm32f7xx_hal_spi.o
                0x0000000008006d94                HAL_SPI_Transmit
 .text.HAL_SPI_TransmitReceive
                0x0000000008007060      0x426 Drivers/STM32F7xx_HAL_Driver/Src/stm32f7xx_hal_spi.o
                0x0000000008007060                HAL_SPI_TransmitReceive
 .text.SPI_WaitFlagStateUntilTimeout
                0x0000000008007486       0xd4 Drivers/STM32F7xx_HAL_Driver/Src/stm32f7xx_hal_spi.o
 .text.SPI_WaitFifoStateUntilTimeout
                0x000000000800755a       0xda Drivers/STM32F7xx_HAL_Driver/Src/stm32f7xx_hal_spi.o
 .text.SPI_EndRxTxTransaction
                0x0000000008007634       0x8c Drivers/STM32F7xx_HAL_Driver/Src/stm32f7xx_hal_spi.o
 .text.HAL_TIM_Base_Init
                0x00000000080076c0       0x56 Drivers/STM32F7xx_HAL_Driver/Src/stm32f7xx_hal_tim.o
                0x00000000080076c0                HAL_TIM_Base_Init
 *fill*         0x0000000008007716        0x2 
 .text.HAL_TIM_Base_Start_IT
                0x0000000008007718       0x54 Drivers/STM32F7xx_HAL_Driver/Src/stm32f7xx_hal_tim.o
                0x0000000008007718                HAL_TIM_Base_Start_IT
 .text.HAL_TIM_PWM_Init
                0x000000000800776c       0x56 Drivers/STM32F7xx_HAL_Driver/Src/stm32f7xx_hal_tim.o
                0x000000000800776c                HAL_TIM_PWM_Init
 .text.HAL_TIM_PWM_MspInit
                0x00000000080077c2       0x14 Drivers/STM32F7xx_HAL_Driver/Src/stm32f7xx_hal_tim.o
                0x00000000080077c2                HAL_TIM_PWM_MspInit
 *fill*         0x00000000080077d6        0x2 
 .text.HAL_TIM_PWM_Start
                0x00000000080077d8       0x88 Drivers/STM32F7xx_HAL_Driver/Src/stm32f7xx_hal_tim.o
                0x00000000080077d8                HAL_TIM_PWM_Start
 .text.HAL_TIM_OnePulse_Init
                0x0000000008007860       0x78 Drivers/STM32F7xx_HAL_Driver/Src/stm32f7xx_hal_tim.o
                0x0000000008007860                HAL_TIM_OnePulse_Init
 .text.HAL_TIM_OnePulse_MspInit
                0x00000000080078d8       0x14 Drivers/STM32F7xx_HAL_Driver/Src/stm32f7xx_hal_tim.o
                0x00000000080078d8                HAL_TIM_OnePulse_MspInit
 .text.HAL_TIM_Encoder_Init
                0x00000000080078ec      0x124 Drivers/STM32F7xx_HAL_Driver/Src/stm32f7xx_hal_tim.o
                0x00000000080078ec                HAL_TIM_Encoder_Init
 .text.HAL_TIM_Encoder_Start
                0x0000000008007a10       0x6e Drivers/STM32F7xx_HAL_Driver/Src/stm32f7xx_hal_tim.o
                0x0000000008007a10                HAL_TIM_Encoder_Start
 .text.HAL_TIM_IRQHandler
                0x0000000008007a7e      0x23e Drivers/STM32F7xx_HAL_Driver/Src/stm32f7xx_hal_tim.o
                0x0000000008007a7e                HAL_TIM_IRQHandler
 .text.HAL_TIM_PWM_ConfigChannel
                0x0000000008007cbc      0x230 Drivers/STM32F7xx_HAL_Driver/Src/stm32f7xx_hal_tim.o
                0x0000000008007cbc                HAL_TIM_PWM_ConfigChannel
 .text.HAL_TIM_ConfigClockSource
                0x0000000008007eec      0x174 Drivers/STM32F7xx_HAL_Driver/Src/stm32f7xx_hal_tim.o
                0x0000000008007eec                HAL_TIM_ConfigClockSource
 .text.HAL_TIM_OC_DelayElapsedCallback
                0x0000000008008060       0x14 Drivers/STM32F7xx_HAL_Driver/Src/stm32f7xx_hal_tim.o
                0x0000000008008060                HAL_TIM_OC_DelayElapsedCallback
 .text.HAL_TIM_IC_CaptureCallback
                0x0000000008008074       0x14 Drivers/STM32F7xx_HAL_Driver/Src/stm32f7xx_hal_tim.o
                0x0000000008008074                HAL_TIM_IC_CaptureCallback
 .text.HAL_TIM_PWM_PulseFinishedCallback
                0x0000000008008088       0x14 Drivers/STM32F7xx_HAL_Driver/Src/stm32f7xx_hal_tim.o
                0x0000000008008088                HAL_TIM_PWM_PulseFinishedCallback
 .text.HAL_TIM_TriggerCallback
                0x000000000800809c       0x14 Drivers/STM32F7xx_HAL_Driver/Src/stm32f7xx_hal_tim.o
                0x000000000800809c                HAL_TIM_TriggerCallback
 .text.TIM_Base_SetConfig
                0x00000000080080b0      0x140 Drivers/STM32F7xx_HAL_Driver/Src/stm32f7xx_hal_tim.o
                0x00000000080080b0                TIM_Base_SetConfig
 .text.TIM_OC1_SetConfig
                0x00000000080081f0       0xe4 Drivers/STM32F7xx_HAL_Driver/Src/stm32f7xx_hal_tim.o
 .text.TIM_OC2_SetConfig
                0x00000000080082d4       0xf0 Drivers/STM32F7xx_HAL_Driver/Src/stm32f7xx_hal_tim.o
                0x00000000080082d4                TIM_OC2_SetConfig
 .text.TIM_OC3_SetConfig
                0x00000000080083c4       0xec Drivers/STM32F7xx_HAL_Driver/Src/stm32f7xx_hal_tim.o
 .text.TIM_OC4_SetConfig
                0x00000000080084b0       0xb0 Drivers/STM32F7xx_HAL_Driver/Src/stm32f7xx_hal_tim.o
 .text.TIM_OC5_SetConfig
                0x0000000008008560       0xa4 Drivers/STM32F7xx_HAL_Driver/Src/stm32f7xx_hal_tim.o
 .text.TIM_OC6_SetConfig
                0x0000000008008604       0xa8 Drivers/STM32F7xx_HAL_Driver/Src/stm32f7xx_hal_tim.o
 .text.TIM_TI1_ConfigInputStage
                0x00000000080086ac       0x5e Drivers/STM32F7xx_HAL_Driver/Src/stm32f7xx_hal_tim.o
 .text.TIM_TI2_ConfigInputStage
                0x000000000800870a       0x60 Drivers/STM32F7xx_HAL_Driver/Src/stm32f7xx_hal_tim.o
 .text.TIM_ITRx_SetConfig
                0x000000000800876a       0x36 Drivers/STM32F7xx_HAL_Driver/Src/stm32f7xx_hal_tim.o
 .text.TIM_ETR_SetConfig
                0x00000000080087a0       0x40 Drivers/STM32F7xx_HAL_Driver/Src/stm32f7xx_hal_tim.o
                0x00000000080087a0                TIM_ETR_SetConfig
 .text.TIM_CCxChannelCmd
                0x00000000080087e0       0x4a Drivers/STM32F7xx_HAL_Driver/Src/stm32f7xx_hal_tim.o
                0x00000000080087e0                TIM_CCxChannelCmd
 *fill*         0x000000000800882a        0x2 
 .text.HAL_TIMEx_MasterConfigSynchronization
                0x000000000800882c      0x11c Drivers/STM32F7xx_HAL_Driver/Src/stm32f7xx_hal_tim_ex.o
                0x000000000800882c                HAL_TIMEx_MasterConfigSynchronization
 .text.HAL_TIMEx_CommutCallback
                0x0000000008008948       0x14 Drivers/STM32F7xx_HAL_Driver/Src/stm32f7xx_hal_tim_ex.o
                0x0000000008008948                HAL_TIMEx_CommutCallback
 .text.HAL_TIMEx_BreakCallback
                0x000000000800895c       0x14 Drivers/STM32F7xx_HAL_Driver/Src/stm32f7xx_hal_tim_ex.o
                0x000000000800895c                HAL_TIMEx_BreakCallback
 .text.HAL_TIMEx_Break2Callback
                0x0000000008008970       0x14 Drivers/STM32F7xx_HAL_Driver/Src/stm32f7xx_hal_tim_ex.o
                0x0000000008008970                HAL_TIMEx_Break2Callback
 .text.HAL_UART_Init
                0x0000000008008984       0x9c Drivers/STM32F7xx_HAL_Driver/Src/stm32f7xx_hal_uart.o
                0x0000000008008984                HAL_UART_Init
 .text.HAL_UART_IRQHandler
                0x0000000008008a20      0x264 Drivers/STM32F7xx_HAL_Driver/Src/stm32f7xx_hal_uart.o
                0x0000000008008a20                HAL_UART_IRQHandler
 .text.HAL_UART_TxCpltCallback
                0x0000000008008c84       0x14 Drivers/STM32F7xx_HAL_Driver/Src/stm32f7xx_hal_uart.o
                0x0000000008008c84                HAL_UART_TxCpltCallback
 .text.HAL_UART_ErrorCallback
                0x0000000008008c98       0x14 Drivers/STM32F7xx_HAL_Driver/Src/stm32f7xx_hal_uart.o
                0x0000000008008c98                HAL_UART_ErrorCallback
 .text.UART_SetConfig
                0x0000000008008cac      0x554 Drivers/STM32F7xx_HAL_Driver/Src/stm32f7xx_hal_uart.o
                0x0000000008008cac                UART_SetConfig
 .text.UART_AdvFeatureConfig
                0x0000000008009200      0x144 Drivers/STM32F7xx_HAL_Driver/Src/stm32f7xx_hal_uart.o
                0x0000000008009200                UART_AdvFeatureConfig
 .text.UART_CheckIdleState
                0x0000000008009344       0x5e Drivers/STM32F7xx_HAL_Driver/Src/stm32f7xx_hal_uart.o
                0x0000000008009344                UART_CheckIdleState
 .text.UART_WaitOnFlagUntilTimeout
                0x00000000080093a2       0xf6 Drivers/STM32F7xx_HAL_Driver/Src/stm32f7xx_hal_uart.o
                0x00000000080093a2                UART_WaitOnFlagUntilTimeout
 .text.UART_EndRxTransfer
                0x0000000008009498       0x40 Drivers/STM32F7xx_HAL_Driver/Src/stm32f7xx_hal_uart.o
 .text.UART_DMAAbortOnError
                0x00000000080094d8       0x2c Drivers/STM32F7xx_HAL_Driver/Src/stm32f7xx_hal_uart.o
 .text.UART_EndTransmit_IT
                0x0000000008009504       0x32 Drivers/STM32F7xx_HAL_Driver/Src/stm32f7xx_hal_uart.o
 *fill*         0x0000000008009536        0x2 
 .text.__errno  0x0000000008009538        0xc c:/st/stm32cubeide_1.0.1/stm32cubeide/plugins/com.st.stm32cube.ide.mcu.externaltools.gnu-tools-for-stm32.7-2018-q2-update.win32_1.5.0.202011040924/tools/bin/../lib/gcc/arm-none-eabi/7.3.1/../../../../arm-none-eabi/lib/thumb/v7e-m/fpv4-sp/hard\libc_nano.a(lib_a-errno.o)
                0x0000000008009538                __errno
 .text.__libc_init_array
                0x0000000008009544       0x48 c:/st/stm32cubeide_1.0.1/stm32cubeide/plugins/com.st.stm32cube.ide.mcu.externaltools.gnu-tools-for-stm32.7-2018-q2-update.win32_1.5.0.202011040924/tools/bin/../lib/gcc/arm-none-eabi/7.3.1/../../../../arm-none-eabi/lib/thumb/v7e-m/fpv4-sp/hard\libc_nano.a(lib_a-init.o)
                0x0000000008009544                __libc_init_array
 .text.memset   0x000000000800958c       0x10 c:/st/stm32cubeide_1.0.1/stm32cubeide/plugins/com.st.stm32cube.ide.mcu.externaltools.gnu-tools-for-stm32.7-2018-q2-update.win32_1.5.0.202011040924/tools/bin/../lib/gcc/arm-none-eabi/7.3.1/../../../../arm-none-eabi/lib/thumb/v7e-m/fpv4-sp/hard\libc_nano.a(lib_a-memset.o)
                0x000000000800958c                memset
 .text.sprintf  0x000000000800959c       0x40 c:/st/stm32cubeide_1.0.1/stm32cubeide/plugins/com.st.stm32cube.ide.mcu.externaltools.gnu-tools-for-stm32.7-2018-q2-update.win32_1.5.0.202011040924/tools/bin/../lib/gcc/arm-none-eabi/7.3.1/../../../../arm-none-eabi/lib/thumb/v7e-m/fpv4-sp/hard\libc_nano.a(lib_a-sprintf.o)
                0x000000000800959c                siprintf
                0x000000000800959c                sprintf
 .text._vsprintf_r
                0x00000000080095dc       0x2c c:/st/stm32cubeide_1.0.1/stm32cubeide/plugins/com.st.stm32cube.ide.mcu.externaltools.gnu-tools-for-stm32.7-2018-q2-update.win32_1.5.0.202011040924/tools/bin/../lib/gcc/arm-none-eabi/7.3.1/../../../../arm-none-eabi/lib/thumb/v7e-m/fpv4-sp/hard\libc_nano.a(lib_a-vsprintf.o)
                0x00000000080095dc                _vsprintf_r
                0x00000000080095dc                _vsiprintf_r
 .text.vsprintf
                0x0000000008009608       0x14 c:/st/stm32cubeide_1.0.1/stm32cubeide/plugins/com.st.stm32cube.ide.mcu.externaltools.gnu-tools-for-stm32.7-2018-q2-update.win32_1.5.0.202011040924/tools/bin/../lib/gcc/arm-none-eabi/7.3.1/../../../../arm-none-eabi/lib/thumb/v7e-m/fpv4-sp/hard\libc_nano.a(lib_a-vsprintf.o)
                0x0000000008009608                vsiprintf
                0x0000000008009608                vsprintf
 .text.__ssputs_r
                0x000000000800961c       0xb4 c:/st/stm32cubeide_1.0.1/stm32cubeide/plugins/com.st.stm32cube.ide.mcu.externaltools.gnu-tools-for-stm32.7-2018-q2-update.win32_1.5.0.202011040924/tools/bin/../lib/gcc/arm-none-eabi/7.3.1/../../../../arm-none-eabi/lib/thumb/v7e-m/fpv4-sp/hard\libc_nano.a(lib_a-nano-svfprintf.o)
                0x000000000800961c                __ssputs_r
 .text._svfprintf_r
                0x00000000080096d0      0x1f0 c:/st/stm32cubeide_1.0.1/stm32cubeide/plugins/com.st.stm32cube.ide.mcu.externaltools.gnu-tools-for-stm32.7-2018-q2-update.win32_1.5.0.202011040924/tools/bin/../lib/gcc/arm-none-eabi/7.3.1/../../../../arm-none-eabi/lib/thumb/v7e-m/fpv4-sp/hard\libc_nano.a(lib_a-nano-svfprintf.o)
                0x00000000080096d0                _svfiprintf_r
                0x00000000080096d0                _svfprintf_r
 .text._printf_common
                0x00000000080098c0       0xea c:/st/stm32cubeide_1.0.1/stm32cubeide/plugins/com.st.stm32cube.ide.mcu.externaltools.gnu-tools-for-stm32.7-2018-q2-update.win32_1.5.0.202011040924/tools/bin/../lib/gcc/arm-none-eabi/7.3.1/../../../../arm-none-eabi/lib/thumb/v7e-m/fpv4-sp/hard\libc_nano.a(lib_a-nano-vfprintf_i.o)
                0x00000000080098c0                _printf_common
 *fill*         0x00000000080099aa        0x2 
 .text._printf_i
                0x00000000080099ac      0x224 c:/st/stm32cubeide_1.0.1/stm32cubeide/plugins/com.st.stm32cube.ide.mcu.externaltools.gnu-tools-for-stm32.7-2018-q2-update.win32_1.5.0.202011040924/tools/bin/../lib/gcc/arm-none-eabi/7.3.1/../../../../arm-none-eabi/lib/thumb/v7e-m/fpv4-sp/hard\libc_nano.a(lib_a-nano-vfprintf_i.o)
                0x00000000080099ac                _printf_i
 .text.memcpy   0x0000000008009bd0       0x16 c:/st/stm32cubeide_1.0.1/stm32cubeide/plugins/com.st.stm32cube.ide.mcu.externaltools.gnu-tools-for-stm32.7-2018-q2-update.win32_1.5.0.202011040924/tools/bin/../lib/gcc/arm-none-eabi/7.3.1/../../../../arm-none-eabi/lib/thumb/v7e-m/fpv4-sp/hard\libc_nano.a(lib_a-memcpy-stub.o)
                0x0000000008009bd0                memcpy
 .text.memmove  0x0000000008009be6       0x32 c:/st/stm32cubeide_1.0.1/stm32cubeide/plugins/com.st.stm32cube.ide.mcu.externaltools.gnu-tools-for-stm32.7-2018-q2-update.win32_1.5.0.202011040924/tools/bin/../lib/gcc/arm-none-eabi/7.3.1/../../../../arm-none-eabi/lib/thumb/v7e-m/fpv4-sp/hard\libc_nano.a(lib_a-memmove.o)
                0x0000000008009be6                memmove
 .text._free_r  0x0000000008009c18       0x9c c:/st/stm32cubeide_1.0.1/stm32cubeide/plugins/com.st.stm32cube.ide.mcu.externaltools.gnu-tools-for-stm32.7-2018-q2-update.win32_1.5.0.202011040924/tools/bin/../lib/gcc/arm-none-eabi/7.3.1/../../../../arm-none-eabi/lib/thumb/v7e-m/fpv4-sp/hard\libc_nano.a(lib_a-nano-freer.o)
                0x0000000008009c18                _free_r
 .text._malloc_r
                0x0000000008009cb4       0xb4 c:/st/stm32cubeide_1.0.1/stm32cubeide/plugins/com.st.stm32cube.ide.mcu.externaltools.gnu-tools-for-stm32.7-2018-q2-update.win32_1.5.0.202011040924/tools/bin/../lib/gcc/arm-none-eabi/7.3.1/../../../../arm-none-eabi/lib/thumb/v7e-m/fpv4-sp/hard\libc_nano.a(lib_a-nano-mallocr.o)
                0x0000000008009cb4                _malloc_r
 .text._realloc_r
                0x0000000008009d68       0x4c c:/st/stm32cubeide_1.0.1/stm32cubeide/plugins/com.st.stm32cube.ide.mcu.externaltools.gnu-tools-for-stm32.7-2018-q2-update.win32_1.5.0.202011040924/tools/bin/../lib/gcc/arm-none-eabi/7.3.1/../../../../arm-none-eabi/lib/thumb/v7e-m/fpv4-sp/hard\libc_nano.a(lib_a-nano-reallocr.o)
                0x0000000008009d68                _realloc_r
 .text._sbrk_r  0x0000000008009db4       0x20 c:/st/stm32cubeide_1.0.1/stm32cubeide/plugins/com.st.stm32cube.ide.mcu.externaltools.gnu-tools-for-stm32.7-2018-q2-update.win32_1.5.0.202011040924/tools/bin/../lib/gcc/arm-none-eabi/7.3.1/../../../../arm-none-eabi/lib/thumb/v7e-m/fpv4-sp/hard\libc_nano.a(lib_a-sbrkr.o)
                0x0000000008009db4                _sbrk_r
 .text.__malloc_lock
                0x0000000008009dd4        0x2 c:/st/stm32cubeide_1.0.1/stm32cubeide/plugins/com.st.stm32cube.ide.mcu.externaltools.gnu-tools-for-stm32.7-2018-q2-update.win32_1.5.0.202011040924/tools/bin/../lib/gcc/arm-none-eabi/7.3.1/../../../../arm-none-eabi/lib/thumb/v7e-m/fpv4-sp/hard\libc_nano.a(lib_a-mlock.o)
                0x0000000008009dd4                __malloc_lock
 .text.__malloc_unlock
                0x0000000008009dd6        0x2 c:/st/stm32cubeide_1.0.1/stm32cubeide/plugins/com.st.stm32cube.ide.mcu.externaltools.gnu-tools-for-stm32.7-2018-q2-update.win32_1.5.0.202011040924/tools/bin/../lib/gcc/arm-none-eabi/7.3.1/../../../../arm-none-eabi/lib/thumb/v7e-m/fpv4-sp/hard\libc_nano.a(lib_a-mlock.o)
                0x0000000008009dd6                __malloc_unlock
 .text._malloc_usable_size_r
                0x0000000008009dd8       0x10 c:/st/stm32cubeide_1.0.1/stm32cubeide/plugins/com.st.stm32cube.ide.mcu.externaltools.gnu-tools-for-stm32.7-2018-q2-update.win32_1.5.0.202011040924/tools/bin/../lib/gcc/arm-none-eabi/7.3.1/../../../../arm-none-eabi/lib/thumb/v7e-m/fpv4-sp/hard\libc_nano.a(lib_a-nano-msizer.o)
                0x0000000008009dd8                _malloc_usable_size_r
 *(.glue_7)
 .glue_7        0x0000000008009de8        0x0 linker stubs
 *(.glue_7t)
 .glue_7t       0x0000000008009de8        0x0 linker stubs
 *(.eh_frame)
 .eh_frame      0x0000000008009de8        0x0 c:/st/stm32cubeide_1.0.1/stm32cubeide/plugins/com.st.stm32cube.ide.mcu.externaltools.gnu-tools-for-stm32.7-2018-q2-update.win32_1.5.0.202011040924/tools/bin/../lib/gcc/arm-none-eabi/7.3.1/thumb/v7e-m/fpv4-sp/hard/crtbegin.o
 *(.init)
 .init          0x0000000008009de8        0x4 c:/st/stm32cubeide_1.0.1/stm32cubeide/plugins/com.st.stm32cube.ide.mcu.externaltools.gnu-tools-for-stm32.7-2018-q2-update.win32_1.5.0.202011040924/tools/bin/../lib/gcc/arm-none-eabi/7.3.1/thumb/v7e-m/fpv4-sp/hard/crti.o
                0x0000000008009de8                _init
 .init          0x0000000008009dec        0x8 c:/st/stm32cubeide_1.0.1/stm32cubeide/plugins/com.st.stm32cube.ide.mcu.externaltools.gnu-tools-for-stm32.7-2018-q2-update.win32_1.5.0.202011040924/tools/bin/../lib/gcc/arm-none-eabi/7.3.1/thumb/v7e-m/fpv4-sp/hard/crtn.o
 *(.fini)
 .fini          0x0000000008009df4        0x4 c:/st/stm32cubeide_1.0.1/stm32cubeide/plugins/com.st.stm32cube.ide.mcu.externaltools.gnu-tools-for-stm32.7-2018-q2-update.win32_1.5.0.202011040924/tools/bin/../lib/gcc/arm-none-eabi/7.3.1/thumb/v7e-m/fpv4-sp/hard/crti.o
                0x0000000008009df4                _fini
 .fini          0x0000000008009df8        0x8 c:/st/stm32cubeide_1.0.1/stm32cubeide/plugins/com.st.stm32cube.ide.mcu.externaltools.gnu-tools-for-stm32.7-2018-q2-update.win32_1.5.0.202011040924/tools/bin/../lib/gcc/arm-none-eabi/7.3.1/thumb/v7e-m/fpv4-sp/hard/crtn.o
                0x0000000008009e00                . = ALIGN (0x4)
                0x0000000008009e00                _etext = .

.vfp11_veneer   0x0000000008009e00        0x0
 .vfp11_veneer  0x0000000008009e00        0x0 linker stubs

.v4_bx          0x0000000008009e00        0x0
 .v4_bx         0x0000000008009e00        0x0 linker stubs

.iplt           0x0000000008009e00        0x0
 .iplt          0x0000000008009e00        0x0 c:/st/stm32cubeide_1.0.1/stm32cubeide/plugins/com.st.stm32cube.ide.mcu.externaltools.gnu-tools-for-stm32.7-2018-q2-update.win32_1.5.0.202011040924/tools/bin/../lib/gcc/arm-none-eabi/7.3.1/thumb/v7e-m/fpv4-sp/hard/crtbegin.o

.rodata         0x0000000008009e00      0x14c
                0x0000000008009e00                . = ALIGN (0x4)
 *(.rodata)
 .rodata        0x0000000008009e00        0x2 Components/Src/bmp280.o
 *fill*         0x0000000008009e02        0x2 
 .rodata        0x0000000008009e04       0xed Core/Src/main.o
 *(.rodata*)
 *fill*         0x0000000008009ef1        0x3 
 .rodata.LCD_ROW_16
                0x0000000008009ef4        0x4 Components/Src/lcd.o
                0x0000000008009ef4                LCD_ROW_16
 .rodata.AHBPrescTable
                0x0000000008009ef8       0x10 Core/Src/system_stm32f7xx.o
                0x0000000008009ef8                AHBPrescTable
 .rodata.APBPrescTable
                0x0000000008009f08        0x8 Core/Src/system_stm32f7xx.o
                0x0000000008009f08                APBPrescTable
 .rodata.flagBitshiftOffset.9121
                0x0000000008009f10        0x8 Drivers/STM32F7xx_HAL_Driver/Src/stm32f7xx_hal_dma.o
 .rodata._svfprintf_r.str1.1
                0x0000000008009f18       0x11 c:/st/stm32cubeide_1.0.1/stm32cubeide/plugins/com.st.stm32cube.ide.mcu.externaltools.gnu-tools-for-stm32.7-2018-q2-update.win32_1.5.0.202011040924/tools/bin/../lib/gcc/arm-none-eabi/7.3.1/../../../../arm-none-eabi/lib/thumb/v7e-m/fpv4-sp/hard\libc_nano.a(lib_a-nano-svfprintf.o)
 .rodata._printf_i.str1.1
                0x0000000008009f29       0x22 c:/st/stm32cubeide_1.0.1/stm32cubeide/plugins/com.st.stm32cube.ide.mcu.externaltools.gnu-tools-for-stm32.7-2018-q2-update.win32_1.5.0.202011040924/tools/bin/../lib/gcc/arm-none-eabi/7.3.1/../../../../arm-none-eabi/lib/thumb/v7e-m/fpv4-sp/hard\libc_nano.a(lib_a-nano-vfprintf_i.o)
                0x0000000008009f4c                . = ALIGN (0x4)
 *fill*         0x0000000008009f4b        0x1 

.ARM.extab      0x0000000008009f4c        0x0
                0x0000000008009f4c                . = ALIGN (0x4)
 *(.ARM.extab* .gnu.linkonce.armextab.*)
                0x0000000008009f4c                . = ALIGN (0x4)

.ARM            0x0000000008009f4c        0x8
                0x0000000008009f4c                . = ALIGN (0x4)
                0x0000000008009f4c                __exidx_start = .
 *(.ARM.exidx*)
 .ARM.exidx     0x0000000008009f4c        0x8 c:/st/stm32cubeide_1.0.1/stm32cubeide/plugins/com.st.stm32cube.ide.mcu.externaltools.gnu-tools-for-stm32.7-2018-q2-update.win32_1.5.0.202011040924/tools/bin/../lib/gcc/arm-none-eabi/7.3.1/thumb/v7e-m/fpv4-sp/hard\libgcc.a(_udivmoddi4.o)
                0x0000000008009f54                __exidx_end = .
                0x0000000008009f54                . = ALIGN (0x4)

.rel.dyn        0x0000000008009f54        0x0
 .rel.iplt      0x0000000008009f54        0x0 c:/st/stm32cubeide_1.0.1/stm32cubeide/plugins/com.st.stm32cube.ide.mcu.externaltools.gnu-tools-for-stm32.7-2018-q2-update.win32_1.5.0.202011040924/tools/bin/../lib/gcc/arm-none-eabi/7.3.1/thumb/v7e-m/fpv4-sp/hard/crtbegin.o

.preinit_array  0x0000000008009f54        0x0
                0x0000000008009f54                . = ALIGN (0x4)
                0x0000000008009f54                PROVIDE (__preinit_array_start = .)
 *(.preinit_array*)
                0x0000000008009f54                PROVIDE (__preinit_array_end = .)
                0x0000000008009f54                . = ALIGN (0x4)

.init_array     0x0000000008009f54        0x4
                0x0000000008009f54                . = ALIGN (0x4)
                0x0000000008009f54                PROVIDE (__init_array_start = .)
 *(SORT_BY_NAME(.init_array.*))
 *(.init_array*)
 .init_array    0x0000000008009f54        0x4 c:/st/stm32cubeide_1.0.1/stm32cubeide/plugins/com.st.stm32cube.ide.mcu.externaltools.gnu-tools-for-stm32.7-2018-q2-update.win32_1.5.0.202011040924/tools/bin/../lib/gcc/arm-none-eabi/7.3.1/thumb/v7e-m/fpv4-sp/hard/crtbegin.o
                0x0000000008009f58                PROVIDE (__init_array_end = .)
                0x0000000008009f58                . = ALIGN (0x4)

.fini_array     0x0000000008009f58        0x4
                0x0000000008009f58                . = ALIGN (0x4)
                [!provide]                        PROVIDE (__fini_array_start = .)
 *(SORT_BY_NAME(.fini_array.*))
 *(.fini_array*)
 .fini_array    0x0000000008009f58        0x4 c:/st/stm32cubeide_1.0.1/stm32cubeide/plugins/com.st.stm32cube.ide.mcu.externaltools.gnu-tools-for-stm32.7-2018-q2-update.win32_1.5.0.202011040924/tools/bin/../lib/gcc/arm-none-eabi/7.3.1/thumb/v7e-m/fpv4-sp/hard/crtbegin.o
                [!provide]                        PROVIDE (__fini_array_end = .)
                0x0000000008009f5c                . = ALIGN (0x4)
                0x0000000008009f5c                _sidata = LOADADDR (.data)

.data           0x0000000020000000      0x1b4 load address 0x0000000008009f5c
                0x0000000020000000                . = ALIGN (0x4)
                0x0000000020000000                _sdata = .
 *(.data)
 *(.data*)
 .data.hbh1750_1
                0x0000000020000000        0xc Components/Src/bh1750_config.o
                0x0000000020000000                hbh1750_1
 .data.hbh1750_2
                0x000000002000000c        0xc Components/Src/bh1750_config.o
                0x000000002000000c                hbh1750_2
 .data.BMP280_CS_Ports
                0x0000000020000018        0x8 Components/Src/bmp280_config.o
                0x0000000020000018                BMP280_CS_Ports
 .data.BMP280_CS_Pins
                0x0000000020000020        0x4 Components/Src/bmp280_config.o
                0x0000000020000020                BMP280_CS_Pins
 .data.bmp280_1
                0x0000000020000024       0x34 Components/Src/bmp280_config.o
                0x0000000020000024                bmp280_1
 .data.bmp280_2
                0x0000000020000058       0x34 Components/Src/bmp280_config.o
                0x0000000020000058                bmp280_2
 .data.hbtn1    0x000000002000008c        0x8 Components/Src/btn_config.o
                0x000000002000008c                hbtn1
 .data.hbtn2    0x0000000020000094        0x8 Components/Src/btn_config.o
                0x0000000020000094                hbtn2
 .data.hlamp1   0x000000002000009c       0x20 Components/Src/dimmer_config.o
                0x000000002000009c                hlamp1
 .data.henc1    0x00000000200000bc       0x10 Components/Src/encoder_config.o
                0x00000000200000bc                henc1
 .data.hheaterpwm1
                0x00000000200000cc        0x8 Components/Src/heater_pwm_config.o
                0x00000000200000cc                hheaterpwm1
 .data.LCD_Ports
                0x00000000200000d4       0x10 Components/Src/lcd_config.o
                0x00000000200000d4                LCD_Ports
 .data.LCD_Pins
                0x00000000200000e4        0x8 Components/Src/lcd_config.o
                0x00000000200000e4                LCD_Pins
 .data.hlcd1    0x00000000200000ec       0x18 Components/Src/lcd_config.o
                0x00000000200000ec                hlcd1
 .data.hledg1   0x0000000020000104        0x8 Components/Src/led_config.o
                0x0000000020000104                hledg1
 .data.hledb1   0x000000002000010c        0x8 Components/Src/led_config.o
                0x000000002000010c                hledb1
 .data.hledr1   0x0000000020000114        0x8 Components/Src/led_config.o
                0x0000000020000114                hledr1
 .data.hledg2   0x000000002000011c        0x8 Components/Src/led_config.o
                0x000000002000011c                hledg2
 .data.hledb2   0x0000000020000124        0x8 Components/Src/led_config.o
                0x0000000020000124                hledb2
 .data.hledr2   0x000000002000012c        0x8 Components/Src/led_config.o
                0x000000002000012c                hledr2
 .data.hledrgb1
                0x0000000020000134        0xc Components/Src/led_rgb_config.o
                0x0000000020000134                hledrgb1
 .data.triac_firing_ang
                0x0000000020000140        0x4 Core/Src/main.o
 .data.SystemCoreClock
                0x0000000020000144        0x4 Core/Src/system_stm32f7xx.o
                0x0000000020000144                SystemCoreClock
 .data.uwTickPrio
                0x0000000020000148        0x4 Drivers/STM32F7xx_HAL_Driver/Src/stm32f7xx_hal.o
                0x0000000020000148                uwTickPrio
 .data.uwTickFreq
                0x000000002000014c        0x1 Drivers/STM32F7xx_HAL_Driver/Src/stm32f7xx_hal.o
                0x000000002000014c                uwTickFreq
 *fill*         0x000000002000014d        0x3 
 .data._impure_ptr
                0x0000000020000150        0x4 c:/st/stm32cubeide_1.0.1/stm32cubeide/plugins/com.st.stm32cube.ide.mcu.externaltools.gnu-tools-for-stm32.7-2018-q2-update.win32_1.5.0.202011040924/tools/bin/../lib/gcc/arm-none-eabi/7.3.1/../../../../arm-none-eabi/lib/thumb/v7e-m/fpv4-sp/hard\libc_nano.a(lib_a-impure.o)
                0x0000000020000150                _impure_ptr
 .data.impure_data
                0x0000000020000154       0x60 c:/st/stm32cubeide_1.0.1/stm32cubeide/plugins/com.st.stm32cube.ide.mcu.externaltools.gnu-tools-for-stm32.7-2018-q2-update.win32_1.5.0.202011040924/tools/bin/../lib/gcc/arm-none-eabi/7.3.1/../../../../arm-none-eabi/lib/thumb/v7e-m/fpv4-sp/hard\libc_nano.a(lib_a-impure.o)
 *(.RamFunc)
 *(.RamFunc*)
                0x00000000200001b4                . = ALIGN (0x4)
                0x00000000200001b4                _edata = .

.igot.plt       0x00000000200001b4        0x0 load address 0x000000000800a110
 .igot.plt      0x00000000200001b4        0x0 c:/st/stm32cubeide_1.0.1/stm32cubeide/plugins/com.st.stm32cube.ide.mcu.externaltools.gnu-tools-for-stm32.7-2018-q2-update.win32_1.5.0.202011040924/tools/bin/../lib/gcc/arm-none-eabi/7.3.1/thumb/v7e-m/fpv4-sp/hard/crtbegin.o
                0x00000000200001b4                . = ALIGN (0x4)

.bss            0x00000000200001b4      0x390 load address 0x000000000800a110
                0x00000000200001b4                _sbss = .
                0x00000000200001b4                __bss_start__ = _sbss
 *(.bss)
 .bss           0x00000000200001b4       0x1c c:/st/stm32cubeide_1.0.1/stm32cubeide/plugins/com.st.stm32cube.ide.mcu.externaltools.gnu-tools-for-stm32.7-2018-q2-update.win32_1.5.0.202011040924/tools/bin/../lib/gcc/arm-none-eabi/7.3.1/thumb/v7e-m/fpv4-sp/hard/crtbegin.o
 *(.bss*)
 .bss.menu_item
                0x00000000200001d0        0x1 Core/Src/main.o
                0x00000000200001d0                menu_item
 *fill*         0x00000000200001d1        0x3 
 .bss.enc_cnt   0x00000000200001d4        0x4 Core/Src/main.o
 .bss.adc_measurement
                0x00000000200001d8        0x4 Core/Src/main.o
                0x00000000200001d8                adc_measurement
 .bss.adc_voltage_mV
                0x00000000200001dc        0x8 Core/Src/main.o
                0x00000000200001dc                adc_voltage_mV
 .bss.__sbrk_heap_end
                0x00000000200001e4        0x4 Core/Src/sysmem.o
 .bss.__malloc_free_list
                0x00000000200001e8        0x4 c:/st/stm32cubeide_1.0.1/stm32cubeide/plugins/com.st.stm32cube.ide.mcu.externaltools.gnu-tools-for-stm32.7-2018-q2-update.win32_1.5.0.202011040924/tools/bin/../lib/gcc/arm-none-eabi/7.3.1/../../../../arm-none-eabi/lib/thumb/v7e-m/fpv4-sp/hard\libc_nano.a(lib_a-nano-mallocr.o)
                0x00000000200001e8                __malloc_free_list
 .bss.__malloc_sbrk_start
                0x00000000200001ec        0x4 c:/st/stm32cubeide_1.0.1/stm32cubeide/plugins/com.st.stm32cube.ide.mcu.externaltools.gnu-tools-for-stm32.7-2018-q2-update.win32_1.5.0.202011040924/tools/bin/../lib/gcc/arm-none-eabi/7.3.1/../../../../arm-none-eabi/lib/thumb/v7e-m/fpv4-sp/hard\libc_nano.a(lib_a-nano-mallocr.o)
                0x00000000200001ec                __malloc_sbrk_start
 *(COMMON)
 COMMON         0x00000000200001f0       0xa8 Core/Src/adc.o
                0x00000000200001f0                hadc1
                0x0000000020000238                hdma_adc1
 COMMON         0x0000000020000298       0x74 Core/Src/dac.o
                0x0000000020000298                hdma_dac1
                0x00000000200002f8                hdac
 COMMON         0x000000002000030c       0x4c Core/Src/i2c.o
                0x000000002000030c                hi2c1
 COMMON         0x0000000020000358       0x64 Core/Src/spi.o
                0x0000000020000358                hspi4
 COMMON         0x00000000200003bc      0x100 Core/Src/tim.o
                0x00000000200003bc                htim4
                0x00000000200003fc                htim3
                0x000000002000043c                htim6
                0x000000002000047c                htim2
 COMMON         0x00000000200004bc       0x80 Core/Src/usart.o
                0x00000000200004bc                huart3
 COMMON         0x000000002000053c        0x4 Drivers/STM32F7xx_HAL_Driver/Src/stm32f7xx_hal.o
                0x000000002000053c                uwTick
 COMMON         0x0000000020000540        0x4 c:/st/stm32cubeide_1.0.1/stm32cubeide/plugins/com.st.stm32cube.ide.mcu.externaltools.gnu-tools-for-stm32.7-2018-q2-update.win32_1.5.0.202011040924/tools/bin/../lib/gcc/arm-none-eabi/7.3.1/../../../../arm-none-eabi/lib/thumb/v7e-m/fpv4-sp/hard\libc_nano.a(lib_a-reent.o)
                0x0000000020000540                errno
                0x0000000020000544                . = ALIGN (0x4)
                0x0000000020000544                _ebss = .
                0x0000000020000544                __bss_end__ = _ebss

._user_heap_stack
                0x0000000020000544      0x604 load address 0x000000000800a110
                0x0000000020000548                . = ALIGN (0x8)
 *fill*         0x0000000020000544        0x4 
                [!provide]                        PROVIDE (end = .)
                0x0000000020000548                PROVIDE (_end = .)
                0x0000000020000748                . = (. + _Min_Heap_Size)
 *fill*         0x0000000020000548      0x200 
                0x0000000020000b48                . = (. + _Min_Stack_Size)
 *fill*         0x0000000020000748      0x400 
                0x0000000020000b48                . = ALIGN (0x8)

/DISCARD/
 libc.a(*)
 libm.a(*)
 libgcc.a(*)

.ARM.attributes
                0x0000000000000000       0x30
 *(.ARM.attributes)
 .ARM.attributes
                0x0000000000000000       0x22 c:/st/stm32cubeide_1.0.1/stm32cubeide/plugins/com.st.stm32cube.ide.mcu.externaltools.gnu-tools-for-stm32.7-2018-q2-update.win32_1.5.0.202011040924/tools/bin/../lib/gcc/arm-none-eabi/7.3.1/thumb/v7e-m/fpv4-sp/hard/crti.o
 .ARM.attributes
                0x0000000000000022       0x34 c:/st/stm32cubeide_1.0.1/stm32cubeide/plugins/com.st.stm32cube.ide.mcu.externaltools.gnu-tools-for-stm32.7-2018-q2-update.win32_1.5.0.202011040924/tools/bin/../lib/gcc/arm-none-eabi/7.3.1/thumb/v7e-m/fpv4-sp/hard/crtbegin.o
 .ARM.attributes
                0x0000000000000056       0x39 Components/Src/bh1750.o
 .ARM.attributes
                0x000000000000008f       0x39 Components/Src/bh1750_config.o
 .ARM.attributes
                0x00000000000000c8       0x39 Components/Src/bmp280.o
 .ARM.attributes
                0x0000000000000101       0x39 Components/Src/bmp280_config.o
 .ARM.attributes
                0x000000000000013a       0x39 Components/Src/btn_config.o
 .ARM.attributes
                0x0000000000000173       0x39 Components/Src/dimmer.o
 .ARM.attributes
                0x00000000000001ac       0x39 Components/Src/dimmer_config.o
 .ARM.attributes
                0x00000000000001e5       0x39 Components/Src/encoder.o
 .ARM.attributes
                0x000000000000021e       0x39 Components/Src/encoder_config.o
 .ARM.attributes
                0x0000000000000257       0x39 Components/Src/heater_pwm.o
 .ARM.attributes
                0x0000000000000290       0x39 Components/Src/heater_pwm_config.o
 .ARM.attributes
                0x00000000000002c9       0x39 Components/Src/lcd.o
 .ARM.attributes
                0x0000000000000302       0x39 Components/Src/lcd_config.o
 .ARM.attributes
                0x000000000000033b       0x39 Components/Src/led.o
 .ARM.attributes
                0x0000000000000374       0x39 Components/Src/led_config.o
 .ARM.attributes
                0x00000000000003ad       0x39 Components/Src/led_rgb.o
 .ARM.attributes
                0x00000000000003e6       0x39 Components/Src/led_rgb_config.o
 .ARM.attributes
                0x000000000000041f       0x39 Core/Src/adc.o
 .ARM.attributes
                0x0000000000000458       0x39 Core/Src/dac.o
 .ARM.attributes
                0x0000000000000491       0x39 Core/Src/dma.o
 .ARM.attributes
                0x00000000000004ca       0x39 Core/Src/gpio.o
 .ARM.attributes
                0x0000000000000503       0x39 Core/Src/i2c.o
 .ARM.attributes
                0x000000000000053c       0x39 Core/Src/main.o
 .ARM.attributes
                0x0000000000000575       0x39 Core/Src/spi.o
 .ARM.attributes
                0x00000000000005ae       0x39 Core/Src/stm32f7xx_hal_msp.o
 .ARM.attributes
                0x00000000000005e7       0x39 Core/Src/stm32f7xx_it.o
 .ARM.attributes
                0x0000000000000620       0x39 Core/Src/sysmem.o
 .ARM.attributes
                0x0000000000000659       0x39 Core/Src/system_stm32f7xx.o
 .ARM.attributes
                0x0000000000000692       0x39 Core/Src/tim.o
 .ARM.attributes
                0x00000000000006cb       0x39 Core/Src/usart.o
 .ARM.attributes
                0x0000000000000704       0x21 Core/Startup/startup_stm32f746zgtx.o
 .ARM.attributes
                0x0000000000000725       0x39 Drivers/STM32F7xx_HAL_Driver/Src/stm32f7xx_hal.o
 .ARM.attributes
                0x000000000000075e       0x39 Drivers/STM32F7xx_HAL_Driver/Src/stm32f7xx_hal_adc.o
 .ARM.attributes
                0x0000000000000797       0x39 Drivers/STM32F7xx_HAL_Driver/Src/stm32f7xx_hal_cortex.o
 .ARM.attributes
                0x00000000000007d0       0x39 Drivers/STM32F7xx_HAL_Driver/Src/stm32f7xx_hal_dac.o
 .ARM.attributes
                0x0000000000000809       0x39 Drivers/STM32F7xx_HAL_Driver/Src/stm32f7xx_hal_dac_ex.o
 .ARM.attributes
                0x0000000000000842       0x39 Drivers/STM32F7xx_HAL_Driver/Src/stm32f7xx_hal_dma.o
 .ARM.attributes
                0x000000000000087b       0x39 Drivers/STM32F7xx_HAL_Driver/Src/stm32f7xx_hal_gpio.o
 .ARM.attributes
                0x00000000000008b4       0x39 Drivers/STM32F7xx_HAL_Driver/Src/stm32f7xx_hal_i2c.o
 .ARM.attributes
                0x00000000000008ed       0x39 Drivers/STM32F7xx_HAL_Driver/Src/stm32f7xx_hal_i2c_ex.o
 .ARM.attributes
                0x0000000000000926       0x39 Drivers/STM32F7xx_HAL_Driver/Src/stm32f7xx_hal_pwr.o
 .ARM.attributes
                0x000000000000095f       0x39 Drivers/STM32F7xx_HAL_Driver/Src/stm32f7xx_hal_pwr_ex.o
 .ARM.attributes
                0x0000000000000998       0x39 Drivers/STM32F7xx_HAL_Driver/Src/stm32f7xx_hal_rcc.o
 .ARM.attributes
                0x00000000000009d1       0x39 Drivers/STM32F7xx_HAL_Driver/Src/stm32f7xx_hal_rcc_ex.o
 .ARM.attributes
                0x0000000000000a0a       0x39 Drivers/STM32F7xx_HAL_Driver/Src/stm32f7xx_hal_spi.o
 .ARM.attributes
                0x0000000000000a43       0x39 Drivers/STM32F7xx_HAL_Driver/Src/stm32f7xx_hal_tim.o
 .ARM.attributes
                0x0000000000000a7c       0x39 Drivers/STM32F7xx_HAL_Driver/Src/stm32f7xx_hal_tim_ex.o
 .ARM.attributes
                0x0000000000000ab5       0x39 Drivers/STM32F7xx_HAL_Driver/Src/stm32f7xx_hal_uart.o
 .ARM.attributes
                0x0000000000000aee       0x34 c:/st/stm32cubeide_1.0.1/stm32cubeide/plugins/com.st.stm32cube.ide.mcu.externaltools.gnu-tools-for-stm32.7-2018-q2-update.win32_1.5.0.202011040924/tools/bin/../lib/gcc/arm-none-eabi/7.3.1/../../../../arm-none-eabi/lib/thumb/v7e-m/fpv4-sp/hard\libc_nano.a(lib_a-errno.o)
 .ARM.attributes
                0x0000000000000b22       0x34 c:/st/stm32cubeide_1.0.1/stm32cubeide/plugins/com.st.stm32cube.ide.mcu.externaltools.gnu-tools-for-stm32.7-2018-q2-update.win32_1.5.0.202011040924/tools/bin/../lib/gcc/arm-none-eabi/7.3.1/../../../../arm-none-eabi/lib/thumb/v7e-m/fpv4-sp/hard\libc_nano.a(lib_a-impure.o)
 .ARM.attributes
                0x0000000000000b56       0x34 c:/st/stm32cubeide_1.0.1/stm32cubeide/plugins/com.st.stm32cube.ide.mcu.externaltools.gnu-tools-for-stm32.7-2018-q2-update.win32_1.5.0.202011040924/tools/bin/../lib/gcc/arm-none-eabi/7.3.1/../../../../arm-none-eabi/lib/thumb/v7e-m/fpv4-sp/hard\libc_nano.a(lib_a-init.o)
 .ARM.attributes
                0x0000000000000b8a       0x34 c:/st/stm32cubeide_1.0.1/stm32cubeide/plugins/com.st.stm32cube.ide.mcu.externaltools.gnu-tools-for-stm32.7-2018-q2-update.win32_1.5.0.202011040924/tools/bin/../lib/gcc/arm-none-eabi/7.3.1/../../../../arm-none-eabi/lib/thumb/v7e-m/fpv4-sp/hard\libc_nano.a(lib_a-memset.o)
 .ARM.attributes
                0x0000000000000bbe       0x34 c:/st/stm32cubeide_1.0.1/stm32cubeide/plugins/com.st.stm32cube.ide.mcu.externaltools.gnu-tools-for-stm32.7-2018-q2-update.win32_1.5.0.202011040924/tools/bin/../lib/gcc/arm-none-eabi/7.3.1/../../../../arm-none-eabi/lib/thumb/v7e-m/fpv4-sp/hard\libc_nano.a(lib_a-sprintf.o)
 .ARM.attributes
                0x0000000000000bf2       0x1b c:/st/stm32cubeide_1.0.1/stm32cubeide/plugins/com.st.stm32cube.ide.mcu.externaltools.gnu-tools-for-stm32.7-2018-q2-update.win32_1.5.0.202011040924/tools/bin/../lib/gcc/arm-none-eabi/7.3.1/../../../../arm-none-eabi/lib/thumb/v7e-m/fpv4-sp/hard\libc_nano.a(lib_a-strlen.o)
 .ARM.attributes
                0x0000000000000c0d       0x34 c:/st/stm32cubeide_1.0.1/stm32cubeide/plugins/com.st.stm32cube.ide.mcu.externaltools.gnu-tools-for-stm32.7-2018-q2-update.win32_1.5.0.202011040924/tools/bin/../lib/gcc/arm-none-eabi/7.3.1/../../../../arm-none-eabi/lib/thumb/v7e-m/fpv4-sp/hard\libc_nano.a(lib_a-vsprintf.o)
 .ARM.attributes
                0x0000000000000c41       0x34 c:/st/stm32cubeide_1.0.1/stm32cubeide/plugins/com.st.stm32cube.ide.mcu.externaltools.gnu-tools-for-stm32.7-2018-q2-update.win32_1.5.0.202011040924/tools/bin/../lib/gcc/arm-none-eabi/7.3.1/../../../../arm-none-eabi/lib/thumb/v7e-m/fpv4-sp/hard\libc_nano.a(lib_a-nano-svfprintf.o)
 .ARM.attributes
                0x0000000000000c75       0x34 c:/st/stm32cubeide_1.0.1/stm32cubeide/plugins/com.st.stm32cube.ide.mcu.externaltools.gnu-tools-for-stm32.7-2018-q2-update.win32_1.5.0.202011040924/tools/bin/../lib/gcc/arm-none-eabi/7.3.1/../../../../arm-none-eabi/lib/thumb/v7e-m/fpv4-sp/hard\libc_nano.a(lib_a-nano-vfprintf_i.o)
 .ARM.attributes
                0x0000000000000ca9       0x20 c:/st/stm32cubeide_1.0.1/stm32cubeide/plugins/com.st.stm32cube.ide.mcu.externaltools.gnu-tools-for-stm32.7-2018-q2-update.win32_1.5.0.202011040924/tools/bin/../lib/gcc/arm-none-eabi/7.3.1/../../../../arm-none-eabi/lib/thumb/v7e-m/fpv4-sp/hard\libc_nano.a(lib_a-memchr.o)
 .ARM.attributes
                0x0000000000000cc9       0x34 c:/st/stm32cubeide_1.0.1/stm32cubeide/plugins/com.st.stm32cube.ide.mcu.externaltools.gnu-tools-for-stm32.7-2018-q2-update.win32_1.5.0.202011040924/tools/bin/../lib/gcc/arm-none-eabi/7.3.1/../../../../arm-none-eabi/lib/thumb/v7e-m/fpv4-sp/hard\libc_nano.a(lib_a-memcpy-stub.o)
 .ARM.attributes
                0x0000000000000cfd       0x34 c:/st/stm32cubeide_1.0.1/stm32cubeide/plugins/com.st.stm32cube.ide.mcu.externaltools.gnu-tools-for-stm32.7-2018-q2-update.win32_1.5.0.202011040924/tools/bin/../lib/gcc/arm-none-eabi/7.3.1/../../../../arm-none-eabi/lib/thumb/v7e-m/fpv4-sp/hard\libc_nano.a(lib_a-memmove.o)
 .ARM.attributes
                0x0000000000000d31       0x34 c:/st/stm32cubeide_1.0.1/stm32cubeide/plugins/com.st.stm32cube.ide.mcu.externaltools.gnu-tools-for-stm32.7-2018-q2-update.win32_1.5.0.202011040924/tools/bin/../lib/gcc/arm-none-eabi/7.3.1/../../../../arm-none-eabi/lib/thumb/v7e-m/fpv4-sp/hard\libc_nano.a(lib_a-nano-freer.o)
 .ARM.attributes
                0x0000000000000d65       0x34 c:/st/stm32cubeide_1.0.1/stm32cubeide/plugins/com.st.stm32cube.ide.mcu.externaltools.gnu-tools-for-stm32.7-2018-q2-update.win32_1.5.0.202011040924/tools/bin/../lib/gcc/arm-none-eabi/7.3.1/../../../../arm-none-eabi/lib/thumb/v7e-m/fpv4-sp/hard\libc_nano.a(lib_a-nano-mallocr.o)
 .ARM.attributes
                0x0000000000000d99       0x34 c:/st/stm32cubeide_1.0.1/stm32cubeide/plugins/com.st.stm32cube.ide.mcu.externaltools.gnu-tools-for-stm32.7-2018-q2-update.win32_1.5.0.202011040924/tools/bin/../lib/gcc/arm-none-eabi/7.3.1/../../../../arm-none-eabi/lib/thumb/v7e-m/fpv4-sp/hard\libc_nano.a(lib_a-nano-reallocr.o)
 .ARM.attributes
                0x0000000000000dcd       0x34 c:/st/stm32cubeide_1.0.1/stm32cubeide/plugins/com.st.stm32cube.ide.mcu.externaltools.gnu-tools-for-stm32.7-2018-q2-update.win32_1.5.0.202011040924/tools/bin/../lib/gcc/arm-none-eabi/7.3.1/../../../../arm-none-eabi/lib/thumb/v7e-m/fpv4-sp/hard\libc_nano.a(lib_a-sbrkr.o)
 .ARM.attributes
                0x0000000000000e01       0x34 c:/st/stm32cubeide_1.0.1/stm32cubeide/plugins/com.st.stm32cube.ide.mcu.externaltools.gnu-tools-for-stm32.7-2018-q2-update.win32_1.5.0.202011040924/tools/bin/../lib/gcc/arm-none-eabi/7.3.1/../../../../arm-none-eabi/lib/thumb/v7e-m/fpv4-sp/hard\libc_nano.a(lib_a-mlock.o)
 .ARM.attributes
                0x0000000000000e35       0x34 c:/st/stm32cubeide_1.0.1/stm32cubeide/plugins/com.st.stm32cube.ide.mcu.externaltools.gnu-tools-for-stm32.7-2018-q2-update.win32_1.5.0.202011040924/tools/bin/../lib/gcc/arm-none-eabi/7.3.1/../../../../arm-none-eabi/lib/thumb/v7e-m/fpv4-sp/hard\libc_nano.a(lib_a-nano-msizer.o)
 .ARM.attributes
                0x0000000000000e69       0x34 c:/st/stm32cubeide_1.0.1/stm32cubeide/plugins/com.st.stm32cube.ide.mcu.externaltools.gnu-tools-for-stm32.7-2018-q2-update.win32_1.5.0.202011040924/tools/bin/../lib/gcc/arm-none-eabi/7.3.1/../../../../arm-none-eabi/lib/thumb/v7e-m/fpv4-sp/hard\libc_nano.a(lib_a-reent.o)
 .ARM.attributes
                0x0000000000000e9d       0x22 c:/st/stm32cubeide_1.0.1/stm32cubeide/plugins/com.st.stm32cube.ide.mcu.externaltools.gnu-tools-for-stm32.7-2018-q2-update.win32_1.5.0.202011040924/tools/bin/../lib/gcc/arm-none-eabi/7.3.1/thumb/v7e-m/fpv4-sp/hard\libgcc.a(_arm_addsubdf3.o)
 .ARM.attributes
                0x0000000000000ebf       0x22 c:/st/stm32cubeide_1.0.1/stm32cubeide/plugins/com.st.stm32cube.ide.mcu.externaltools.gnu-tools-for-stm32.7-2018-q2-update.win32_1.5.0.202011040924/tools/bin/../lib/gcc/arm-none-eabi/7.3.1/thumb/v7e-m/fpv4-sp/hard\libgcc.a(_arm_muldivdf3.o)
 .ARM.attributes
                0x0000000000000ee1       0x22 c:/st/stm32cubeide_1.0.1/stm32cubeide/plugins/com.st.stm32cube.ide.mcu.externaltools.gnu-tools-for-stm32.7-2018-q2-update.win32_1.5.0.202011040924/tools/bin/../lib/gcc/arm-none-eabi/7.3.1/thumb/v7e-m/fpv4-sp/hard\libgcc.a(_arm_fixunsdfsi.o)
 .ARM.attributes
                0x0000000000000f03       0x22 c:/st/stm32cubeide_1.0.1/stm32cubeide/plugins/com.st.stm32cube.ide.mcu.externaltools.gnu-tools-for-stm32.7-2018-q2-update.win32_1.5.0.202011040924/tools/bin/../lib/gcc/arm-none-eabi/7.3.1/thumb/v7e-m/fpv4-sp/hard\libgcc.a(_arm_truncdfsf2.o)
 .ARM.attributes
                0x0000000000000f25       0x22 c:/st/stm32cubeide_1.0.1/stm32cubeide/plugins/com.st.stm32cube.ide.mcu.externaltools.gnu-tools-for-stm32.7-2018-q2-update.win32_1.5.0.202011040924/tools/bin/../lib/gcc/arm-none-eabi/7.3.1/thumb/v7e-m/fpv4-sp/hard\libgcc.a(_aeabi_uldivmod.o)
 .ARM.attributes
                0x0000000000000f47       0x34 c:/st/stm32cubeide_1.0.1/stm32cubeide/plugins/com.st.stm32cube.ide.mcu.externaltools.gnu-tools-for-stm32.7-2018-q2-update.win32_1.5.0.202011040924/tools/bin/../lib/gcc/arm-none-eabi/7.3.1/thumb/v7e-m/fpv4-sp/hard\libgcc.a(_udivmoddi4.o)
 .ARM.attributes
                0x0000000000000f7b       0x22 c:/st/stm32cubeide_1.0.1/stm32cubeide/plugins/com.st.stm32cube.ide.mcu.externaltools.gnu-tools-for-stm32.7-2018-q2-update.win32_1.5.0.202011040924/tools/bin/../lib/gcc/arm-none-eabi/7.3.1/thumb/v7e-m/fpv4-sp/hard\libgcc.a(_dvmd_tls.o)
 .ARM.attributes
                0x0000000000000f9d       0x22 c:/st/stm32cubeide_1.0.1/stm32cubeide/plugins/com.st.stm32cube.ide.mcu.externaltools.gnu-tools-for-stm32.7-2018-q2-update.win32_1.5.0.202011040924/tools/bin/../lib/gcc/arm-none-eabi/7.3.1/thumb/v7e-m/fpv4-sp/hard/crtn.o
OUTPUT(NUCLEO_EXAMPLE.elf elf32-littlearm)

.debug_info     0x0000000000000000    0x21bbd
 .debug_info    0x0000000000000000      0x77b Components/Src/bh1750.o
 .debug_info    0x000000000000077b      0x72d Components/Src/bh1750_config.o
 .debug_info    0x0000000000000ea8      0xbaa Components/Src/bmp280.o
 .debug_info    0x0000000000001a52      0xba1 Components/Src/bmp280_config.o
 .debug_info    0x00000000000025f3      0x2e2 Components/Src/btn_config.o
 .debug_info    0x00000000000028d5      0x860 Components/Src/dimmer.o
 .debug_info    0x0000000000003135      0x7e2 Components/Src/dimmer_config.o
 .debug_info    0x0000000000003917      0x701 Components/Src/encoder.o
 .debug_info    0x0000000000004018      0x6ef Components/Src/encoder_config.o
 .debug_info    0x0000000000004707      0x71e Components/Src/heater_pwm.o
 .debug_info    0x0000000000004e25      0x6ed Components/Src/heater_pwm_config.o
 .debug_info    0x0000000000005512      0xe30 Components/Src/lcd.o
 .debug_info    0x0000000000006342      0xb2a Components/Src/lcd_config.o
 .debug_info    0x0000000000006e6c      0x32d Components/Src/led.o
 .debug_info    0x0000000000007199      0x2ed Components/Src/led_config.o
 .debug_info    0x0000000000007486      0x7d2 Components/Src/led_rgb.o
 .debug_info    0x0000000000007c58      0x705 Components/Src/led_rgb_config.o
 .debug_info    0x000000000000835d      0xa34 Core/Src/adc.o
 .debug_info    0x0000000000008d91      0xbb3 Core/Src/dac.o
 .debug_info    0x0000000000009944      0x60d Core/Src/dma.o
 .debug_info    0x0000000000009f51      0x7e3 Core/Src/gpio.o
 .debug_info    0x000000000000a734      0xa37 Core/Src/i2c.o
 .debug_info    0x000000000000b16b     0x2924 Core/Src/main.o
 .debug_info    0x000000000000da8f      0xa02 Core/Src/spi.o
 .debug_info    0x000000000000e491      0x389 Core/Src/stm32f7xx_hal_msp.o
 .debug_info    0x000000000000e81a      0xc09 Core/Src/stm32f7xx_it.o
 .debug_info    0x000000000000f423      0x985 Core/Src/sysmem.o
 .debug_info    0x000000000000fda8      0x73d Core/Src/system_stm32f7xx.o
 .debug_info    0x00000000000104e5     0x1007 Core/Src/tim.o
 .debug_info    0x00000000000114ec      0xccc Core/Src/usart.o
 .debug_info    0x00000000000121b8       0x22 Core/Startup/startup_stm32f746zgtx.o
 .debug_info    0x00000000000121da      0x9d3 Drivers/STM32F7xx_HAL_Driver/Src/stm32f7xx_hal.o
 .debug_info    0x0000000000012bad      0xc9d Drivers/STM32F7xx_HAL_Driver/Src/stm32f7xx_hal_adc.o
 .debug_info    0x000000000001384a     0x104a Drivers/STM32F7xx_HAL_Driver/Src/stm32f7xx_hal_cortex.o
 .debug_info    0x0000000000014894      0xa3a Drivers/STM32F7xx_HAL_Driver/Src/stm32f7xx_hal_dac.o
 .debug_info    0x00000000000152ce      0x7c0 Drivers/STM32F7xx_HAL_Driver/Src/stm32f7xx_hal_dac_ex.o
 .debug_info    0x0000000000015a8e      0x968 Drivers/STM32F7xx_HAL_Driver/Src/stm32f7xx_hal_dma.o
 .debug_info    0x00000000000163f6      0x7dc Drivers/STM32F7xx_HAL_Driver/Src/stm32f7xx_hal_gpio.o
 .debug_info    0x0000000000016bd2     0x1fb9 Drivers/STM32F7xx_HAL_Driver/Src/stm32f7xx_hal_i2c.o
 .debug_info    0x0000000000018b8b      0x738 Drivers/STM32F7xx_HAL_Driver/Src/stm32f7xx_hal_i2c_ex.o
 .debug_info    0x00000000000192c3      0x9b4 Drivers/STM32F7xx_HAL_Driver/Src/stm32f7xx_hal_pwr.o
 .debug_info    0x0000000000019c77      0x96b Drivers/STM32F7xx_HAL_Driver/Src/stm32f7xx_hal_pwr_ex.o
 .debug_info    0x000000000001a5e2      0x935 Drivers/STM32F7xx_HAL_Driver/Src/stm32f7xx_hal_rcc.o
 .debug_info    0x000000000001af17      0x7ad Drivers/STM32F7xx_HAL_Driver/Src/stm32f7xx_hal_rcc_ex.o
 .debug_info    0x000000000001b6c4     0x166a Drivers/STM32F7xx_HAL_Driver/Src/stm32f7xx_hal_spi.o
 .debug_info    0x000000000001cd2e     0x25a2 Drivers/STM32F7xx_HAL_Driver/Src/stm32f7xx_hal_tim.o
 .debug_info    0x000000000001f2d0     0x121c Drivers/STM32F7xx_HAL_Driver/Src/stm32f7xx_hal_tim_ex.o
 .debug_info    0x00000000000204ec     0x16d1 Drivers/STM32F7xx_HAL_Driver/Src/stm32f7xx_hal_uart.o

.debug_abbrev   0x0000000000000000     0x4ed9
 .debug_abbrev  0x0000000000000000      0x185 Components/Src/bh1750.o
 .debug_abbrev  0x0000000000000185      0x13c Components/Src/bh1750_config.o
 .debug_abbrev  0x00000000000002c1      0x1b8 Components/Src/bmp280.o
 .debug_abbrev  0x0000000000000479      0x1cc Components/Src/bmp280_config.o
 .debug_abbrev  0x0000000000000645      0x116 Components/Src/btn_config.o
 .debug_abbrev  0x000000000000075b      0x1a1 Components/Src/dimmer.o
 .debug_abbrev  0x00000000000008fc      0x133 Components/Src/dimmer_config.o
 .debug_abbrev  0x0000000000000a2f      0x16d Components/Src/encoder.o