Archive member included to satisfy reference by file (symbol)

c:/st/stm32cubeide_1.0.1/stm32cubeide/plugins/com.st.stm32cube.ide.mcu.externaltools.gnu-tools-for-stm32.7-2018-q2-update.win32_1.5.0.202011040924/tools/bin/../lib/gcc/arm-none-eabi/7.3.1/../../../../arm-none-eabi/lib/thumb/v7e-m/fpv4-sp/hard\libc_nano.a(lib_a-errno.o)
                              Core/Src/syscalls.o (__errno)
c:/st/stm32cubeide_1.0.1/stm32cubeide/plugins/com.st.stm32cube.ide.mcu.externaltools.gnu-tools-for-stm32.7-2018-q2-update.win32_1.5.0.202011040924/tools/bin/../lib/gcc/arm-none-eabi/7.3.1/../../../../arm-none-eabi/lib/thumb/v7e-m/fpv4-sp/hard\libc_nano.a(lib_a-exit.o)
                              c:/st/stm32cubeide_1.0.1/stm32cubeide/plugins/com.st.stm32cube.ide.mcu.externaltools.gnu-tools-for-stm32.7-2018-q2-update.win32_1.5.0.202011040924/tools/bin/../lib/gcc/arm-none-eabi/7.3.1/../../../../arm-none-eabi/lib/thumb/v7e-m/fpv4-sp/hard/crt0.o (exit)
c:/st/stm32cubeide_1.0.1/stm32cubeide/plugins/com.st.stm32cube.ide.mcu.externaltools.gnu-tools-for-stm32.7-2018-q2-update.win32_1.5.0.202011040924/tools/bin/../lib/gcc/arm-none-eabi/7.3.1/../../../../arm-none-eabi/lib/thumb/v7e-m/fpv4-sp/hard\libc_nano.a(lib_a-impure.o)
                              c:/st/stm32cubeide_1.0.1/stm32cubeide/plugins/com.st.stm32cube.ide.mcu.externaltools.gnu-tools-for-stm32.7-2018-q2-update.win32_1.5.0.202011040924/tools/bin/../lib/gcc/arm-none-eabi/7.3.1/../../../../arm-none-eabi/lib/thumb/v7e-m/fpv4-sp/hard\libc_nano.a(lib_a-exit.o) (_global_impure_ptr)
c:/st/stm32cubeide_1.0.1/stm32cubeide/plugins/com.st.stm32cube.ide.mcu.externaltools.gnu-tools-for-stm32.7-2018-q2-update.win32_1.5.0.202011040924/tools/bin/../lib/gcc/arm-none-eabi/7.3.1/../../../../arm-none-eabi/lib/thumb/v7e-m/fpv4-sp/hard\libc_nano.a(lib_a-init.o)
                              c:/st/stm32cubeide_1.0.1/stm32cubeide/plugins/com.st.stm32cube.ide.mcu.externaltools.gnu-tools-for-stm32.7-2018-q2-update.win32_1.5.0.202011040924/tools/bin/../lib/gcc/arm-none-eabi/7.3.1/../../../../arm-none-eabi/lib/thumb/v7e-m/fpv4-sp/hard/crt0.o (__libc_init_array)
c:/st/stm32cubeide_1.0.1/stm32cubeide/plugins/com.st.stm32cube.ide.mcu.externaltools.gnu-tools-for-stm32.7-2018-q2-update.win32_1.5.0.202011040924/tools/bin/../lib/gcc/arm-none-eabi/7.3.1/../../../../arm-none-eabi/lib/thumb/v7e-m/fpv4-sp/hard\libc_nano.a(lib_a-memset.o)
                              c:/st/stm32cubeide_1.0.1/stm32cubeide/plugins/com.st.stm32cube.ide.mcu.externaltools.gnu-tools-for-stm32.7-2018-q2-update.win32_1.5.0.202011040924/tools/bin/../lib/gcc/arm-none-eabi/7.3.1/../../../../arm-none-eabi/lib/thumb/v7e-m/fpv4-sp/hard/crt0.o (memset)
c:/st/stm32cubeide_1.0.1/stm32cubeide/plugins/com.st.stm32cube.ide.mcu.externaltools.gnu-tools-for-stm32.7-2018-q2-update.win32_1.5.0.202011040924/tools/bin/../lib/gcc/arm-none-eabi/7.3.1/../../../../arm-none-eabi/lib/thumb/v7e-m/fpv4-sp/hard\libc_nano.a(lib_a-sprintf.o)
                              Components/Src/lcd.o (sprintf)
c:/st/stm32cubeide_1.0.1/stm32cubeide/plugins/com.st.stm32cube.ide.mcu.externaltools.gnu-tools-for-stm32.7-2018-q2-update.win32_1.5.0.202011040924/tools/bin/../lib/gcc/arm-none-eabi/7.3.1/../../../../arm-none-eabi/lib/thumb/v7e-m/fpv4-sp/hard\libc_nano.a(lib_a-strlen.o)
                              Components/Src/lcd.o (strlen)
c:/st/stm32cubeide_1.0.1/stm32cubeide/plugins/com.st.stm32cube.ide.mcu.externaltools.gnu-tools-for-stm32.7-2018-q2-update.win32_1.5.0.202011040924/tools/bin/../lib/gcc/arm-none-eabi/7.3.1/../../../../arm-none-eabi/lib/thumb/v7e-m/fpv4-sp/hard\libc_nano.a(lib_a-vsprintf.o)
                              Components/Src/lcd.o (vsprintf)
c:/st/stm32cubeide_1.0.1/stm32cubeide/plugins/com.st.stm32cube.ide.mcu.externaltools.gnu-tools-for-stm32.7-2018-q2-update.win32_1.5.0.202011040924/tools/bin/../lib/gcc/arm-none-eabi/7.3.1/../../../../arm-none-eabi/lib/thumb/v7e-m/fpv4-sp/hard\libc_nano.a(lib_a-nano-svfprintf.o)
                              c:/st/stm32cubeide_1.0.1/stm32cubeide/plugins/com.st.stm32cube.ide.mcu.externaltools.gnu-tools-for-stm32.7-2018-q2-update.win32_1.5.0.202011040924/tools/bin/../lib/gcc/arm-none-eabi/7.3.1/../../../../arm-none-eabi/lib/thumb/v7e-m/fpv4-sp/hard\libc_nano.a(lib_a-sprintf.o) (_svfprintf_r)
c:/st/stm32cubeide_1.0.1/stm32cubeide/plugins/com.st.stm32cube.ide.mcu.externaltools.gnu-tools-for-stm32.7-2018-q2-update.win32_1.5.0.202011040924/tools/bin/../lib/gcc/arm-none-eabi/7.3.1/../../../../arm-none-eabi/lib/thumb/v7e-m/fpv4-sp/hard\libc_nano.a(lib_a-nano-vfprintf_i.o)
                              c:/st/stm32cubeide_1.0.1/stm32cubeide/plugins/com.st.stm32cube.ide.mcu.externaltools.gnu-tools-for-stm32.7-2018-q2-update.win32_1.5.0.202011040924/tools/bin/../lib/gcc/arm-none-eabi/7.3.1/../../../../arm-none-eabi/lib/thumb/v7e-m/fpv4-sp/hard\libc_nano.a(lib_a-nano-svfprintf.o) (_printf_i)
[...]
Memory Configuration

Name             Origin             Length             Attributes
RAM              0x0000000020000000 0x0000000000050000 xrw
FLASH            0x0000000008000000 0x0000000000100000 xr
*default*        0x0000000000000000 0xffffffffffffffff

Linker script and memory map

LOAD c:/st/stm32cubeide_1.0.1/stm32cubeide/plugins/com.st.stm32cube.ide.mcu.externaltools.gnu-tools-for-stm32.7-2018-q2-update.win32_1.5.0.202011040924/tools/bin/../lib/gcc/arm-none-eabi/7.3.1/thumb/v7e-m/fpv4-sp/hard/crti.o
LOAD c:/st/stm32cubeide_1.0.1/stm32cubeide/plugins/com.st.stm32cube.ide.mcu.externaltools.gnu-tools-for-stm32.7-2018-q2-update.win32_1.5.0.202011040924/tools/bin/../lib/gcc/arm-none-eabi/7.3.1/thumb/v7e-m/fpv4-sp/hard/crtbegin.o
LOAD c:/st/stm32cubeide_1.0.1/stm32cubeide/plugins/com.st.stm32cube.ide.mcu.externaltools.gnu-tools-for-stm32.7-2018-q2-update.win32_1.5.0.202011040924/tools/bin/../lib/gcc/arm-none-eabi/7.3.1/../../../../arm-none-eabi/lib/thumb/v7e-m/fpv4-sp/hard/crt0.o
LOAD Components/Src/bh1750.o
LOAD Components/Src/bh1750_config.o
LOAD Components/Src/bmp280.o
LOAD Components/Src/bmp280_config.o
LOAD Components/Src/btn.o
LOAD Components/Src/btn_config.o
LOAD Components/Src/dimmer.o
LOAD Components/Src/dimmer_config.o
LOAD Components/Src/disp.o
LOAD Components/Src/disp_config.o
LOAD Components/Src/encoder.o
LOAD Components/Src/encoder_config.o
LOAD Components/Src/heater_pwm.o
LOAD Components/Src/heater_pwm_config.o
LOAD Components/Src/lcd.o
LOAD Components/Src/lcd_config.o
LOAD Components/Src/led.o
LOAD Components/Src/led_config.o
LOAD Components/Src/led_pwm.o
LOAD Components/Src/led_pwm_config.o
LOAD Components/Src/led_rgb.o
LOAD Components/Src/led_rgb_config.o
LOAD Components/Src/menu.o
LOAD Components/Src/menu_config.o
LOAD Core/Src/adc.o
LOAD Core/Src/dac.o
LOAD Core/Src/dma.o
LOAD Core/Src/gpio.o
LOAD Core/Src/i2c.o
LOAD Core/Src/main.o
LOAD Core/Src/spi.o
LOAD Core/Src/stm32f7xx_hal_msp.o
LOAD Core/Src/stm32f7xx_it.o
LOAD Core/Src/syscalls.o
LOAD Core/Src/sysmem.o
LOAD Core/Src/system_stm32f7xx.o
LOAD Core/Src/tim.o
LOAD Core/Src/usart.o
LOAD Core/Startup/startup_stm32f746zgtx.o
LOAD Drivers/STM32F7xx_HAL_Driver/Src/stm32f7xx_hal.o
LOAD Drivers/STM32F7xx_HAL_Driver/Src/stm32f7xx_hal_adc.o
LOAD Drivers/STM32F7xx_HAL_Driver/Src/stm32f7xx_hal_adc_ex.o
LOAD Drivers/STM32F7xx_HAL_Driver/Src/stm32f7xx_hal_cortex.o
LOAD Drivers/STM32F7xx_HAL_Driver/Src/stm32f7xx_hal_dac.o
LOAD Drivers/STM32F7xx_HAL_Driver/Src/stm32f7xx_hal_dac_ex.o
LOAD Drivers/STM32F7xx_HAL_Driver/Src/stm32f7xx_hal_dma.o
LOAD Drivers/STM32F7xx_HAL_Driver/Src/stm32f7xx_hal_dma_ex.o
LOAD Drivers/STM32F7xx_HAL_Driver/Src/stm32f7xx_hal_exti.o
LOAD Drivers/STM32F7xx_HAL_Driver/Src/stm32f7xx_hal_flash.o
LOAD Drivers/STM32F7xx_HAL_Driver/Src/stm32f7xx_hal_flash_ex.o
LOAD Drivers/STM32F7xx_HAL_Driver/Src/stm32f7xx_hal_gpio.o
LOAD Drivers/STM32F7xx_HAL_Driver/Src/stm32f7xx_hal_i2c.o
LOAD Drivers/STM32F7xx_HAL_Driver/Src/stm32f7xx_hal_i2c_ex.o
LOAD Drivers/STM32F7xx_HAL_Driver/Src/stm32f7xx_hal_pwr.o
LOAD Drivers/STM32F7xx_HAL_Driver/Src/stm32f7xx_hal_pwr_ex.o
LOAD Drivers/STM32F7xx_HAL_Driver/Src/stm32f7xx_hal_rcc.o
LOAD Drivers/STM32F7xx_HAL_Driver/Src/stm32f7xx_hal_rcc_ex.o
LOAD Drivers/STM32F7xx_HAL_Driver/Src/stm32f7xx_hal_spi.o
LOAD Drivers/STM32F7xx_HAL_Driver/Src/stm32f7xx_hal_spi_ex.o
LOAD Drivers/STM32F7xx_HAL_Driver/Src/stm32f7xx_hal_tim.o
LOAD Drivers/STM32F7xx_HAL_Driver/Src/stm32f7xx_hal_tim_ex.o
LOAD Drivers/STM32F7xx_HAL_Driver/Src/stm32f7xx_hal_uart.o
LOAD Drivers/STM32F7xx_HAL_Driver/Src/stm32f7xx_hal_uart_ex.o
START GROUP
LOAD c:/st/stm32cubeide_1.0.1/stm32cubeide/plugins/com.st.stm32cube.ide.mcu.externaltools.gnu-tools-for-stm32.7-2018-q2-update.win32_1.5.0.202011040924/tools/bin/../lib/gcc/arm-none-eabi/7.3.1/../../../../arm-none-eabi/lib/thumb/v7e-m/fpv4-sp/hard\libc_nano.a
LOAD c:/st/stm32cubeide_1.0.1/stm32cubeide/plugins/com.st.stm32cube.ide.mcu.externaltools.gnu-tools-for-stm32.7-2018-q2-update.win32_1.5.0.202011040924/tools/bin/../lib/gcc/arm-none-eabi/7.3.1/../../../../arm-none-eabi/lib/thumb/v7e-m/fpv4-sp/hard\libm.a
END GROUP
START GROUP
LOAD c:/st/stm32cubeide_1.0.1/stm32cubeide/plugins/com.st.stm32cube.ide.mcu.externaltools.gnu-tools-for-stm32.7-2018-q2-update.win32_1.5.0.202011040924/tools/bin/../lib/gcc/arm-none-eabi/7.3.1/thumb/v7e-m/fpv4-sp/hard\libgcc.a
LOAD c:/st/stm32cubeide_1.0.1/stm32cubeide/plugins/com.st.stm32cube.ide.mcu.externaltools.gnu-tools-for-stm32.7-2018-q2-update.win32_1.5.0.202011040924/tools/bin/../lib/gcc/arm-none-eabi/7.3.1/../../../../arm-none-eabi/lib/thumb/v7e-m/fpv4-sp/hard\libc_nano.a
END GROUP
START GROUP
LOAD c:/st/stm32cubeide_1.0.1/stm32cubeide/plugins/com.st.stm32cube.ide.mcu.externaltools.gnu-tools-for-stm32.7-2018-q2-update.win32_1.5.0.202011040924/tools/bin/../lib/gcc/arm-none-eabi/7.3.1/thumb/v7e-m/fpv4-sp/hard\libgcc.a
LOAD c:/st/stm32cubeide_1.0.1/stm32cubeide/plugins/com.st.stm32cube.ide.mcu.externaltools.gnu-tools-for-stm32.7-2018-q2-update.win32_1.5.0.202011040924/tools/bin/../lib/gcc/arm-none-eabi/7.3.1/../../../../arm-none-eabi/lib/thumb/v7e-m/fpv4-sp/hard\libc_nano.a
LOAD c:/st/stm32cubeide_1.0.1/stm32cubeide/plugins/com.st.stm32cube.ide.mcu.externaltools.gnu-tools-for-stm32.7-2018-q2-update.win32_1.5.0.202011040924/tools/bin/../lib/gcc/arm-none-eabi/7.3.1/../../../../arm-none-eabi/lib/thumb/v7e-m/fpv4-sp/hard\libnosys.a
END GROUP
START GROUP
LOAD c:/st/stm32cubeide_1.0.1/stm32cubeide/plugins/com.st.stm32cube.ide.mcu.externaltools.gnu-tools-for-stm32.7-2018-q2-update.win32_1.5.0.202011040924/tools/bin/../lib/gcc/arm-none-eabi/7.3.1/thumb/v7e-m/fpv4-sp/hard\libgcc.a
LOAD c:/st/stm32cubeide_1.0.1/stm32cubeide/plugins/com.st.stm32cube.ide.mcu.externaltools.gnu-tools-for-stm32.7-2018-q2-update.win32_1.5.0.202011040924/tools/bin/../lib/gcc/arm-none-eabi/7.3.1/../../../../arm-none-eabi/lib/thumb/v7e-m/fpv4-sp/hard\libc_nano.a
LOAD c:/st/stm32cubeide_1.0.1/stm32cubeide/plugins/com.st.stm32cube.ide.mcu.externaltools.gnu-tools-for-stm32.7-2018-q2-update.win32_1.5.0.202011040924/tools/bin/../lib/gcc/arm-none-eabi/7.3.1/../../../../arm-none-eabi/lib/thumb/v7e-m/fpv4-sp/hard\libnosys.a
END GROUP
LOAD c:/st/stm32cubeide_1.0.1/stm32cubeide/plugins/com.st.stm32cube.ide.mcu.externaltools.gnu-tools-for-stm32.7-2018-q2-update.win32_1.5.0.202011040924/tools/bin/../lib/gcc/arm-none-eabi/7.3.1/thumb/v7e-m/fpv4-sp/hard/crtend.o
LOAD c:/st/stm32cubeide_1.0.1/stm32cubeide/plugins/com.st.stm32cube.ide.mcu.externaltools.gnu-tools-for-stm32.7-2018-q2-update.win32_1.5.0.202011040924/tools/bin/../lib/gcc/arm-none-eabi/7.3.1/thumb/v7e-m/fpv4-sp/hard/crtn.o
                0x0000000020050000                _estack = (ORIGIN (RAM) + LENGTH (RAM))
                0x0000000000000200                _Min_Heap_Size = 0x200
                0x0000000000000400                _Min_Stack_Size = 0x400

.isr_vector     0x0000000008000000      0x1c8
                0x0000000008000000                . = ALIGN (0x4)
 *(.isr_vector)
 .isr_vector    0x0000000008000000      0x1c8 Core/Startup/startup_stm32f746zgtx.o
                0x0000000008000000                g_pfnVectors
                0x00000000080001c8                . = ALIGN (0x4)

.text           0x00000000080001d0     0xa730
                0x00000000080001d0                . = ALIGN (0x4)
 *(.text)
 .text          0x00000000080001d0       0x40 c:/st/stm32cubeide_1.0.1/stm32cubeide/plugins/com.st.stm32cube.ide.mcu.externaltools.gnu-tools-for-stm32.7-2018-q2-update.win32_1.5.0.202011040924/tools/bin/../lib/gcc/arm-none-eabi/7.3.1/thumb/v7e-m/fpv4-sp/hard/crtbegin.o
 .text          0x0000000008000210       0x10 c:/st/stm32cubeide_1.0.1/stm32cubeide/plugins/com.st.stm32cube.ide.mcu.externaltools.gnu-tools-for-stm32.7-2018-q2-update.win32_1.5.0.202011040924/tools/bin/../lib/gcc/arm-none-eabi/7.3.1/../../../../arm-none-eabi/lib/thumb/v7e-m/fpv4-sp/hard\libc_nano.a(lib_a-strlen.o)
                0x0000000008000210                strlen
 .text          0x0000000008000220       0xa0 c:/st/stm32cubeide_1.0.1/stm32cubeide/plugins/com.st.stm32cube.ide.mcu.externaltools.gnu-tools-for-stm32.7-2018-q2-update.win32_1.5.0.202011040924/tools/bin/../lib/gcc/arm-none-eabi/7.3.1/../../../../arm-none-eabi/lib/thumb/v7e-m/fpv4-sp/hard\libc_nano.a(lib_a-memchr.o)
                0x0000000008000220                memchr
 .text          0x00000000080002c0      0x378 c:/st/stm32cubeide_1.0.1/stm32cubeide/plugins/com.st.stm32cube.ide.mcu.externaltools.gnu-tools-for-stm32.7-2018-q2-update.win32_1.5.0.202011040924/tools/bin/../lib/gcc/arm-none-eabi/7.3.1/thumb/v7e-m/fpv4-sp/hard\libgcc.a(_arm_addsubdf3.o)
                0x00000000080002c0                __aeabi_drsub
                0x00000000080002c8                __aeabi_dsub
                0x00000000080002c8                __subdf3
                0x00000000080002cc                __aeabi_dadd
                0x00000000080002cc                __adddf3
                0x0000000008000544                __floatunsidf
                0x0000000008000544                __aeabi_ui2d
                0x0000000008000564                __floatsidf
                0x0000000008000564                __aeabi_i2d
                0x0000000008000588                __aeabi_f2d
                0x0000000008000588                __extendsfdf2
                0x00000000080005cc                __floatundidf
                0x00000000080005cc                __aeabi_ul2d
                0x00000000080005dc                __floatdidf
                0x00000000080005dc                __aeabi_l2d
 .text          0x0000000008000638      0x424 c:/st/stm32cubeide_1.0.1/stm32cubeide/plugins/com.st.stm32cube.ide.mcu.externaltools.gnu-tools-for-stm32.7-2018-q2-update.win32_1.5.0.202011040924/tools/bin/../lib/gcc/arm-none-eabi/7.3.1/thumb/v7e-m/fpv4-sp/hard\libgcc.a(_arm_muldivdf3.o)
                0x0000000008000638                __aeabi_dmul
                0x0000000008000638                __muldf3
                0x000000000800088c                __divdf3
                0x000000000800088c                __aeabi_ddiv
 .text          0x0000000008000a5c       0x40 c:/st/stm32cubeide_1.0.1/stm32cubeide/plugins/com.st.stm32cube.ide.mcu.externaltools.gnu-tools-for-stm32.7-2018-q2-update.win32_1.5.0.202011040924/tools/bin/../lib/gcc/arm-none-eabi/7.3.1/thumb/v7e-m/fpv4-sp/hard\libgcc.a(_arm_fixunsdfsi.o)
                0x0000000008000a5c                __aeabi_d2uiz
                0x0000000008000a5c                __fixunsdfsi
 .text          0x0000000008000a9c       0xa0 c:/st/stm32cubeide_1.0.1/stm32cubeide/plugins/com.st.stm32cube.ide.mcu.externaltools.gnu-tools-for-stm32.7-2018-q2-update.win32_1.5.0.202011040924/tools/bin/../lib/gcc/arm-none-eabi/7.3.1/thumb/v7e-m/fpv4-sp/hard\libgcc.a(_arm_truncdfsf2.o)
                0x0000000008000a9c                __truncdfsf2
                0x0000000008000a9c                __aeabi_d2f
 .text          0x0000000008000b3c       0x30 c:/st/stm32cubeide_1.0.1/stm32cubeide/plugins/com.st.stm32cube.ide.mcu.externaltools.gnu-tools-for-stm32.7-2018-q2-update.win32_1.5.0.202011040924/tools/bin/../lib/gcc/arm-none-eabi/7.3.1/thumb/v7e-m/fpv4-sp/hard\libgcc.a(_aeabi_uldivmod.o)
                0x0000000008000b3c                __aeabi_uldivmod
 .text          0x0000000008000b6c      0x2cc c:/st/stm32cubeide_1.0.1/stm32cubeide/plugins/com.st.stm32cube.ide.mcu.externaltools.gnu-tools-for-stm32.7-2018-q2-update.win32_1.5.0.202011040924/tools/bin/../lib/gcc/arm-none-eabi/7.3.1/thumb/v7e-m/fpv4-sp/hard\libgcc.a(_udivmoddi4.o)
                0x0000000008000b6c                __udivmoddi4
 .text          0x0000000008000e38        0x4 c:/st/stm32cubeide_1.0.1/stm32cubeide/plugins/com.st.stm32cube.ide.mcu.externaltools.gnu-tools-for-stm32.7-2018-q2-update.win32_1.5.0.202011040924/tools/bin/../lib/gcc/arm-none-eabi/7.3.1/thumb/v7e-m/fpv4-sp/hard\libgcc.a(_dvmd_tls.o)
                0x0000000008000e38                __aeabi_idiv0
                0x0000000008000e38                __aeabi_ldiv0
 *(.text*)
 .text.BH1750_Init
                0x0000000008000e3c       0x4c Components/Src/bh1750.o
                0x0000000008000e3c                BH1750_Init
 .text.BH1750_ReadLux
                0x0000000008000e88       0x5c Components/Src/bh1750.o
                0x0000000008000e88                BH1750_ReadLux
 .text.bmp280_get_regs
                0x0000000008000ee4       0x6e Components/Src/bmp280.o
                0x0000000008000ee4                bmp280_get_regs
 .text.bmp280_set_regs
                0x0000000008000f52       0xdc Components/Src/bmp280.o
                0x0000000008000f52                bmp280_set_regs
 .text.bmp280_soft_reset
                0x000000000800102e       0x4a Components/Src/bmp280.o
                0x000000000800102e                bmp280_soft_reset
 .text.bmp280_init
                0x0000000008001078       0xcc Components/Src/bmp280.o
                0x0000000008001078                bmp280_init
 .text.bmp280_get_config
                0x0000000008001144       0xa4 Components/Src/bmp280.o
                0x0000000008001144                bmp280_get_config
 .text.bmp280_set_config
                0x00000000080011e8       0x1e Components/Src/bmp280.o
                0x00000000080011e8                bmp280_set_config
 .text.bmp280_set_power_mode
                0x0000000008001206       0x3e Components/Src/bmp280.o
                0x0000000008001206                bmp280_set_power_mode
 .text.bmp280_get_uncomp_data
                0x0000000008001244       0x9e Components/Src/bmp280.o
                0x0000000008001244                bmp280_get_uncomp_data
 .text.bmp280_get_comp_temp_32bit
                0x00000000080012e2       0xd6 Components/Src/bmp280.o
                0x00000000080012e2                bmp280_get_comp_temp_32bit
 .text.null_ptr_check
                0x00000000080013b8       0x40 Components/Src/bmp280.o
 .text.interleave_data
                0x00000000080013f8       0x56 Components/Src/bmp280.o
 .text.get_calib_param
                0x000000000800144e      0x13a Components/Src/bmp280.o
 .text.conf_sensor
                0x0000000008001588      0x174 Components/Src/bmp280.o
 .text.st_check_boundaries
                0x00000000080016fc       0x70 Components/Src/bmp280.o
 .text.BMP280_Init
                0x000000000800176c       0x5a Components/Src/bmp280_config.o
                0x000000000800176c                BMP280_Init
 *fill*         0x00000000080017c6        0x2 
 .text.bmp280_spi_reg_write
                0x00000000080017c8       0xe8 Components/Src/bmp280_config.o
                0x00000000080017c8                bmp280_spi_reg_write
 .text.bmp280_spi_reg_read
                0x00000000080018b0      0x11c Components/Src/bmp280_config.o
                0x00000000080018b0                bmp280_spi_reg_read
 .text.LAMP_StartTimer
                0x00000000080019cc       0x98 Components/Src/dimmer.o
                0x00000000080019cc                LAMP_StartTimer
 .text.LAMP_TriacFiring
                0x0000000008001a64       0x46 Components/Src/dimmer.o
                0x0000000008001a64                LAMP_TriacFiring
 .text.disp_write_byte
                0x0000000008001aaa       0x52 Components/Src/disp.o
                0x0000000008001aaa                disp_write_byte
 .text.disp_disable_all_digits
                0x0000000008001afc       0x3c Components/Src/disp.o
                0x0000000008001afc                disp_disable_all_digits
 .text.disp_enable_digit
                0x0000000008001b38       0x34 Components/Src/disp.o
                0x0000000008001b38                disp_enable_digit
 .text.disp_enable_decimal_point
                0x0000000008001b6c       0x22 Components/Src/disp.o
                0x0000000008001b6c                disp_enable_decimal_point
 .text.disp_disable_decimal_point
                0x0000000008001b8e       0x22 Components/Src/disp.o
                0x0000000008001b8e                disp_disable_decimal_point
 .text.DISP_Init
                0x0000000008001bb0       0x22 Components/Src/disp.o
                0x0000000008001bb0                DISP_Init
 .text.DISP_EnableDecimalPoint
                0x0000000008001bd2       0x20 Components/Src/disp.o
                0x0000000008001bd2                DISP_EnableDecimalPoint
 *fill*         0x0000000008001bf2        0x2 
 .text.DISP_printDecUInt
                0x0000000008001bf4       0x6c Components/Src/disp.o
                0x0000000008001bf4                DISP_printDecUInt
 .text.DISP_ROUTINE
                0x0000000008001c60       0x90 Components/Src/disp.o
                0x0000000008001c60                DISP_ROUTINE
 .text.ENC_Init
                0x0000000008001cf0       0x1c Components/Src/encoder.o
                0x0000000008001cf0                ENC_Init
 .text.ENC_GetCounter
                0x0000000008001d0c       0x52 Components/Src/encoder.o
                0x0000000008001d0c                ENC_GetCounter
 .text.HEATER_PWM_Init
                0x0000000008001d5e       0x20 Components/Src/heater_pwm.o
                0x0000000008001d5e                HEATER_PWM_Init
 *fill*         0x0000000008001d7e        0x2 
 .text.HEATER_PWM_SetDuty
                0x0000000008001d80       0xbc Components/Src/heater_pwm.o
                0x0000000008001d80                HEATER_PWM_SetDuty
 .text.lcd_write_command
                0x0000000008001e3c       0x5c Components/Src/lcd.o
                0x0000000008001e3c                lcd_write_command
 .text.lcd_write_4bit_command
                0x0000000008001e98       0x3e Components/Src/lcd.o
                0x0000000008001e98                lcd_write_4bit_command
 .text.lcd_write_data
                0x0000000008001ed6       0x5c Components/Src/lcd.o
                0x0000000008001ed6                lcd_write_data
 .text.lcd_write
                0x0000000008001f32       0x82 Components/Src/lcd.o
                0x0000000008001f32                lcd_write
 .text.lcd_delay_us
                0x0000000008001fb4       0x40 Components/Src/lcd.o
                0x0000000008001fb4                lcd_delay_us
 .text.LCD_Init
                0x0000000008001ff4       0xba Components/Src/lcd.o
                0x0000000008001ff4                LCD_Init
 .text.LCD_printStr
                0x00000000080020ae       0x3c Components/Src/lcd.o
                0x00000000080020ae                LCD_printStr
 *fill*         0x00000000080020ea        0x2 
 .text.LCD_SetCursor
                0x00000000080020ec       0x34 Components/Src/lcd.o
                0x00000000080020ec                LCD_SetCursor
 .text.LCD_printf
                0x0000000008002120       0x38 Components/Src/lcd.o
                0x0000000008002120                LCD_printf
 .text.LED_On   0x0000000008002158       0x48 Components/Src/led.o
                0x0000000008002158                LED_On
 .text.LED_Off  0x00000000080021a0       0x48 Components/Src/led.o
                0x00000000080021a0                LED_Off
 .text.LED_Check
                0x00000000080021e8       0x4a Components/Src/led.o
                0x00000000080021e8                LED_Check
 .text.LED_RGB_Init
                0x0000000008002232       0x40 Components/Src/led_rgb.o
                0x0000000008002232                LED_RGB_Init
 *fill*         0x0000000008002272        0x2 
 .text.LED_RGB_SetDuty
                0x0000000008002274       0xf0 Components/Src/led_rgb.o
                0x0000000008002274                LED_RGB_SetDuty
 .text.LED_RGB_GetDuty
                0x0000000008002364       0x44 Components/Src/led_rgb.o
                0x0000000008002364                LED_RGB_GetDuty
 .text.MENU_ClearDisplayBuffer
                0x00000000080023a8       0x22 Components/Src/menu.o
                0x00000000080023a8                MENU_ClearDisplayBuffer
 .text.MENU_CallFunction
                0x00000000080023ca       0x24 Components/Src/menu.o
                0x00000000080023ca                MENU_CallFunction
 *fill*         0x00000000080023ee        0x2 
 .text.menu_led_fcn
                0x00000000080023f0       0x60 Components/Src/menu_config.o
                0x00000000080023f0                menu_led_fcn
 .text.menu_ledr1_fcn
                0x0000000008002450       0x24 Components/Src/menu_config.o
                0x0000000008002450                menu_ledr1_fcn
 .text.menu_ledr2_fcn
                0x0000000008002474       0x24 Components/Src/menu_config.o
                0x0000000008002474                menu_ledr2_fcn
 .text.menu_ledg1_fcn
                0x0000000008002498       0x24 Components/Src/menu_config.o
                0x0000000008002498                menu_ledg1_fcn
 .text.menu_ledg2_fcn
                0x00000000080024bc       0x24 Components/Src/menu_config.o
                0x00000000080024bc                menu_ledg2_fcn
 .text.menu_ledb1_fcn
                0x00000000080024e0       0x24 Components/Src/menu_config.o
                0x00000000080024e0                menu_ledb1_fcn
 .text.menu_ledb2_fcn
                0x0000000008002504       0x24 Components/Src/menu_config.o
                0x0000000008002504                menu_ledb2_fcn
 .text.menu_ledrgb_fcn
                0x0000000008002528       0x7c Components/Src/menu_config.o
                0x0000000008002528                menu_ledrgb_fcn
 .text.menu_ledrgb_r_fcn
                0x00000000080025a4       0x20 Components/Src/menu_config.o
                0x00000000080025a4                menu_ledrgb_r_fcn
 .text.menu_ledrgb_g_fcn
                0x00000000080025c4       0x20 Components/Src/menu_config.o
                0x00000000080025c4                menu_ledrgb_g_fcn
 .text.menu_ledrgb_b_fcn
                0x00000000080025e4       0x20 Components/Src/menu_config.o
                0x00000000080025e4                menu_ledrgb_b_fcn
 .text.menu_ain_fcn
                0x0000000008002604       0x30 Components/Src/menu_config.o
                0x0000000008002604                menu_ain_fcn
 .text.menu_ain1_fcn
                0x0000000008002634       0x24 Components/Src/menu_config.o
                0x0000000008002634                menu_ain1_fcn
 .text.menu_ain2_fcn
                0x0000000008002658       0x24 Components/Src/menu_config.o
                0x0000000008002658                menu_ain2_fcn
 .text.menu_dimmer_fcn
                0x000000000800267c       0xb8 Components/Src/menu_config.o
                0x000000000800267c                menu_dimmer_fcn
 .text.menu_dimmer1_fcn
                0x0000000008002734       0x1c Components/Src/menu_config.o
                0x0000000008002734                menu_dimmer1_fcn
 .text.menu_light_sensors_fcn
                0x0000000008002750       0x44 Components/Src/menu_config.o
                0x0000000008002750                menu_light_sensors_fcn
 .text.menu_light_sensor1_fcn
                0x0000000008002794       0x20 Components/Src/menu_config.o
                0x0000000008002794                menu_light_sensor1_fcn
 .text.menu_light_sensor2_fcn
                0x00000000080027b4       0x20 Components/Src/menu_config.o
                0x00000000080027b4                menu_light_sensor2_fcn
 .text.menu_temp_sensors_fcn
                0x00000000080027d4       0x50 Components/Src/menu_config.o
                0x00000000080027d4                menu_temp_sensors_fcn
 .text.menu_temp_sensor1_fcn
                0x0000000008002824       0x20 Components/Src/menu_config.o
                0x0000000008002824                menu_temp_sensor1_fcn
 .text.menu_temp_sensor2_fcn
                0x0000000008002844       0x20 Components/Src/menu_config.o
                0x0000000008002844                menu_temp_sensor2_fcn
 .text.menu_heater_fcn
                0x0000000008002864       0x60 Components/Src/menu_config.o
                0x0000000008002864                menu_heater_fcn
 .text.menu_heater1_fcn
                0x00000000080028c4       0x1c Components/Src/menu_config.o
                0x00000000080028c4                menu_heater1_fcn
 .text.MX_ADC1_Init
                0x00000000080028e0       0xc0 Core/Src/adc.o
                0x00000000080028e0                MX_ADC1_Init
 .text.HAL_ADC_MspInit
                0x00000000080029a0      0x11c Core/Src/adc.o
                0x00000000080029a0                HAL_ADC_MspInit
 .text.MX_DAC_Init
                0x0000000008002abc       0x54 Core/Src/dac.o
                0x0000000008002abc                MX_DAC_Init
 .text.HAL_DAC_MspInit
                0x0000000008002b10       0xfc Core/Src/dac.o
                0x0000000008002b10                HAL_DAC_MspInit
 .text.MX_DMA_Init
                0x0000000008002c0c       0x64 Core/Src/dma.o
                0x0000000008002c0c                MX_DMA_Init
 .text.MX_GPIO_Init
                0x0000000008002c70      0x484 Core/Src/gpio.o
                0x0000000008002c70                MX_GPIO_Init
 .text.MX_I2C1_Init
                0x00000000080030f4       0x80 Core/Src/i2c.o
                0x00000000080030f4                MX_I2C1_Init
 .text.HAL_I2C_MspInit
                0x0000000008003174       0x88 Core/Src/i2c.o
                0x0000000008003174                HAL_I2C_MspInit
 .text.HAL_GPIO_EXTI_Callback
                0x00000000080031fc       0x60 Core/Src/main.o
                0x00000000080031fc                HAL_GPIO_EXTI_Callback
 .text.HAL_TIM_PeriodElapsedCallback
                0x000000000800325c       0x44 Core/Src/main.o
                0x000000000800325c                HAL_TIM_PeriodElapsedCallback
 .text.HAL_ADC_ConvCpltCallback
                0x00000000080032a0      0x110 Core/Src/main.o
                0x00000000080032a0                HAL_ADC_ConvCpltCallback
 .text.main     0x00000000080033b0      0x144 Core/Src/main.o
                0x00000000080033b0                main
 .text.SystemClock_Config
                0x00000000080034f4      0x128 Core/Src/main.o
                0x00000000080034f4                SystemClock_Config
 .text.Error_Handler
                0x000000000800361c        0xe Core/Src/main.o
                0x000000000800361c                Error_Handler
 *fill*         0x000000000800362a        0x2 
 .text.MX_SPI4_Init
                0x000000000800362c       0x7c Core/Src/spi.o
                0x000000000800362c                MX_SPI4_Init
 .text.HAL_SPI_MspInit
                0x00000000080036a8       0x88 Core/Src/spi.o
                0x00000000080036a8                HAL_SPI_MspInit
 .text.HAL_MspInit
                0x0000000008003730       0x48 Core/Src/stm32f7xx_hal_msp.o
                0x0000000008003730                HAL_MspInit
 .text.NMI_Handler
                0x0000000008003778        0xe Core/Src/stm32f7xx_it.o
                0x0000000008003778                NMI_Handler
 .text.HardFault_Handler
                0x0000000008003786        0x6 Core/Src/stm32f7xx_it.o
                0x0000000008003786                HardFault_Handler
 .text.MemManage_Handler
                0x000000000800378c        0x6 Core/Src/stm32f7xx_it.o
                0x000000000800378c                MemManage_Handler
 .text.BusFault_Handler
                0x0000000008003792        0x6 Core/Src/stm32f7xx_it.o
                0x0000000008003792                BusFault_Handler
 .text.UsageFault_Handler
                0x0000000008003798        0x6 Core/Src/stm32f7xx_it.o
                0x0000000008003798                UsageFault_Handler
 .text.SVC_Handler
                0x000000000800379e        0xe Core/Src/stm32f7xx_it.o
                0x000000000800379e                SVC_Handler
 .text.DebugMon_Handler
                0x00000000080037ac        0xe Core/Src/stm32f7xx_it.o
                0x00000000080037ac                DebugMon_Handler
 .text.PendSV_Handler
                0x00000000080037ba        0xe Core/Src/stm32f7xx_it.o
                0x00000000080037ba                PendSV_Handler
 .text.SysTick_Handler
                0x00000000080037c8        0xc Core/Src/stm32f7xx_it.o
                0x00000000080037c8                SysTick_Handler
 .text.DMA1_Stream5_IRQHandler
                0x00000000080037d4       0x14 Core/Src/stm32f7xx_it.o
                0x00000000080037d4                DMA1_Stream5_IRQHandler
 .text.EXTI9_5_IRQHandler
                0x00000000080037e8        0xe Core/Src/stm32f7xx_it.o
                0x00000000080037e8                EXTI9_5_IRQHandler
 *fill*         0x00000000080037f6        0x2 
 .text.TIM2_IRQHandler
                0x00000000080037f8       0x14 Core/Src/stm32f7xx_it.o
                0x00000000080037f8                TIM2_IRQHandler
 .text.USART3_IRQHandler
                0x000000000800380c       0x14 Core/Src/stm32f7xx_it.o
                0x000000000800380c                USART3_IRQHandler
 .text.EXTI15_10_IRQHandler
                0x0000000008003820       0x28 Core/Src/stm32f7xx_it.o
                0x0000000008003820                EXTI15_10_IRQHandler
 .text.TIM6_DAC_IRQHandler
                0x0000000008003848       0x1c Core/Src/stm32f7xx_it.o
                0x0000000008003848                TIM6_DAC_IRQHandler
 .text.TIM7_IRQHandler
                0x0000000008003864       0x14 Core/Src/stm32f7xx_it.o
                0x0000000008003864                TIM7_IRQHandler
 .text.DMA2_Stream0_IRQHandler
                0x0000000008003878       0x14 Core/Src/stm32f7xx_it.o
                0x0000000008003878                DMA2_Stream0_IRQHandler
 .text._sbrk    0x000000000800388c       0x6c Core/Src/sysmem.o
                0x000000000800388c                _sbrk
 .text.SystemInit
                0x00000000080038f8       0x2c Core/Src/system_stm32f7xx.o
                0x00000000080038f8                SystemInit
 .text.MX_TIM2_Init
                0x0000000008003924       0xac Core/Src/tim.o
                0x0000000008003924                MX_TIM2_Init
 .text.MX_TIM3_Init
                0x00000000080039d0      0x130 Core/Src/tim.o
                0x00000000080039d0                MX_TIM3_Init
 .text.MX_TIM4_Init
                0x0000000008003b00       0xa8 Core/Src/tim.o
                0x0000000008003b00                MX_TIM4_Init
 .text.MX_TIM5_Init
                0x0000000008003ba8       0x9c Core/Src/tim.o
                0x0000000008003ba8                MX_TIM5_Init
 .text.MX_TIM6_Init
                0x0000000008003c44       0x6c Core/Src/tim.o
                0x0000000008003c44                MX_TIM6_Init
 .text.MX_TIM7_Init
                0x0000000008003cb0       0x6c Core/Src/tim.o
                0x0000000008003cb0                MX_TIM7_Init
 .text.HAL_TIM_Base_MspInit
                0x0000000008003d1c      0x108 Core/Src/tim.o
                0x0000000008003d1c                HAL_TIM_Base_MspInit
 .text.HAL_TIM_Encoder_MspInit
                0x0000000008003e24       0x88 Core/Src/tim.o
                0x0000000008003e24                HAL_TIM_Encoder_MspInit
 .text.HAL_TIM_MspPostInit
                0x0000000008003eac       0xac Core/Src/tim.o
                0x0000000008003eac                HAL_TIM_MspPostInit
 .text.MX_USART3_UART_Init
                0x0000000008003f58       0x60 Core/Src/usart.o
                0x0000000008003f58                MX_USART3_UART_Init
 .text.HAL_UART_MspInit
                0x0000000008003fb8       0x98 Core/Src/usart.o
                0x0000000008003fb8                HAL_UART_MspInit
 .text.Reset_Handler
                0x0000000008004050       0x50 Core/Startup/startup_stm32f746zgtx.o
                0x0000000008004050                Reset_Handler
 .text.Default_Handler
                0x00000000080040a0        0x2 Core/Startup/startup_stm32f746zgtx.o
                0x00000000080040a0                RTC_Alarm_IRQHandler
                0x00000000080040a0                EXTI2_IRQHandler
                0x00000000080040a0                TIM8_CC_IRQHandler
                0x00000000080040a0                UART8_IRQHandler
                0x00000000080040a0                SPI4_IRQHandler
                0x00000000080040a0                TIM1_CC_IRQHandler
                0x00000000080040a0                DMA2_Stream5_IRQHandler
                0x00000000080040a0                PVD_IRQHandler
                0x00000000080040a0                TAMP_STAMP_IRQHandler
                0x00000000080040a0                CAN2_RX1_IRQHandler
                0x00000000080040a0                EXTI3_IRQHandler
                0x00000000080040a0                TIM8_TRG_COM_TIM14_IRQHandler
                0x00000000080040a0                TIM1_UP_TIM10_IRQHandler
                0x00000000080040a0                TIM8_UP_TIM13_IRQHandler
                0x00000000080040a0                I2C3_ER_IRQHandler
                0x00000000080040a0                EXTI0_IRQHandler
                0x00000000080040a0                I2C2_EV_IRQHandler
                0x00000000080040a0                DMA1_Stream2_IRQHandler
                0x00000000080040a0                CAN1_RX0_IRQHandler
                0x00000000080040a0                FPU_IRQHandler
                0x00000000080040a0                OTG_HS_WKUP_IRQHandler
                0x00000000080040a0                LTDC_ER_IRQHandler
                0x00000000080040a0                CAN2_SCE_IRQHandler
                0x00000000080040a0                DMA2_Stream2_IRQHandler
                0x00000000080040a0                SPI1_IRQHandler
                0x00000000080040a0                TIM1_BRK_TIM9_IRQHandler
                0x00000000080040a0                DCMI_IRQHandler
                0x00000000080040a0                CAN2_RX0_IRQHandler
                0x00000000080040a0                DMA2_Stream3_IRQHandler
                0x00000000080040a0                SAI2_IRQHandler
                0x00000000080040a0                USART6_IRQHandler
                0x00000000080040a0                CAN1_RX1_IRQHandler
                0x00000000080040a0                UART5_IRQHandler
                0x00000000080040a0                TIM4_IRQHandler
                0x00000000080040a0                QUADSPI_IRQHandler
                0x00000000080040a0                I2C1_EV_IRQHandler
                0x00000000080040a0                DMA1_Stream6_IRQHandler
                0x00000000080040a0                DMA1_Stream1_IRQHandler
                0x00000000080040a0                UART4_IRQHandler
                0x00000000080040a0                TIM3_IRQHandler
                0x00000000080040a0                RCC_IRQHandler
                0x00000000080040a0                TIM8_BRK_TIM12_IRQHandler
                0x00000000080040a0                Default_Handler
                0x00000000080040a0                CEC_IRQHandler
                0x00000000080040a0                ADC_IRQHandler
                0x00000000080040a0                DMA1_Stream7_IRQHandler
                0x00000000080040a0                SPI5_IRQHandler
                0x00000000080040a0                SDMMC1_IRQHandler
                0x00000000080040a0                CAN2_TX_IRQHandler
                0x00000000080040a0                TIM5_IRQHandler
                0x00000000080040a0                DMA2_Stream7_IRQHandler
                0x00000000080040a0                I2C3_EV_IRQHandler
                0x00000000080040a0                RTC_WKUP_IRQHandler
                0x00000000080040a0                LTDC_IRQHandler
                0x00000000080040a0                ETH_WKUP_IRQHandler
                0x00000000080040a0                SPDIF_RX_IRQHandler
                0x00000000080040a0                SPI2_IRQHandler
                0x00000000080040a0                OTG_HS_EP1_IN_IRQHandler
                0x00000000080040a0                DMA1_Stream0_IRQHandler
                0x00000000080040a0                CAN1_TX_IRQHandler
                0x00000000080040a0                EXTI4_IRQHandler
                0x00000000080040a0                RNG_IRQHandler
                0x00000000080040a0                ETH_IRQHandler
                0x00000000080040a0                OTG_HS_EP1_OUT_IRQHandler
                0x00000000080040a0                WWDG_IRQHandler
                0x00000000080040a0                SPI6_IRQHandler
                0x00000000080040a0                I2C4_EV_IRQHandler
                0x00000000080040a0                OTG_FS_WKUP_IRQHandler
                0x00000000080040a0                TIM1_TRG_COM_TIM11_IRQHandler
                0x00000000080040a0                OTG_HS_IRQHandler
                0x00000000080040a0                DMA2D_IRQHandler
                0x00000000080040a0                EXTI1_IRQHandler
                0x00000000080040a0                UART7_IRQHandler
                0x00000000080040a0                USART2_IRQHandler
                0x00000000080040a0                I2C2_ER_IRQHandler
                0x00000000080040a0                DMA2_Stream1_IRQHandler
                0x00000000080040a0                CAN1_SCE_IRQHandler
                0x00000000080040a0                FLASH_IRQHandler
                0x00000000080040a0                DMA2_Stream4_IRQHandler
                0x00000000080040a0                USART1_IRQHandler
                0x00000000080040a0                OTG_FS_IRQHandler
                0x00000000080040a0                SPI3_IRQHandler
                0x00000000080040a0                DMA1_Stream4_IRQHandler
                0x00000000080040a0                I2C1_ER_IRQHandler
                0x00000000080040a0                FMC_IRQHandler
                0x00000000080040a0                LPTIM1_IRQHandler
                0x00000000080040a0                I2C4_ER_IRQHandler
                0x00000000080040a0                DMA2_Stream6_IRQHandler
                0x00000000080040a0                SAI1_IRQHandler
                0x00000000080040a0                DMA1_Stream3_IRQHandler
 .text.HAL_Init
                0x00000000080040a2       0x1a Drivers/STM32F7xx_HAL_Driver/Src/stm32f7xx_hal.o
                0x00000000080040a2                HAL_Init
 .text.HAL_InitTick
                0x00000000080040bc       0x60 Drivers/STM32F7xx_HAL_Driver/Src/stm32f7xx_hal.o
                0x00000000080040bc                HAL_InitTick
 .text.HAL_IncTick
                0x000000000800411c       0x28 Drivers/STM32F7xx_HAL_Driver/Src/stm32f7xx_hal.o
                0x000000000800411c                HAL_IncTick
 .text.HAL_GetTick
                0x0000000008004144       0x18 Drivers/STM32F7xx_HAL_Driver/Src/stm32f7xx_hal.o
                0x0000000008004144                HAL_GetTick
 .text.HAL_Delay
                0x000000000800415c       0x44 Drivers/STM32F7xx_HAL_Driver/Src/stm32f7xx_hal.o
                0x000000000800415c                HAL_Delay
 .text.HAL_ADC_Init
                0x00000000080041a0       0x88 Drivers/STM32F7xx_HAL_Driver/Src/stm32f7xx_hal_adc.o
                0x00000000080041a0                HAL_ADC_Init
 .text.HAL_ADC_Start_DMA
                0x0000000008004228      0x1dc Drivers/STM32F7xx_HAL_Driver/Src/stm32f7xx_hal_adc.o
                0x0000000008004228                HAL_ADC_Start_DMA
 .text.HAL_ADC_ConvHalfCpltCallback
                0x0000000008004404       0x14 Drivers/STM32F7xx_HAL_Driver/Src/stm32f7xx_hal_adc.o
                0x0000000008004404                HAL_ADC_ConvHalfCpltCallback
 .text.HAL_ADC_ErrorCallback
                0x0000000008004418       0x14 Drivers/STM32F7xx_HAL_Driver/Src/stm32f7xx_hal_adc.o
                0x0000000008004418                HAL_ADC_ErrorCallback
 .text.HAL_ADC_ConfigChannel
                0x000000000800442c      0x294 Drivers/STM32F7xx_HAL_Driver/Src/stm32f7xx_hal_adc.o
                0x000000000800442c                HAL_ADC_ConfigChannel
 .text.ADC_Init
                0x00000000080046c0      0x1f4 Drivers/STM32F7xx_HAL_Driver/Src/stm32f7xx_hal_adc.o
 .text.ADC_DMAConvCplt
                0x00000000080048b4       0xba Drivers/STM32F7xx_HAL_Driver/Src/stm32f7xx_hal_adc.o
 .text.ADC_DMAHalfConvCplt
                0x000000000800496e       0x1c Drivers/STM32F7xx_HAL_Driver/Src/stm32f7xx_hal_adc.o
 .text.ADC_DMAError
                0x000000000800498a       0x2e Drivers/STM32F7xx_HAL_Driver/Src/stm32f7xx_hal_adc.o
 .text.__NVIC_SetPriorityGrouping
                0x00000000080049b8       0x48 Drivers/STM32F7xx_HAL_Driver/Src/stm32f7xx_hal_cortex.o
 .text.__NVIC_GetPriorityGrouping
                0x0000000008004a00       0x1c Drivers/STM32F7xx_HAL_Driver/Src/stm32f7xx_hal_cortex.o
 .text.__NVIC_EnableIRQ
                0x0000000008004a1c       0x3c Drivers/STM32F7xx_HAL_Driver/Src/stm32f7xx_hal_cortex.o
 .text.__NVIC_SetPriority
                0x0000000008004a58       0x54 Drivers/STM32F7xx_HAL_Driver/Src/stm32f7xx_hal_cortex.o
 .text.NVIC_EncodePriority
                0x0000000008004aac       0x66 Drivers/STM32F7xx_HAL_Driver/Src/stm32f7xx_hal_cortex.o
 *fill*         0x0000000008004b12        0x2 
 .text.SysTick_Config
                0x0000000008004b14       0x44 Drivers/STM32F7xx_HAL_Driver/Src/stm32f7xx_hal_cortex.o
 .text.HAL_NVIC_SetPriorityGrouping
                0x0000000008004b58       0x16 Drivers/STM32F7xx_HAL_Driver/Src/stm32f7xx_hal_cortex.o
                0x0000000008004b58                HAL_NVIC_SetPriorityGrouping
 .text.HAL_NVIC_SetPriority
                0x0000000008004b6e       0x38 Drivers/STM32F7xx_HAL_Driver/Src/stm32f7xx_hal_cortex.o
                0x0000000008004b6e                HAL_NVIC_SetPriority
 .text.HAL_NVIC_EnableIRQ
                0x0000000008004ba6       0x1c Drivers/STM32F7xx_HAL_Driver/Src/stm32f7xx_hal_cortex.o
                0x0000000008004ba6                HAL_NVIC_EnableIRQ
 .text.HAL_SYSTICK_Config
                0x0000000008004bc2       0x18 Drivers/STM32F7xx_HAL_Driver/Src/stm32f7xx_hal_cortex.o
                0x0000000008004bc2                HAL_SYSTICK_Config
 .text.HAL_DAC_Init
                0x0000000008004bda       0x44 Drivers/STM32F7xx_HAL_Driver/Src/stm32f7xx_hal_dac.o
                0x0000000008004bda                HAL_DAC_Init
 *fill*         0x0000000008004c1e        0x2 
 .text.HAL_DAC_Start_DMA
                0x0000000008004c20      0x15c Drivers/STM32F7xx_HAL_Driver/Src/stm32f7xx_hal_dac.o
                0x0000000008004c20                HAL_DAC_Start_DMA
 .text.HAL_DAC_IRQHandler
                0x0000000008004d7c       0x94 Drivers/STM32F7xx_HAL_Driver/Src/stm32f7xx_hal_dac.o
                0x0000000008004d7c                HAL_DAC_IRQHandler
 .text.HAL_DAC_ConvCpltCallbackCh1
                0x0000000008004e10       0x14 Drivers/STM32F7xx_HAL_Driver/Src/stm32f7xx_hal_dac.o
                0x0000000008004e10                HAL_DAC_ConvCpltCallbackCh1
 .text.HAL_DAC_ConvHalfCpltCallbackCh1
                0x0000000008004e24       0x14 Drivers/STM32F7xx_HAL_Driver/Src/stm32f7xx_hal_dac.o
                0x0000000008004e24                HAL_DAC_ConvHalfCpltCallbackCh1
 .text.HAL_DAC_ErrorCallbackCh1
                0x0000000008004e38       0x14 Drivers/STM32F7xx_HAL_Driver/Src/stm32f7xx_hal_dac.o
                0x0000000008004e38                HAL_DAC_ErrorCallbackCh1
 .text.HAL_DAC_DMAUnderrunCallbackCh1
                0x0000000008004e4c       0x14 Drivers/STM32F7xx_HAL_Driver/Src/stm32f7xx_hal_dac.o
                0x0000000008004e4c                HAL_DAC_DMAUnderrunCallbackCh1
 .text.HAL_DAC_ConfigChannel
                0x0000000008004e60       0x9a Drivers/STM32F7xx_HAL_Driver/Src/stm32f7xx_hal_dac.o
                0x0000000008004e60                HAL_DAC_ConfigChannel
 .text.DAC_DMAConvCpltCh1
                0x0000000008004efa       0x22 Drivers/STM32F7xx_HAL_Driver/Src/stm32f7xx_hal_dac.o
 .text.DAC_DMAHalfConvCpltCh1
                0x0000000008004f1c       0x1c Drivers/STM32F7xx_HAL_Driver/Src/stm32f7xx_hal_dac.o
 .text.DAC_DMAErrorCh1
                0x0000000008004f38       0x2e Drivers/STM32F7xx_HAL_Driver/Src/stm32f7xx_hal_dac.o
 .text.HAL_DACEx_ConvCpltCallbackCh2
                0x0000000008004f66       0x14 Drivers/STM32F7xx_HAL_Driver/Src/stm32f7xx_hal_dac_ex.o
                0x0000000008004f66                HAL_DACEx_ConvCpltCallbackCh2
 .text.HAL_DACEx_ConvHalfCpltCallbackCh2
                0x0000000008004f7a       0x14 Drivers/STM32F7xx_HAL_Driver/Src/stm32f7xx_hal_dac_ex.o
                0x0000000008004f7a                HAL_DACEx_ConvHalfCpltCallbackCh2
 .text.HAL_DACEx_ErrorCallbackCh2
                0x0000000008004f8e       0x14 Drivers/STM32F7xx_HAL_Driver/Src/stm32f7xx_hal_dac_ex.o
                0x0000000008004f8e                HAL_DACEx_ErrorCallbackCh2
 .text.HAL_DACEx_DMAUnderrunCallbackCh2
                0x0000000008004fa2       0x14 Drivers/STM32F7xx_HAL_Driver/Src/stm32f7xx_hal_dac_ex.o
                0x0000000008004fa2                HAL_DACEx_DMAUnderrunCallbackCh2
 .text.DAC_DMAConvCpltCh2
                0x0000000008004fb6       0x22 Drivers/STM32F7xx_HAL_Driver/Src/stm32f7xx_hal_dac_ex.o
                0x0000000008004fb6                DAC_DMAConvCpltCh2
 .text.DAC_DMAHalfConvCpltCh2
                0x0000000008004fd8       0x1c Drivers/STM32F7xx_HAL_Driver/Src/stm32f7xx_hal_dac_ex.o
                0x0000000008004fd8                DAC_DMAHalfConvCpltCh2
 .text.DAC_DMAErrorCh2
                0x0000000008004ff4       0x2e Drivers/STM32F7xx_HAL_Driver/Src/stm32f7xx_hal_dac_ex.o
                0x0000000008004ff4                DAC_DMAErrorCh2
 *fill*         0x0000000008005022        0x2 
 .text.HAL_DMA_Init
                0x0000000008005024      0x15c Drivers/STM32F7xx_HAL_Driver/Src/stm32f7xx_hal_dma.o
                0x0000000008005024                HAL_DMA_Init
 .text.HAL_DMA_Start_IT
                0x0000000008005180       0xc0 Drivers/STM32F7xx_HAL_Driver/Src/stm32f7xx_hal_dma.o
                0x0000000008005180                HAL_DMA_Start_IT
 .text.HAL_DMA_Abort_IT
                0x0000000008005240       0x44 Drivers/STM32F7xx_HAL_Driver/Src/stm32f7xx_hal_dma.o
                0x0000000008005240                HAL_DMA_Abort_IT
 .text.HAL_DMA_IRQHandler
                0x0000000008005284      0x314 Drivers/STM32F7xx_HAL_Driver/Src/stm32f7xx_hal_dma.o
                0x0000000008005284                HAL_DMA_IRQHandler
 .text.DMA_SetConfig
                0x0000000008005598       0x5c Drivers/STM32F7xx_HAL_Driver/Src/stm32f7xx_hal_dma.o
 .text.DMA_CalcBaseAndBitshift
                0x00000000080055f4       0x6c Drivers/STM32F7xx_HAL_Driver/Src/stm32f7xx_hal_dma.o
 .text.DMA_CheckFifoParam
                0x0000000008005660       0xf4 Drivers/STM32F7xx_HAL_Driver/Src/stm32f7xx_hal_dma.o
 .text.HAL_GPIO_Init
                0x0000000008005754      0x354 Drivers/STM32F7xx_HAL_Driver/Src/stm32f7xx_hal_gpio.o
                0x0000000008005754                HAL_GPIO_Init
 .text.HAL_GPIO_WritePin
                0x0000000008005aa8       0x32 Drivers/STM32F7xx_HAL_Driver/Src/stm32f7xx_hal_gpio.o
                0x0000000008005aa8                HAL_GPIO_WritePin
 *fill*         0x0000000008005ada        0x2 
 .text.HAL_GPIO_EXTI_IRQHandler
                0x0000000008005adc       0x30 Drivers/STM32F7xx_HAL_Driver/Src/stm32f7xx_hal_gpio.o
                0x0000000008005adc                HAL_GPIO_EXTI_IRQHandler
 .text.HAL_I2C_Init
                0x0000000008005b0c      0x120 Drivers/STM32F7xx_HAL_Driver/Src/stm32f7xx_hal_i2c.o
                0x0000000008005b0c                HAL_I2C_Init
 .text.HAL_I2C_Master_Transmit
                0x0000000008005c2c      0x1e8 Drivers/STM32F7xx_HAL_Driver/Src/stm32f7xx_hal_i2c.o
                0x0000000008005c2c                HAL_I2C_Master_Transmit
 .text.HAL_I2C_Master_Receive
                0x0000000008005e14      0x1ec Drivers/STM32F7xx_HAL_Driver/Src/stm32f7xx_hal_i2c.o
                0x0000000008005e14                HAL_I2C_Master_Receive
 .text.I2C_Flush_TXDR
                0x0000000008006000       0x48 Drivers/STM32F7xx_HAL_Driver/Src/stm32f7xx_hal_i2c.o
 .text.I2C_WaitOnFlagUntilTimeout
                0x0000000008006048       0x80 Drivers/STM32F7xx_HAL_Driver/Src/stm32f7xx_hal_i2c.o
 .text.I2C_WaitOnTXISFlagUntilTimeout
                0x00000000080060c8       0x80 Drivers/STM32F7xx_HAL_Driver/Src/stm32f7xx_hal_i2c.o
 .text.I2C_WaitOnSTOPFlagUntilTimeout
                0x0000000008006148       0x78 Drivers/STM32F7xx_HAL_Driver/Src/stm32f7xx_hal_i2c.o
 .text.I2C_WaitOnRXNEFlagUntilTimeout
                0x00000000080061c0       0xd8 Drivers/STM32F7xx_HAL_Driver/Src/stm32f7xx_hal_i2c.o
 .text.I2C_IsAcknowledgeFailed
                0x0000000008006298       0xcc Drivers/STM32F7xx_HAL_Driver/Src/stm32f7xx_hal_i2c.o
 .text.I2C_TransferConfig
                0x0000000008006364       0x5c Drivers/STM32F7xx_HAL_Driver/Src/stm32f7xx_hal_i2c.o
 .text.HAL_I2CEx_ConfigAnalogFilter
                0x00000000080063c0       0x96 Drivers/STM32F7xx_HAL_Driver/Src/stm32f7xx_hal_i2c_ex.o
                0x00000000080063c0                HAL_I2CEx_ConfigAnalogFilter
 .text.HAL_I2CEx_ConfigDigitalFilter
                0x0000000008006456       0x98 Drivers/STM32F7xx_HAL_Driver/Src/stm32f7xx_hal_i2c_ex.o
                0x0000000008006456                HAL_I2CEx_ConfigDigitalFilter
 *fill*         0x00000000080064ee        0x2 
 .text.HAL_PWR_EnableBkUpAccess
                0x00000000080064f0       0x20 Drivers/STM32F7xx_HAL_Driver/Src/stm32f7xx_hal_pwr.o
                0x00000000080064f0                HAL_PWR_EnableBkUpAccess
 .text.HAL_PWREx_EnableOverDrive
                0x0000000008006510       0xa0 Drivers/STM32F7xx_HAL_Driver/Src/stm32f7xx_hal_pwr_ex.o
                0x0000000008006510                HAL_PWREx_EnableOverDrive
 .text.HAL_RCC_OscConfig
                0x00000000080065b0      0x548 Drivers/STM32F7xx_HAL_Driver/Src/stm32f7xx_hal_rcc.o
                0x00000000080065b0                HAL_RCC_OscConfig
 .text.HAL_RCC_ClockConfig
                0x0000000008006af8      0x1d8 Drivers/STM32F7xx_HAL_Driver/Src/stm32f7xx_hal_rcc.o
                0x0000000008006af8                HAL_RCC_ClockConfig
 .text.HAL_RCC_GetSysClockFreq
                0x0000000008006cd0      0x1b0 Drivers/STM32F7xx_HAL_Driver/Src/stm32f7xx_hal_rcc.o
                0x0000000008006cd0                HAL_RCC_GetSysClockFreq
 .text.HAL_RCC_GetHCLKFreq
                0x0000000008006e80       0x18 Drivers/STM32F7xx_HAL_Driver/Src/stm32f7xx_hal_rcc.o
                0x0000000008006e80                HAL_RCC_GetHCLKFreq
 .text.HAL_RCC_GetPCLK1Freq
                0x0000000008006e98       0x28 Drivers/STM32F7xx_HAL_Driver/Src/stm32f7xx_hal_rcc.o
                0x0000000008006e98                HAL_RCC_GetPCLK1Freq
 .text.HAL_RCC_GetPCLK2Freq
                0x0000000008006ec0       0x28 Drivers/STM32F7xx_HAL_Driver/Src/stm32f7xx_hal_rcc.o
                0x0000000008006ec0                HAL_RCC_GetPCLK2Freq
 .text.HAL_RCCEx_PeriphCLKConfig
                0x0000000008006ee8      0x7dc Drivers/STM32F7xx_HAL_Driver/Src/stm32f7xx_hal_rcc_ex.o
                0x0000000008006ee8                HAL_RCCEx_PeriphCLKConfig
 .text.HAL_SPI_Init
                0x00000000080076c4      0x124 Drivers/STM32F7xx_HAL_Driver/Src/stm32f7xx_hal_spi.o
                0x00000000080076c4                HAL_SPI_Init
 .text.HAL_SPI_Transmit
                0x00000000080077e8      0x2cc Drivers/STM32F7xx_HAL_Driver/Src/stm32f7xx_hal_spi.o
                0x00000000080077e8                HAL_SPI_Transmit
 .text.HAL_SPI_TransmitReceive
                0x0000000008007ab4      0x426 Drivers/STM32F7xx_HAL_Driver/Src/stm32f7xx_hal_spi.o
                0x0000000008007ab4                HAL_SPI_TransmitReceive
 .text.SPI_WaitFlagStateUntilTimeout
                0x0000000008007eda       0xd4 Drivers/STM32F7xx_HAL_Driver/Src/stm32f7xx_hal_spi.o
 .text.SPI_WaitFifoStateUntilTimeout
                0x0000000008007fae       0xda Drivers/STM32F7xx_HAL_Driver/Src/stm32f7xx_hal_spi.o
 .text.SPI_EndRxTxTransaction
                0x0000000008008088       0x8c Drivers/STM32F7xx_HAL_Driver/Src/stm32f7xx_hal_spi.o
 .text.HAL_TIM_Base_Init
                0x0000000008008114       0x56 Drivers/STM32F7xx_HAL_Driver/Src/stm32f7xx_hal_tim.o
                0x0000000008008114                HAL_TIM_Base_Init
 *fill*         0x000000000800816a        0x2 
 .text.HAL_TIM_Base_Start
                0x000000000800816c       0x54 Drivers/STM32F7xx_HAL_Driver/Src/stm32f7xx_hal_tim.o
                0x000000000800816c                HAL_TIM_Base_Start
 .text.HAL_TIM_Base_Stop
                0x00000000080081c0       0x56 Drivers/STM32F7xx_HAL_Driver/Src/stm32f7xx_hal_tim.o
                0x00000000080081c0                HAL_TIM_Base_Stop
 *fill*         0x0000000008008216        0x2 
 .text.HAL_TIM_Base_Start_IT
                0x0000000008008218       0x54 Drivers/STM32F7xx_HAL_Driver/Src/stm32f7xx_hal_tim.o
                0x0000000008008218                HAL_TIM_Base_Start_IT
 .text.HAL_TIM_PWM_Init
                0x000000000800826c       0x56 Drivers/STM32F7xx_HAL_Driver/Src/stm32f7xx_hal_tim.o
                0x000000000800826c                HAL_TIM_PWM_Init
 .text.HAL_TIM_PWM_MspInit
                0x00000000080082c2       0x14 Drivers/STM32F7xx_HAL_Driver/Src/stm32f7xx_hal_tim.o
                0x00000000080082c2                HAL_TIM_PWM_MspInit
 *fill*         0x00000000080082d6        0x2 
 .text.HAL_TIM_PWM_Start
                0x00000000080082d8       0x88 Drivers/STM32F7xx_HAL_Driver/Src/stm32f7xx_hal_tim.o
                0x00000000080082d8                HAL_TIM_PWM_Start
 .text.HAL_TIM_OnePulse_Init
                0x0000000008008360       0x78 Drivers/STM32F7xx_HAL_Driver/Src/stm32f7xx_hal_tim.o
                0x0000000008008360                HAL_TIM_OnePulse_Init
 .text.HAL_TIM_OnePulse_MspInit
                0x00000000080083d8       0x14 Drivers/STM32F7xx_HAL_Driver/Src/stm32f7xx_hal_tim.o
                0x00000000080083d8                HAL_TIM_OnePulse_MspInit
 .text.HAL_TIM_Encoder_Init
                0x00000000080083ec      0x124 Drivers/STM32F7xx_HAL_Driver/Src/stm32f7xx_hal_tim.o
                0x00000000080083ec                HAL_TIM_Encoder_Init
 .text.HAL_TIM_Encoder_Start
                0x0000000008008510       0x6e Drivers/STM32F7xx_HAL_Driver/Src/stm32f7xx_hal_tim.o
                0x0000000008008510                HAL_TIM_Encoder_Start
 .text.HAL_TIM_IRQHandler
                0x000000000800857e      0x23e Drivers/STM32F7xx_HAL_Driver/Src/stm32f7xx_hal_tim.o
                0x000000000800857e                HAL_TIM_IRQHandler
 .text.HAL_TIM_PWM_ConfigChannel
                0x00000000080087bc      0x230 Drivers/STM32F7xx_HAL_Driver/Src/stm32f7xx_hal_tim.o
                0x00000000080087bc                HAL_TIM_PWM_ConfigChannel
 .text.HAL_TIM_ConfigClockSource
                0x00000000080089ec      0x174 Drivers/STM32F7xx_HAL_Driver/Src/stm32f7xx_hal_tim.o
                0x00000000080089ec                HAL_TIM_ConfigClockSource
 .text.HAL_TIM_OC_DelayElapsedCallback
                0x0000000008008b60       0x14 Drivers/STM32F7xx_HAL_Driver/Src/stm32f7xx_hal_tim.o
                0x0000000008008b60                HAL_TIM_OC_DelayElapsedCallback
 .text.HAL_TIM_IC_CaptureCallback
                0x0000000008008b74       0x14 Drivers/STM32F7xx_HAL_Driver/Src/stm32f7xx_hal_tim.o
                0x0000000008008b74                HAL_TIM_IC_CaptureCallback
 .text.HAL_TIM_PWM_PulseFinishedCallback
                0x0000000008008b88       0x14 Drivers/STM32F7xx_HAL_Driver/Src/stm32f7xx_hal_tim.o
                0x0000000008008b88                HAL_TIM_PWM_PulseFinishedCallback
 .text.HAL_TIM_TriggerCallback
                0x0000000008008b9c       0x14 Drivers/STM32F7xx_HAL_Driver/Src/stm32f7xx_hal_tim.o
                0x0000000008008b9c                HAL_TIM_TriggerCallback
 .text.TIM_Base_SetConfig
                0x0000000008008bb0      0x140 Drivers/STM32F7xx_HAL_Driver/Src/stm32f7xx_hal_tim.o
                0x0000000008008bb0                TIM_Base_SetConfig
 .text.TIM_OC1_SetConfig
                0x0000000008008cf0       0xe4 Drivers/STM32F7xx_HAL_Driver/Src/stm32f7xx_hal_tim.o
 .text.TIM_OC2_SetConfig
                0x0000000008008dd4       0xf0 Drivers/STM32F7xx_HAL_Driver/Src/stm32f7xx_hal_tim.o
                0x0000000008008dd4                TIM_OC2_SetConfig
 .text.TIM_OC3_SetConfig
                0x0000000008008ec4       0xec Drivers/STM32F7xx_HAL_Driver/Src/stm32f7xx_hal_tim.o
 .text.TIM_OC4_SetConfig
                0x0000000008008fb0       0xb0 Drivers/STM32F7xx_HAL_Driver/Src/stm32f7xx_hal_tim.o
 .text.TIM_OC5_SetConfig
                0x0000000008009060       0xa4 Drivers/STM32F7xx_HAL_Driver/Src/stm32f7xx_hal_tim.o
 .text.TIM_OC6_SetConfig
                0x0000000008009104       0xa8 Drivers/STM32F7xx_HAL_Driver/Src/stm32f7xx_hal_tim.o
 .text.TIM_TI1_ConfigInputStage
                0x00000000080091ac       0x5e Drivers/STM32F7xx_HAL_Driver/Src/stm32f7xx_hal_tim.o
 .text.TIM_TI2_ConfigInputStage
                0x000000000800920a       0x60 Drivers/STM32F7xx_HAL_Driver/Src/stm32f7xx_hal_tim.o
 .text.TIM_ITRx_SetConfig
                0x000000000800926a       0x36 Drivers/STM32F7xx_HAL_Driver/Src/stm32f7xx_hal_tim.o
 .text.TIM_ETR_SetConfig
                0x00000000080092a0       0x40 Drivers/STM32F7xx_HAL_Driver/Src/stm32f7xx_hal_tim.o
                0x00000000080092a0                TIM_ETR_SetConfig
 .text.TIM_CCxChannelCmd
                0x00000000080092e0       0x4a Drivers/STM32F7xx_HAL_Driver/Src/stm32f7xx_hal_tim.o
                0x00000000080092e0                TIM_CCxChannelCmd
 *fill*         0x000000000800932a        0x2 
 .text.HAL_TIMEx_MasterConfigSynchronization
                0x000000000800932c      0x11c Drivers/STM32F7xx_HAL_Driver/Src/stm32f7xx_hal_tim_ex.o
                0x000000000800932c                HAL_TIMEx_MasterConfigSynchronization
 .text.HAL_TIMEx_CommutCallback
                0x0000000008009448       0x14 Drivers/STM32F7xx_HAL_Driver/Src/stm32f7xx_hal_tim_ex.o
                0x0000000008009448                HAL_TIMEx_CommutCallback
 .text.HAL_TIMEx_BreakCallback
                0x000000000800945c       0x14 Drivers/STM32F7xx_HAL_Driver/Src/stm32f7xx_hal_tim_ex.o
                0x000000000800945c                HAL_TIMEx_BreakCallback
 .text.HAL_TIMEx_Break2Callback
                0x0000000008009470       0x14 Drivers/STM32F7xx_HAL_Driver/Src/stm32f7xx_hal_tim_ex.o
                0x0000000008009470                HAL_TIMEx_Break2Callback
 .text.HAL_UART_Init
                0x0000000008009484       0x9c Drivers/STM32F7xx_HAL_Driver/Src/stm32f7xx_hal_uart.o
                0x0000000008009484                HAL_UART_Init
 .text.HAL_UART_IRQHandler
                0x0000000008009520      0x264 Drivers/STM32F7xx_HAL_Driver/Src/stm32f7xx_hal_uart.o
                0x0000000008009520                HAL_UART_IRQHandler
 .text.HAL_UART_TxCpltCallback
                0x0000000008009784       0x14 Drivers/STM32F7xx_HAL_Driver/Src/stm32f7xx_hal_uart.o
                0x0000000008009784                HAL_UART_TxCpltCallback
 .text.HAL_UART_ErrorCallback
                0x0000000008009798       0x14 Drivers/STM32F7xx_HAL_Driver/Src/stm32f7xx_hal_uart.o
                0x0000000008009798                HAL_UART_ErrorCallback
 .text.UART_SetConfig
                0x00000000080097ac      0x554 Drivers/STM32F7xx_HAL_Driver/Src/stm32f7xx_hal_uart.o
                0x00000000080097ac                UART_SetConfig
 .text.UART_AdvFeatureConfig
                0x0000000008009d00      0x144 Drivers/STM32F7xx_HAL_Driver/Src/stm32f7xx_hal_uart.o
                0x0000000008009d00                UART_AdvFeatureConfig
 .text.UART_CheckIdleState
                0x0000000008009e44       0x5e Drivers/STM32F7xx_HAL_Driver/Src/stm32f7xx_hal_uart.o
                0x0000000008009e44                UART_CheckIdleState
 .text.UART_WaitOnFlagUntilTimeout
                0x0000000008009ea2       0xf6 Drivers/STM32F7xx_HAL_Driver/Src/stm32f7xx_hal_uart.o
                0x0000000008009ea2                UART_WaitOnFlagUntilTimeout
 .text.UART_EndRxTransfer
                0x0000000008009f98       0x40 Drivers/STM32F7xx_HAL_Driver/Src/stm32f7xx_hal_uart.o
 .text.UART_DMAAbortOnError
                0x0000000008009fd8       0x2c Drivers/STM32F7xx_HAL_Driver/Src/stm32f7xx_hal_uart.o
 .text.UART_EndTransmit_IT
                0x000000000800a004       0x32 Drivers/STM32F7xx_HAL_Driver/Src/stm32f7xx_hal_uart.o
 *fill*         0x000000000800a036        0x2 
 .text.__errno  0x000000000800a038        0xc c:/st/stm32cubeide_1.0.1/stm32cubeide/plugins/com.st.stm32cube.ide.mcu.externaltools.gnu-tools-for-stm32.7-2018-q2-update.win32_1.5.0.202011040924/tools/bin/../lib/gcc/arm-none-eabi/7.3.1/../../../../arm-none-eabi/lib/thumb/v7e-m/fpv4-sp/hard\libc_nano.a(lib_a-errno.o)
                0x000000000800a038                __errno
 .text.__libc_init_array
                0x000000000800a044       0x48 c:/st/stm32cubeide_1.0.1/stm32cubeide/plugins/com.st.stm32cube.ide.mcu.externaltools.gnu-tools-for-stm32.7-2018-q2-update.win32_1.5.0.202011040924/tools/bin/../lib/gcc/arm-none-eabi/7.3.1/../../../../arm-none-eabi/lib/thumb/v7e-m/fpv4-sp/hard\libc_nano.a(lib_a-init.o)
                0x000000000800a044                __libc_init_array
 .text.memset   0x000000000800a08c       0x10 c:/st/stm32cubeide_1.0.1/stm32cubeide/plugins/com.st.stm32cube.ide.mcu.externaltools.gnu-tools-for-stm32.7-2018-q2-update.win32_1.5.0.202011040924/tools/bin/../lib/gcc/arm-none-eabi/7.3.1/../../../../arm-none-eabi/lib/thumb/v7e-m/fpv4-sp/hard\libc_nano.a(lib_a-memset.o)
                0x000000000800a08c                memset
 .text.sprintf  0x000000000800a09c       0x40 c:/st/stm32cubeide_1.0.1/stm32cubeide/plugins/com.st.stm32cube.ide.mcu.externaltools.gnu-tools-for-stm32.7-2018-q2-update.win32_1.5.0.202011040924/tools/bin/../lib/gcc/arm-none-eabi/7.3.1/../../../../arm-none-eabi/lib/thumb/v7e-m/fpv4-sp/hard\libc_nano.a(lib_a-sprintf.o)
                0x000000000800a09c                siprintf
                0x000000000800a09c                sprintf
 .text._vsprintf_r
                0x000000000800a0dc       0x2c c:/st/stm32cubeide_1.0.1/stm32cubeide/plugins/com.st.stm32cube.ide.mcu.externaltools.gnu-tools-for-stm32.7-2018-q2-update.win32_1.5.0.202011040924/tools/bin/../lib/gcc/arm-none-eabi/7.3.1/../../../../arm-none-eabi/lib/thumb/v7e-m/fpv4-sp/hard\libc_nano.a(lib_a-vsprintf.o)
                0x000000000800a0dc                _vsprintf_r
                0x000000000800a0dc                _vsiprintf_r
 .text.vsprintf
                0x000000000800a108       0x14 c:/st/stm32cubeide_1.0.1/stm32cubeide/plugins/com.st.stm32cube.ide.mcu.externaltools.gnu-tools-for-stm32.7-2018-q2-update.win32_1.5.0.202011040924/tools/bin/../lib/gcc/arm-none-eabi/7.3.1/../../../../arm-none-eabi/lib/thumb/v7e-m/fpv4-sp/hard\libc_nano.a(lib_a-vsprintf.o)
                0x000000000800a108                vsiprintf
                0x000000000800a108                vsprintf
 .text.__ssputs_r
                0x000000000800a11c       0xb4 c:/st/stm32cubeide_1.0.1/stm32cubeide/plugins/com.st.stm32cube.ide.mcu.externaltools.gnu-tools-for-stm32.7-2018-q2-update.win32_1.5.0.202011040924/tools/bin/../lib/gcc/arm-none-eabi/7.3.1/../../../../arm-none-eabi/lib/thumb/v7e-m/fpv4-sp/hard\libc_nano.a(lib_a-nano-svfprintf.o)
                0x000000000800a11c                __ssputs_r
 .text._svfprintf_r
                0x000000000800a1d0      0x1f0 c:/st/stm32cubeide_1.0.1/stm32cubeide/plugins/com.st.stm32cube.ide.mcu.externaltools.gnu-tools-for-stm32.7-2018-q2-update.win32_1.5.0.202011040924/tools/bin/../lib/gcc/arm-none-eabi/7.3.1/../../../../arm-none-eabi/lib/thumb/v7e-m/fpv4-sp/hard\libc_nano.a(lib_a-nano-svfprintf.o)
                0x000000000800a1d0                _svfiprintf_r
                0x000000000800a1d0                _svfprintf_r
 .text._printf_common
                0x000000000800a3c0       0xea c:/st/stm32cubeide_1.0.1/stm32cubeide/plugins/com.st.stm32cube.ide.mcu.externaltools.gnu-tools-for-stm32.7-2018-q2-update.win32_1.5.0.202011040924/tools/bin/../lib/gcc/arm-none-eabi/7.3.1/../../../../arm-none-eabi/lib/thumb/v7e-m/fpv4-sp/hard\libc_nano.a(lib_a-nano-vfprintf_i.o)
                0x000000000800a3c0                _printf_common
 *fill*         0x000000000800a4aa        0x2 
 .text._printf_i
                0x000000000800a4ac      0x224 c:/st/stm32cubeide_1.0.1/stm32cubeide/plugins/com.st.stm32cube.ide.mcu.externaltools.gnu-tools-for-stm32.7-2018-q2-update.win32_1.5.0.202011040924/tools/bin/../lib/gcc/arm-none-eabi/7.3.1/../../../../arm-none-eabi/lib/thumb/v7e-m/fpv4-sp/hard\libc_nano.a(lib_a-nano-vfprintf_i.o)
                0x000000000800a4ac                _printf_i
 .text.memcpy   0x000000000800a6d0       0x16 c:/st/stm32cubeide_1.0.1/stm32cubeide/plugins/com.st.stm32cube.ide.mcu.externaltools.gnu-tools-for-stm32.7-2018-q2-update.win32_1.5.0.202011040924/tools/bin/../lib/gcc/arm-none-eabi/7.3.1/../../../../arm-none-eabi/lib/thumb/v7e-m/fpv4-sp/hard\libc_nano.a(lib_a-memcpy-stub.o)
                0x000000000800a6d0                memcpy
 .text.memmove  0x000000000800a6e6       0x32 c:/st/stm32cubeide_1.0.1/stm32cubeide/plugins/com.st.stm32cube.ide.mcu.externaltools.gnu-tools-for-stm32.7-2018-q2-update.win32_1.5.0.202011040924/tools/bin/../lib/gcc/arm-none-eabi/7.3.1/../../../../arm-none-eabi/lib/thumb/v7e-m/fpv4-sp/hard\libc_nano.a(lib_a-memmove.o)
                0x000000000800a6e6                memmove
 .text._free_r  0x000000000800a718       0x9c c:/st/stm32cubeide_1.0.1/stm32cubeide/plugins/com.st.stm32cube.ide.mcu.externaltools.gnu-tools-for-stm32.7-2018-q2-update.win32_1.5.0.202011040924/tools/bin/../lib/gcc/arm-none-eabi/7.3.1/../../../../arm-none-eabi/lib/thumb/v7e-m/fpv4-sp/hard\libc_nano.a(lib_a-nano-freer.o)
                0x000000000800a718                _free_r
 .text._malloc_r
                0x000000000800a7b4       0xb4 c:/st/stm32cubeide_1.0.1/stm32cubeide/plugins/com.st.stm32cube.ide.mcu.externaltools.gnu-tools-for-stm32.7-2018-q2-update.win32_1.5.0.202011040924/tools/bin/../lib/gcc/arm-none-eabi/7.3.1/../../../../arm-none-eabi/lib/thumb/v7e-m/fpv4-sp/hard\libc_nano.a(lib_a-nano-mallocr.o)
                0x000000000800a7b4                _malloc_r
 .text._realloc_r
                0x000000000800a868       0x4c c:/st/stm32cubeide_1.0.1/stm32cubeide/plugins/com.st.stm32cube.ide.mcu.externaltools.gnu-tools-for-stm32.7-2018-q2-update.win32_1.5.0.202011040924/tools/bin/../lib/gcc/arm-none-eabi/7.3.1/../../../../arm-none-eabi/lib/thumb/v7e-m/fpv4-sp/hard\libc_nano.a(lib_a-nano-reallocr.o)
                0x000000000800a868                _realloc_r
 .text._sbrk_r  0x000000000800a8b4       0x20 c:/st/stm32cubeide_1.0.1/stm32cubeide/plugins/com.st.stm32cube.ide.mcu.externaltools.gnu-tools-for-stm32.7-2018-q2-update.win32_1.5.0.202011040924/tools/bin/../lib/gcc/arm-none-eabi/7.3.1/../../../../arm-none-eabi/lib/thumb/v7e-m/fpv4-sp/hard\libc_nano.a(lib_a-sbrkr.o)
                0x000000000800a8b4                _sbrk_r
 .text.__malloc_lock
                0x000000000800a8d4        0x2 c:/st/stm32cubeide_1.0.1/stm32cubeide/plugins/com.st.stm32cube.ide.mcu.externaltools.gnu-tools-for-stm32.7-2018-q2-update.win32_1.5.0.202011040924/tools/bin/../lib/gcc/arm-none-eabi/7.3.1/../../../../arm-none-eabi/lib/thumb/v7e-m/fpv4-sp/hard\libc_nano.a(lib_a-mlock.o)
                0x000000000800a8d4                __malloc_lock
 .text.__malloc_unlock
                0x000000000800a8d6        0x2 c:/st/stm32cubeide_1.0.1/stm32cubeide/plugins/com.st.stm32cube.ide.mcu.externaltools.gnu-tools-for-stm32.7-2018-q2-update.win32_1.5.0.202011040924/tools/bin/../lib/gcc/arm-none-eabi/7.3.1/../../../../arm-none-eabi/lib/thumb/v7e-m/fpv4-sp/hard\libc_nano.a(lib_a-mlock.o)
                0x000000000800a8d6                __malloc_unlock
 .text._malloc_usable_size_r
                0x000000000800a8d8       0x10 c:/st/stm32cubeide_1.0.1/stm32cubeide/plugins/com.st.stm32cube.ide.mcu.externaltools.gnu-tools-for-stm32.7-2018-q2-update.win32_1.5.0.202011040924/tools/bin/../lib/gcc/arm-none-eabi/7.3.1/../../../../arm-none-eabi/lib/thumb/v7e-m/fpv4-sp/hard\libc_nano.a(lib_a-nano-msizer.o)
                0x000000000800a8d8                _malloc_usable_size_r
 *(.glue_7)
 .glue_7        0x000000000800a8e8        0x0 linker stubs
 *(.glue_7t)
 .glue_7t       0x000000000800a8e8        0x0 linker stubs
 *(.eh_frame)
 .eh_frame      0x000000000800a8e8        0x0 c:/st/stm32cubeide_1.0.1/stm32cubeide/plugins/com.st.stm32cube.ide.mcu.externaltools.gnu-tools-for-stm32.7-2018-q2-update.win32_1.5.0.202011040924/tools/bin/../lib/gcc/arm-none-eabi/7.3.1/thumb/v7e-m/fpv4-sp/hard/crtbegin.o
 *(.init)
 .init          0x000000000800a8e8        0x4 c:/st/stm32cubeide_1.0.1/stm32cubeide/plugins/com.st.stm32cube.ide.mcu.externaltools.gnu-tools-for-stm32.7-2018-q2-update.win32_1.5.0.202011040924/tools/bin/../lib/gcc/arm-none-eabi/7.3.1/thumb/v7e-m/fpv4-sp/hard/crti.o
                0x000000000800a8e8                _init
 .init          0x000000000800a8ec        0x8 c:/st/stm32cubeide_1.0.1/stm32cubeide/plugins/com.st.stm32cube.ide.mcu.externaltools.gnu-tools-for-stm32.7-2018-q2-update.win32_1.5.0.202011040924/tools/bin/../lib/gcc/arm-none-eabi/7.3.1/thumb/v7e-m/fpv4-sp/hard/crtn.o
 *(.fini)
 .fini          0x000000000800a8f4        0x4 c:/st/stm32cubeide_1.0.1/stm32cubeide/plugins/com.st.stm32cube.ide.mcu.externaltools.gnu-tools-for-stm32.7-2018-q2-update.win32_1.5.0.202011040924/tools/bin/../lib/gcc/arm-none-eabi/7.3.1/thumb/v7e-m/fpv4-sp/hard/crti.o
                0x000000000800a8f4                _fini
 .fini          0x000000000800a8f8        0x8 c:/st/stm32cubeide_1.0.1/stm32cubeide/plugins/com.st.stm32cube.ide.mcu.externaltools.gnu-tools-for-stm32.7-2018-q2-update.win32_1.5.0.202011040924/tools/bin/../lib/gcc/arm-none-eabi/7.3.1/thumb/v7e-m/fpv4-sp/hard/crtn.o
                0x000000000800a900                . = ALIGN (0x4)
                0x000000000800a900                _etext = .

.vfp11_veneer   0x000000000800a900        0x0
 .vfp11_veneer  0x000000000800a900        0x0 linker stubs

.v4_bx          0x000000000800a900        0x0
 .v4_bx         0x000000000800a900        0x0 linker stubs

.iplt           0x000000000800a900        0x0
 .iplt          0x000000000800a900        0x0 c:/st/stm32cubeide_1.0.1/stm32cubeide/plugins/com.st.stm32cube.ide.mcu.externaltools.gnu-tools-for-stm32.7-2018-q2-update.win32_1.5.0.202011040924/tools/bin/../lib/gcc/arm-none-eabi/7.3.1/thumb/v7e-m/fpv4-sp/hard/crtbegin.o

.rodata         0x000000000800a900      0x114
                0x000000000800a900                . = ALIGN (0x4)
 *(.rodata)
 .rodata        0x000000000800a900        0x2 Components/Src/bmp280.o
 *fill*         0x000000000800a902        0x2 
 .rodata        0x000000000800a904       0x96 Components/Src/menu_config.o
 *fill*         0x000000000800a99a        0x2 
 .rodata        0x000000000800a99c        0xa Core/Src/main.o
 *(.rodata*)
 *fill*         0x000000000800a9a6        0x2 
 .rodata.DISP_COMMON_ANODE_DECIMALS
                0x000000000800a9a8        0xb Components/Src/disp.o
                0x000000000800a9a8                DISP_COMMON_ANODE_DECIMALS
 *fill*         0x000000000800a9b3        0x1 
 .rodata.LCD_ROW_16
                0x000000000800a9b4        0x4 Components/Src/lcd.o
                0x000000000800a9b4                LCD_ROW_16
 .rodata.MENU_LED_TEXT
                0x000000000800a9b8        0x8 Components/Src/menu_config.o
 .rodata.AHBPrescTable
                0x000000000800a9c0       0x10 Core/Src/system_stm32f7xx.o
                0x000000000800a9c0                AHBPrescTable
 .rodata.APBPrescTable
                0x000000000800a9d0        0x8 Core/Src/system_stm32f7xx.o
                0x000000000800a9d0                APBPrescTable
 .rodata.flagBitshiftOffset.9121
                0x000000000800a9d8        0x8 Drivers/STM32F7xx_HAL_Driver/Src/stm32f7xx_hal_dma.o
 .rodata._svfprintf_r.str1.1
                0x000000000800a9e0       0x11 c:/st/stm32cubeide_1.0.1/stm32cubeide/plugins/com.st.stm32cube.ide.mcu.externaltools.gnu-tools-for-stm32.7-2018-q2-update.win32_1.5.0.202011040924/tools/bin/../lib/gcc/arm-none-eabi/7.3.1/../../../../arm-none-eabi/lib/thumb/v7e-m/fpv4-sp/hard\libc_nano.a(lib_a-nano-svfprintf.o)
 .rodata._printf_i.str1.1
                0x000000000800a9f1       0x22 c:/st/stm32cubeide_1.0.1/stm32cubeide/plugins/com.st.stm32cube.ide.mcu.externaltools.gnu-tools-for-stm32.7-2018-q2-update.win32_1.5.0.202011040924/tools/bin/../lib/gcc/arm-none-eabi/7.3.1/../../../../arm-none-eabi/lib/thumb/v7e-m/fpv4-sp/hard\libc_nano.a(lib_a-nano-vfprintf_i.o)
                0x000000000800aa14                . = ALIGN (0x4)
 *fill*         0x000000000800aa13        0x1 

.ARM.extab      0x000000000800aa14        0x0
                0x000000000800aa14                . = ALIGN (0x4)
 *(.ARM.extab* .gnu.linkonce.armextab.*)
                0x000000000800aa14                . = ALIGN (0x4)

.ARM            0x000000000800aa14        0x8
                0x000000000800aa14                . = ALIGN (0x4)
                0x000000000800aa14                __exidx_start = .
 *(.ARM.exidx*)
 .ARM.exidx     0x000000000800aa14        0x8 c:/st/stm32cubeide_1.0.1/stm32cubeide/plugins/com.st.stm32cube.ide.mcu.externaltools.gnu-tools-for-stm32.7-2018-q2-update.win32_1.5.0.202011040924/tools/bin/../lib/gcc/arm-none-eabi/7.3.1/thumb/v7e-m/fpv4-sp/hard\libgcc.a(_udivmoddi4.o)
                0x000000000800aa1c                __exidx_end = .
                0x000000000800aa1c                . = ALIGN (0x4)

.rel.dyn        0x000000000800aa1c        0x0
 .rel.iplt      0x000000000800aa1c        0x0 c:/st/stm32cubeide_1.0.1/stm32cubeide/plugins/com.st.stm32cube.ide.mcu.externaltools.gnu-tools-for-stm32.7-2018-q2-update.win32_1.5.0.202011040924/tools/bin/../lib/gcc/arm-none-eabi/7.3.1/thumb/v7e-m/fpv4-sp/hard/crtbegin.o

.preinit_array  0x000000000800aa1c        0x0
                0x000000000800aa1c                . = ALIGN (0x4)
                0x000000000800aa1c                PROVIDE (__preinit_array_start = .)
 *(.preinit_array*)
                0x000000000800aa1c                PROVIDE (__preinit_array_end = .)
                0x000000000800aa1c                . = ALIGN (0x4)

.init_array     0x000000000800aa1c        0x4
                0x000000000800aa1c                . = ALIGN (0x4)
                0x000000000800aa1c                PROVIDE (__init_array_start = .)
 *(SORT_BY_NAME(.init_array.*))
 *(.init_array*)
 .init_array    0x000000000800aa1c        0x4 c:/st/stm32cubeide_1.0.1/stm32cubeide/plugins/com.st.stm32cube.ide.mcu.externaltools.gnu-tools-for-stm32.7-2018-q2-update.win32_1.5.0.202011040924/tools/bin/../lib/gcc/arm-none-eabi/7.3.1/thumb/v7e-m/fpv4-sp/hard/crtbegin.o
                0x000000000800aa20                PROVIDE (__init_array_end = .)
                0x000000000800aa20                . = ALIGN (0x4)

.fini_array     0x000000000800aa20        0x4
                0x000000000800aa20                . = ALIGN (0x4)
                [!provide]                        PROVIDE (__fini_array_start = .)
 *(SORT_BY_NAME(.fini_array.*))
 *(.fini_array*)
 .fini_array    0x000000000800aa20        0x4 c:/st/stm32cubeide_1.0.1/stm32cubeide/plugins/com.st.stm32cube.ide.mcu.externaltools.gnu-tools-for-stm32.7-2018-q2-update.win32_1.5.0.202011040924/tools/bin/../lib/gcc/arm-none-eabi/7.3.1/thumb/v7e-m/fpv4-sp/hard/crtbegin.o
                [!provide]                        PROVIDE (__fini_array_end = .)
                0x000000000800aa24                . = ALIGN (0x4)
                0x000000000800aa24                _sidata = LOADADDR (.data)

.data           0x0000000020000000      0x598 load address 0x000000000800aa24
                0x0000000020000000                . = ALIGN (0x4)
                0x0000000020000000                _sdata = .
 *(.data)
 *(.data*)
 .data.hbh1750_1
                0x0000000020000000        0xc Components/Src/bh1750_config.o
                0x0000000020000000                hbh1750_1
 .data.hbh1750_2
                0x000000002000000c        0xc Components/Src/bh1750_config.o
                0x000000002000000c                hbh1750_2
 .data.BMP280_CS_Ports
                0x0000000020000018        0x8 Components/Src/bmp280_config.o
                0x0000000020000018                BMP280_CS_Ports
 .data.BMP280_CS_Pins
                0x0000000020000020        0x4 Components/Src/bmp280_config.o
                0x0000000020000020                BMP280_CS_Pins
 .data.bmp280_1
                0x0000000020000024       0x34 Components/Src/bmp280_config.o
                0x0000000020000024                bmp280_1
 .data.bmp280_2
                0x0000000020000058       0x34 Components/Src/bmp280_config.o
                0x0000000020000058                bmp280_2
 .data.hbtn1    0x000000002000008c        0x8 Components/Src/btn_config.o
                0x000000002000008c                hbtn1
 .data.hbtn2    0x0000000020000094        0x8 Components/Src/btn_config.o
                0x0000000020000094                hbtn2
 .data.hlamp1   0x000000002000009c       0x20 Components/Src/dimmer_config.o
                0x000000002000009c                hlamp1
 .data.hdisp1   0x00000000200000bc       0x58 Components/Src/disp_config.o
                0x00000000200000bc                hdisp1
 .data.henc1    0x0000000020000114       0x14 Components/Src/encoder_config.o
                0x0000000020000114                henc1
 .data.hheaterpwm1
                0x0000000020000128        0xc Components/Src/heater_pwm_config.o
                0x0000000020000128                hheaterpwm1
 .data.LCD_Ports
                0x0000000020000134       0x10 Components/Src/lcd_config.o
                0x0000000020000134                LCD_Ports
 .data.LCD_Pins
                0x0000000020000144        0x8 Components/Src/lcd_config.o
                0x0000000020000144                LCD_Pins
 .data.hlcd1    0x000000002000014c       0x1c Components/Src/lcd_config.o
                0x000000002000014c                hlcd1
 .data.hledg1   0x0000000020000168        0x8 Components/Src/led_config.o
                0x0000000020000168                hledg1
 .data.hledb1   0x0000000020000170        0x8 Components/Src/led_config.o
                0x0000000020000170                hledb1
 .data.hledr1   0x0000000020000178        0x8 Components/Src/led_config.o
                0x0000000020000178                hledr1
 .data.hledg2   0x0000000020000180        0x8 Components/Src/led_config.o
                0x0000000020000180                hledg2
 .data.hledb2   0x0000000020000188        0x8 Components/Src/led_config.o
                0x0000000020000188                hledb2
 .data.hledr2   0x0000000020000190        0x8 Components/Src/led_config.o
                0x0000000020000190                hledr2
 .data.hledrgb1
                0x0000000020000198       0x1c Components/Src/led_rgb_config.o
                0x0000000020000198                hledrgb1
 .data.menu_ledr1
                0x00000000200001b4       0x28 Components/Src/menu_config.o
                0x00000000200001b4                menu_ledr1
 .data.menu_ledr2
                0x00000000200001dc       0x28 Components/Src/menu_config.o
                0x00000000200001dc                menu_ledr2
 .data.menu_ledg1
                0x0000000020000204       0x28 Components/Src/menu_config.o
                0x0000000020000204                menu_ledg1
 .data.menu_ledg2
                0x000000002000022c       0x28 Components/Src/menu_config.o
                0x000000002000022c                menu_ledg2
 .data.menu_ledb1
                0x0000000020000254       0x28 Components/Src/menu_config.o
                0x0000000020000254                menu_ledb1
 .data.menu_ledb2
                0x000000002000027c       0x28 Components/Src/menu_config.o
                0x000000002000027c                menu_ledb2
 .data.menu_ledrgb_r
                0x00000000200002a4       0x28 Components/Src/menu_config.o
                0x00000000200002a4                menu_ledrgb_r
 .data.menu_ledrgb_g
                0x00000000200002cc       0x28 Components/Src/menu_config.o
                0x00000000200002cc                menu_ledrgb_g
 .data.menu_ledrgb_b
                0x00000000200002f4       0x28 Components/Src/menu_config.o
                0x00000000200002f4                menu_ledrgb_b
 .data.menu_ain1
                0x000000002000031c       0x28 Components/Src/menu_config.o
                0x000000002000031c                menu_ain1
 .data.menu_ain2
                0x0000000020000344       0x28 Components/Src/menu_config.o
                0x0000000020000344                menu_ain2
 .data.menu_dimmer1
                0x000000002000036c       0x28 Components/Src/menu_config.o
                0x000000002000036c                menu_dimmer1
 .data.menu_light1
                0x0000000020000394       0x28 Components/Src/menu_config.o
                0x0000000020000394                menu_light1
 .data.menu_light2
                0x00000000200003bc       0x28 Components/Src/menu_config.o
                0x00000000200003bc                menu_light2
 .data.menu_temp1
                0x00000000200003e4       0x28 Components/Src/menu_config.o
                0x00000000200003e4                menu_temp1
 .data.menu_temp2
                0x000000002000040c       0x28 Components/Src/menu_config.o
                0x000000002000040c                menu_temp2
 .data.menu_heater1
                0x0000000020000434       0x28 Components/Src/menu_config.o
                0x0000000020000434                menu_heater1
 .data.sine_wave
                0x000000002000045c       0xca Core/Src/main.o
                0x000000002000045c                sine_wave
 *fill*         0x0000000020000526        0x2 
 .data.SystemCoreClock
                0x0000000020000528        0x4 Core/Src/system_stm32f7xx.o
                0x0000000020000528                SystemCoreClock
 .data.uwTickPrio
                0x000000002000052c        0x4 Drivers/STM32F7xx_HAL_Driver/Src/stm32f7xx_hal.o
                0x000000002000052c                uwTickPrio
 .data.uwTickFreq
                0x0000000020000530        0x1 Drivers/STM32F7xx_HAL_Driver/Src/stm32f7xx_hal.o
                0x0000000020000530                uwTickFreq
 *fill*         0x0000000020000531        0x3 
 .data._impure_ptr
                0x0000000020000534        0x4 c:/st/stm32cubeide_1.0.1/stm32cubeide/plugins/com.st.stm32cube.ide.mcu.externaltools.gnu-tools-for-stm32.7-2018-q2-update.win32_1.5.0.202011040924/tools/bin/../lib/gcc/arm-none-eabi/7.3.1/../../../../arm-none-eabi/lib/thumb/v7e-m/fpv4-sp/hard\libc_nano.a(lib_a-impure.o)
                0x0000000020000534                _impure_ptr
 .data.impure_data
                0x0000000020000538       0x60 c:/st/stm32cubeide_1.0.1/stm32cubeide/plugins/com.st.stm32cube.ide.mcu.externaltools.gnu-tools-for-stm32.7-2018-q2-update.win32_1.5.0.202011040924/tools/bin/../lib/gcc/arm-none-eabi/7.3.1/../../../../arm-none-eabi/lib/thumb/v7e-m/fpv4-sp/hard\libc_nano.a(lib_a-impure.o)
 *(.RamFunc)
 *(.RamFunc*)
                0x0000000020000598                . = ALIGN (0x4)
                0x0000000020000598                _edata = .

.igot.plt       0x0000000020000598        0x0 load address 0x000000000800afbc
 .igot.plt      0x0000000020000598        0x0 c:/st/stm32cubeide_1.0.1/stm32cubeide/plugins/com.st.stm32cube.ide.mcu.externaltools.gnu-tools-for-stm32.7-2018-q2-update.win32_1.5.0.202011040924/tools/bin/../lib/gcc/arm-none-eabi/7.3.1/thumb/v7e-m/fpv4-sp/hard/crtbegin.o
                0x0000000020000598                . = ALIGN (0x4)

.bss            0x0000000020000598      0x410 load address 0x000000000800afbc
                0x0000000020000598                _sbss = .
                0x0000000020000598                __bss_start__ = _sbss
 *(.bss)
 .bss           0x0000000020000598       0x1c c:/st/stm32cubeide_1.0.1/stm32cubeide/plugins/com.st.stm32cube.ide.mcu.externaltools.gnu-tools-for-stm32.7-2018-q2-update.win32_1.5.0.202011040924/tools/bin/../lib/gcc/arm-none-eabi/7.3.1/thumb/v7e-m/fpv4-sp/hard/crtbegin.o
 *(.bss*)
 .bss.dig.9086  0x00000000200005b4        0x1 Components/Src/disp.o
 *fill*         0x00000000200005b5        0x3 
 .bss.adc_measurement
                0x00000000200005b8        0x4 Core/Src/main.o
                0x00000000200005b8                adc_measurement
 .bss.adc_voltage_mV
                0x00000000200005bc        0x8 Core/Src/main.o
                0x00000000200005bc                adc_voltage_mV
 .bss.__sbrk_heap_end
                0x00000000200005c4        0x4 Core/Src/sysmem.o
 .bss.__malloc_free_list
                0x00000000200005c8        0x4 c:/st/stm32cubeide_1.0.1/stm32cubeide/plugins/com.st.stm32cube.ide.mcu.externaltools.gnu-tools-for-stm32.7-2018-q2-update.win32_1.5.0.202011040924/tools/bin/../lib/gcc/arm-none-eabi/7.3.1/../../../../arm-none-eabi/lib/thumb/v7e-m/fpv4-sp/hard\libc_nano.a(lib_a-nano-mallocr.o)
                0x00000000200005c8                __malloc_free_list
 .bss.__malloc_sbrk_start
                0x00000000200005cc        0x4 c:/st/stm32cubeide_1.0.1/stm32cubeide/plugins/com.st.stm32cube.ide.mcu.externaltools.gnu-tools-for-stm32.7-2018-q2-update.win32_1.5.0.202011040924/tools/bin/../lib/gcc/arm-none-eabi/7.3.1/../../../../arm-none-eabi/lib/thumb/v7e-m/fpv4-sp/hard\libc_nano.a(lib_a-nano-mallocr.o)
                0x00000000200005cc                __malloc_sbrk_start
 *(COMMON)
 COMMON         0x00000000200005d0        0x4 Components/Src/menu_config.o
                0x00000000200005d0                menu_item
 COMMON         0x00000000200005d4       0xa8 Core/Src/adc.o
                0x00000000200005d4                hadc1
                0x000000002000061c                hdma_adc1
 COMMON         0x000000002000067c       0x74 Core/Src/dac.o
                0x000000002000067c                hdma_dac1
                0x00000000200006dc                hdac
 COMMON         0x00000000200006f0       0x4c Core/Src/i2c.o
                0x00000000200006f0                hi2c1
 COMMON         0x000000002000073c       0x64 Core/Src/spi.o
                0x000000002000073c                hspi4
 COMMON         0x00000000200007a0      0x180 Core/Src/tim.o
                0x00000000200007a0                htim4
                0x00000000200007e0                htim5
                0x0000000020000820                htim3
                0x0000000020000860                htim6
                0x00000000200008a0                htim2
                0x00000000200008e0                htim7
 COMMON         0x0000000020000920       0x80 Core/Src/usart.o
                0x0000000020000920                huart3
 COMMON         0x00000000200009a0        0x4 Drivers/STM32F7xx_HAL_Driver/Src/stm32f7xx_hal.o
                0x00000000200009a0                uwTick
 COMMON         0x00000000200009a4        0x4 c:/st/stm32cubeide_1.0.1/stm32cubeide/plugins/com.st.stm32cube.ide.mcu.externaltools.gnu-tools-for-stm32.7-2018-q2-update.win32_1.5.0.202011040924/tools/bin/../lib/gcc/arm-none-eabi/7.3.1/../../../../arm-none-eabi/lib/thumb/v7e-m/fpv4-sp/hard\libc_nano.a(lib_a-reent.o)
                0x00000000200009a4                errno
                0x00000000200009a8                . = ALIGN (0x4)
                0x00000000200009a8                _ebss = .
                0x00000000200009a8                __bss_end__ = _ebss

._user_heap_stack
                0x00000000200009a8      0x600 load address 0x000000000800afbc
                0x00000000200009a8                . = ALIGN (0x8)
                [!provide]                        PROVIDE (end = .)
                0x00000000200009a8                PROVIDE (_end = .)
                0x0000000020000ba8                . = (. + _Min_Heap_Size)
 *fill*         0x00000000200009a8      0x200 
                0x0000000020000fa8                . = (. + _Min_Stack_Size)
 *fill*         0x0000000020000ba8      0x400 
                0x0000000020000fa8                . = ALIGN (0x8)

/DISCARD/
 libc.a(*)
 libm.a(*)
 libgcc.a(*)

.ARM.attributes
                0x0000000000000000       0x30
 *(.ARM.attributes)
 .ARM.attributes
                0x0000000000000000       0x22 c:/st/stm32cubeide_1.0.1/stm32cubeide/plugins/com.st.stm32cube.ide.mcu.externaltools.gnu-tools-for-stm32.7-2018-q2-update.win32_1.5.0.202011040924/tools/bin/../lib/gcc/arm-none-eabi/7.3.1/thumb/v7e-m/fpv4-sp/hard/crti.o
 .ARM.attributes
                0x0000000000000022       0x34 c:/st/stm32cubeide_1.0.1/stm32cubeide/plugins/com.st.stm32cube.ide.mcu.externaltools.gnu-tools-for-stm32.7-2018-q2-update.win32_1.5.0.202011040924/tools/bin/../lib/gcc/arm-none-eabi/7.3.1/thumb/v7e-m/fpv4-sp/hard/crtbegin.o
 .ARM.attributes
                0x0000000000000056       0x39 Components/Src/bh1750.o
 .ARM.attributes
                0x000000000000008f       0x39 Components/Src/bh1750_config.o
 .ARM.attributes
                0x00000000000000c8       0x39 Components/Src/bmp280.o
 .ARM.attributes
                0x0000000000000101       0x39 Components/Src/bmp280_config.o
 .ARM.attributes
                0x000000000000013a       0x39 Components/Src/btn_config.o
 .ARM.attributes
                0x0000000000000173       0x39 Components/Src/dimmer.o
 .ARM.attributes
                0x00000000000001ac       0x39 Components/Src/dimmer_config.o
 .ARM.attributes
                0x00000000000001e5       0x39 Components/Src/disp.o
 .ARM.attributes
                0x000000000000021e       0x39 Components/Src/disp_config.o
 .ARM.attributes
                0x0000000000000257       0x39 Components/Src/encoder.o
 .ARM.attributes
                0x0000000000000290       0x39 Components/Src/encoder_config.o
 .ARM.attributes
                0x00000000000002c9       0x39 Components/Src/heater_pwm.o
 .ARM.attributes
                0x0000000000000302       0x39 Components/Src/heater_pwm_config.o
 .ARM.attributes
                0x000000000000033b       0x39 Components/Src/lcd.o
 .ARM.attributes
                0x0000000000000374       0x39 Components/Src/lcd_config.o
 .ARM.attributes
                0x00000000000003ad       0x39 Components/Src/led.o
 .ARM.attributes
                0x00000000000003e6       0x39 Components/Src/led_config.o
 .ARM.attributes
                0x000000000000041f       0x39 Components/Src/led_rgb.o
 .ARM.attributes
                0x0000000000000458       0x39 Components/Src/led_rgb_config.o
 .ARM.attributes
                0x0000000000000491       0x39 Components/Src/menu.o
 .ARM.attributes
                0x00000000000004ca       0x39 Components/Src/menu_config.o
 .ARM.attributes
                0x0000000000000503       0x39 Core/Src/adc.o
 .ARM.attributes
                0x000000000000053c       0x39 Core/Src/dac.o
 .ARM.attributes
                0x0000000000000575       0x39 Core/Src/dma.o
 .ARM.attributes
                0x00000000000005ae       0x39 Core/Src/gpio.o
 .ARM.attributes
                0x00000000000005e7       0x39 Core/Src/i2c.o
 .ARM.attributes
                0x0000000000000620       0x39 Core/Src/main.o
 .ARM.attributes
                0x0000000000000659       0x39 Core/Src/spi.o
 .ARM.attributes
                0x0000000000000692       0x39 Core/Src/stm32f7xx_hal_msp.o
 .ARM.attributes
                0x00000000000006cb       0x39 Core/Src/stm32f7xx_it.o
 .ARM.attributes
                0x0000000000000704       0x39 Core/Src/sysmem.o
 .ARM.attributes
                0x000000000000073d       0x39 Core/Src/system_stm32f7xx.o
 .ARM.attributes
                0x0000000000000776       0x39 Core/Src/tim.o
 .ARM.attributes
                0x00000000000007af       0x39 Core/Src/usart.o
 .ARM.attributes
                0x00000000000007e8       0x21 Core/Startup/startup_stm32f746zgtx.o
 .ARM.attributes
                0x0000000000000809       0x39 Drivers/STM32F7xx_HAL_Driver/Src/stm32f7xx_hal.o
 .ARM.attributes
                0x0000000000000842       0x39 Drivers/STM32F7xx_HAL_Driver/Src/stm32f7xx_hal_adc.o
 .ARM.attributes
                0x000000000000087b       0x39 Drivers/STM32F7xx_HAL_Driver/Src/stm32f7xx_hal_cortex.o
 .ARM.attributes
                0x00000000000008b4       0x39 Drivers/STM32F7xx_HAL_Driver/Src/stm32f7xx_hal_dac.o
 .ARM.attributes
                0x00000000000008ed       0x39 Drivers/STM32F7xx_HAL_Driver/Src/stm32f7xx_hal_dac_ex.o
 .ARM.attributes
                0x0000000000000926       0x39 Drivers/STM32F7xx_HAL_Driver/Src/stm32f7xx_hal_dma.o
 .ARM.attributes
                0x000000000000095f       0x39 Drivers/STM32F7xx_HAL_Driver/Src/stm32f7xx_hal_gpio.o
 .ARM.attributes
                0x0000000000000998       0x39 Drivers/STM32F7xx_HAL_Driver/Src/stm32f7xx_hal_i2c.o
 .ARM.attributes
                0x00000000000009d1       0x39 Drivers/STM32F7xx_HAL_Driver/Src/stm32f7xx_hal_i2c_ex.o
 .ARM.attributes
                0x0000000000000a0a       0x39 Drivers/STM32F7xx_HAL_Driver/Src/stm32f7xx_hal_pwr.o
 .ARM.attributes
                0x0000000000000a43       0x39 Drivers/STM32F7xx_HAL_Driver/Src/stm32f7xx_hal_pwr_ex.o
 .ARM.attributes
                0x0000000000000a7c       0x39 Drivers/STM32F7xx_HAL_Driver/Src/stm32f7xx_hal_rcc.o
 .ARM.attributes
                0x0000000000000ab5       0x39 Drivers/STM32F7xx_HAL_Driver/Src/stm32f7xx_hal_rcc_ex.o
 .ARM.attributes
                0x0000000000000aee       0x39 Drivers/STM32F7xx_HAL_Driver/Src/stm32f7xx_hal_spi.o
 .ARM.attributes
                0x0000000000000b27       0x39 Drivers/STM32F7xx_HAL_Driver/Src/stm32f7xx_hal_tim.o
 .ARM.attributes
                0x0000000000000b60       0x39 Drivers/STM32F7xx_HAL_Driver/Src/stm32f7xx_hal_tim_ex.o
 .ARM.attributes
                0x0000000000000b99       0x39 Drivers/STM32F7xx_HAL_Driver/Src/stm32f7xx_hal_uart.o
 .ARM.attributes
                0x0000000000000bd2       0x34 c:/st/stm32cubeide_1.0.1/stm32cubeide/plugins/com.st.stm32cube.ide.mcu.externaltools.gnu-tools-for-stm32.7-2018-q2-update.win32_1.5.0.202011040924/tools/bin/../lib/gcc/arm-none-eabi/7.3.1/../../../../arm-none-eabi/lib/thumb/v7e-m/fpv4-sp/hard\libc_nano.a(lib_a-errno.o)
 .ARM.attributes
                0x0000000000000c06       0x34 c:/st/stm32cubeide_1.0.1/stm32cubeide/plugins/com.st.stm32cube.ide.mcu.externaltools.gnu-tools-for-stm32.7-2018-q2-update.win32_1.5.0.202011040924/tools/bin/../lib/gcc/arm-none-eabi/7.3.1/../../../../arm-none-eabi/lib/thumb/v7e-m/fpv4-sp/hard\libc_nano.a(lib_a-impure.o)
 .ARM.attributes
                0x0000000000000c3a       0x34 c:/st/stm32cubeide_1.0.1/stm32cubeide/plugins/com.st.stm32cube.ide.mcu.externaltools.gnu-tools-for-stm32.7-2018-q2-update.win32_1.5.0.202011040924/tools/bin/../lib/gcc/arm-none-eabi/7.3.1/../../../../arm-none-eabi/lib/thumb/v7e-m/fpv4-sp/hard\libc_nano.a(lib_a-init.o)
 .ARM.attributes