Archive member included to satisfy reference by file (symbol)

c:/st/stm32cubeide_1.0.1/stm32cubeide/plugins/com.st.stm32cube.ide.mcu.externaltools.gnu-tools-for-stm32.7-2018-q2-update.win32_1.5.0.202011040924/tools/bin/../lib/gcc/arm-none-eabi/7.3.1/../../../../arm-none-eabi/lib/thumb/v7e-m/fpv4-sp/hard\libc_nano.a(lib_a-errno.o)
                              Core/Src/syscalls.o (__errno)
c:/st/stm32cubeide_1.0.1/stm32cubeide/plugins/com.st.stm32cube.ide.mcu.externaltools.gnu-tools-for-stm32.7-2018-q2-update.win32_1.5.0.202011040924/tools/bin/../lib/gcc/arm-none-eabi/7.3.1/../../../../arm-none-eabi/lib/thumb/v7e-m/fpv4-sp/hard\libc_nano.a(lib_a-exit.o)
                              c:/st/stm32cubeide_1.0.1/stm32cubeide/plugins/com.st.stm32cube.ide.mcu.externaltools.gnu-tools-for-stm32.7-2018-q2-update.win32_1.5.0.202011040924/tools/bin/../lib/gcc/arm-none-eabi/7.3.1/../../../../arm-none-eabi/lib/thumb/v7e-m/fpv4-sp/hard/crt0.o (exit)
c:/st/stm32cubeide_1.0.1/stm32cubeide/plugins/com.st.stm32cube.ide.mcu.externaltools.gnu-tools-for-stm32.7-2018-q2-update.win32_1.5.0.202011040924/tools/bin/../lib/gcc/arm-none-eabi/7.3.1/../../../../arm-none-eabi/lib/thumb/v7e-m/fpv4-sp/hard\libc_nano.a(lib_a-impure.o)
                              c:/st/stm32cubeide_1.0.1/stm32cubeide/plugins/com.st.stm32cube.ide.mcu.externaltools.gnu-tools-for-stm32.7-2018-q2-update.win32_1.5.0.202011040924/tools/bin/../lib/gcc/arm-none-eabi/7.3.1/../../../../arm-none-eabi/lib/thumb/v7e-m/fpv4-sp/hard\libc_nano.a(lib_a-exit.o) (_global_impure_ptr)
c:/st/stm32cubeide_1.0.1/stm32cubeide/plugins/com.st.stm32cube.ide.mcu.externaltools.gnu-tools-for-stm32.7-2018-q2-update.win32_1.5.0.202011040924/tools/bin/../lib/gcc/arm-none-eabi/7.3.1/../../../../arm-none-eabi/lib/thumb/v7e-m/fpv4-sp/hard\libc_nano.a(lib_a-init.o)
                              c:/st/stm32cubeide_1.0.1/stm32cubeide/plugins/com.st.stm32cube.ide.mcu.externaltools.gnu-tools-for-stm32.7-2018-q2-update.win32_1.5.0.202011040924/tools/bin/../lib/gcc/arm-none-eabi/7.3.1/../../../../arm-none-eabi/lib/thumb/v7e-m/fpv4-sp/hard/crt0.o (__libc_init_array)
c:/st/stm32cubeide_1.0.1/stm32cubeide/plugins/com.st.stm32cube.ide.mcu.externaltools.gnu-tools-for-stm32.7-2018-q2-update.win32_1.5.0.202011040924/tools/bin/../lib/gcc/arm-none-eabi/7.3.1/../../../../arm-none-eabi/lib/thumb/v7e-m/fpv4-sp/hard\libc_nano.a(lib_a-memset.o)
                              c:/st/stm32cubeide_1.0.1/stm32cubeide/plugins/com.st.stm32cube.ide.mcu.externaltools.gnu-tools-for-stm32.7-2018-q2-update.win32_1.5.0.202011040924/tools/bin/../lib/gcc/arm-none-eabi/7.3.1/../../../../arm-none-eabi/lib/thumb/v7e-m/fpv4-sp/hard/crt0.o (memset)
c:/st/stm32cubeide_1.0.1/stm32cubeide/plugins/com.st.stm32cube.ide.mcu.externaltools.gnu-tools-for-stm32.7-2018-q2-update.win32_1.5.0.202011040924/tools/bin/../lib/gcc/arm-none-eabi/7.3.1/../../../../arm-none-eabi/lib/thumb/v7e-m/fpv4-sp/hard\libc_nano.a(lib_a-sprintf.o)
                              Components/Src/lcd.o (sprintf)
c:/st/stm32cubeide_1.0.1/stm32cubeide/plugins/com.st.stm32cube.ide.mcu.externaltools.gnu-tools-for-stm32.7-2018-q2-update.win32_1.5.0.202011040924/tools/bin/../lib/gcc/arm-none-eabi/7.3.1/../../../../arm-none-eabi/lib/thumb/v7e-m/fpv4-sp/hard\libc_nano.a(lib_a-strlen.o)
                              Components/Src/lcd.o (strlen)
c:/st/stm32cubeide_1.0.1/stm32cubeide/plugins/com.st.stm32cube.ide.mcu.externaltools.gnu-tools-for-stm32.7-2018-q2-update.win32_1.5.0.202011040924/tools/bin/../lib/gcc/arm-none-eabi/7.3.1/../../../../arm-none-eabi/lib/thumb/v7e-m/fpv4-sp/hard\libc_nano.a(lib_a-vsprintf.o)
                              Components/Src/lcd.o (vsprintf)
c:/st/stm32cubeide_1.0.1/stm32cubeide/plugins/com.st.stm32cube.ide.mcu.externaltools.gnu-tools-for-stm32.7-2018-q2-update.win32_1.5.0.202011040924/tools/bin/../lib/gcc/arm-none-eabi/7.3.1/../../../../arm-none-eabi/lib/thumb/v7e-m/fpv4-sp/hard\libc_nano.a(lib_a-nano-svfprintf.o)
                              c:/st/stm32cubeide_1.0.1/stm32cubeide/plugins/com.st.stm32cube.ide.mcu.externaltools.gnu-tools-for-stm32.7-2018-q2-update.win32_1.5.0.202011040924/tools/bin/../lib/gcc/arm-none-eabi/7.3.1/../../../../arm-none-eabi/lib/thumb/v7e-m/fpv4-sp/hard\libc_nano.a(lib_a-sprintf.o) (_svfprintf_r)
c:/st/stm32cubeide_1.0.1/stm32cubeide/plugins/com.st.stm32cube.ide.mcu.externaltools.gnu-tools-for-stm32.7-2018-q2-update.win32_1.5.0.202011040924/tools/bin/../lib/gcc/arm-none-eabi/7.3.1/../../../../arm-none-eabi/lib/thumb/v7e-m/fpv4-sp/hard\libc_nano.a(lib_a-nano-vfprintf_i.o)
                              c:/st/stm32cubeide_1.0.1/stm32cubeide/plugins/com.st.stm32cube.ide.mcu.externaltools.gnu-tools-for-stm32.7-2018-q2-update.win32_1.5.0.202011040924/tools/bin/../lib/gcc/arm-none-eabi/7.3.1/../../../../arm-none-eabi/lib/thumb/v7e-m/fpv4-sp/hard\libc_nano.a(lib_a-nano-svfprintf.o) (_printf_i)
[...]
Memory Configuration

Name             Origin             Length             Attributes
RAM              0x0000000020000000 0x0000000000050000 xrw
FLASH            0x0000000008000000 0x0000000000100000 xr
*default*        0x0000000000000000 0xffffffffffffffff

Linker script and memory map

LOAD c:/st/stm32cubeide_1.0.1/stm32cubeide/plugins/com.st.stm32cube.ide.mcu.externaltools.gnu-tools-for-stm32.7-2018-q2-update.win32_1.5.0.202011040924/tools/bin/../lib/gcc/arm-none-eabi/7.3.1/thumb/v7e-m/fpv4-sp/hard/crti.o
LOAD c:/st/stm32cubeide_1.0.1/stm32cubeide/plugins/com.st.stm32cube.ide.mcu.externaltools.gnu-tools-for-stm32.7-2018-q2-update.win32_1.5.0.202011040924/tools/bin/../lib/gcc/arm-none-eabi/7.3.1/thumb/v7e-m/fpv4-sp/hard/crtbegin.o
LOAD c:/st/stm32cubeide_1.0.1/stm32cubeide/plugins/com.st.stm32cube.ide.mcu.externaltools.gnu-tools-for-stm32.7-2018-q2-update.win32_1.5.0.202011040924/tools/bin/../lib/gcc/arm-none-eabi/7.3.1/../../../../arm-none-eabi/lib/thumb/v7e-m/fpv4-sp/hard/crt0.o
LOAD Components/Src/bh1750.o
LOAD Components/Src/bh1750_config.o
LOAD Components/Src/bmp280.o
LOAD Components/Src/bmp280_config.o
LOAD Components/Src/btn.o
LOAD Components/Src/btn_config.o
LOAD Components/Src/dimmer.o
LOAD Components/Src/dimmer_config.o
LOAD Components/Src/disp.o
LOAD Components/Src/disp_config.o
LOAD Components/Src/encoder.o
LOAD Components/Src/encoder_config.o
LOAD Components/Src/heater_pwm.o
LOAD Components/Src/heater_pwm_config.o
LOAD Components/Src/lcd.o
LOAD Components/Src/lcd_config.o
LOAD Components/Src/led.o
LOAD Components/Src/led_config.o
LOAD Components/Src/led_pwm.o
LOAD Components/Src/led_pwm_config.o
LOAD Components/Src/led_rgb.o
LOAD Components/Src/led_rgb_config.o
LOAD Components/Src/menu.o
LOAD Components/Src/menu_config.o
LOAD Core/Src/adc.o
LOAD Core/Src/dac.o
LOAD Core/Src/dma.o
LOAD Core/Src/gpio.o
LOAD Core/Src/i2c.o
LOAD Core/Src/main.o
LOAD Core/Src/spi.o
LOAD Core/Src/stm32f7xx_hal_msp.o
LOAD Core/Src/stm32f7xx_it.o
LOAD Core/Src/syscalls.o
LOAD Core/Src/sysmem.o
LOAD Core/Src/system_stm32f7xx.o
LOAD Core/Src/tim.o
LOAD Core/Src/usart.o
LOAD Core/Startup/startup_stm32f746zgtx.o
LOAD Drivers/STM32F7xx_HAL_Driver/Src/stm32f7xx_hal.o
LOAD Drivers/STM32F7xx_HAL_Driver/Src/stm32f7xx_hal_adc.o
LOAD Drivers/STM32F7xx_HAL_Driver/Src/stm32f7xx_hal_adc_ex.o
LOAD Drivers/STM32F7xx_HAL_Driver/Src/stm32f7xx_hal_cortex.o
LOAD Drivers/STM32F7xx_HAL_Driver/Src/stm32f7xx_hal_dac.o
LOAD Drivers/STM32F7xx_HAL_Driver/Src/stm32f7xx_hal_dac_ex.o
LOAD Drivers/STM32F7xx_HAL_Driver/Src/stm32f7xx_hal_dma.o
LOAD Drivers/STM32F7xx_HAL_Driver/Src/stm32f7xx_hal_dma_ex.o
LOAD Drivers/STM32F7xx_HAL_Driver/Src/stm32f7xx_hal_exti.o
LOAD Drivers/STM32F7xx_HAL_Driver/Src/stm32f7xx_hal_flash.o
LOAD Drivers/STM32F7xx_HAL_Driver/Src/stm32f7xx_hal_flash_ex.o
LOAD Drivers/STM32F7xx_HAL_Driver/Src/stm32f7xx_hal_gpio.o
LOAD Drivers/STM32F7xx_HAL_Driver/Src/stm32f7xx_hal_i2c.o
LOAD Drivers/STM32F7xx_HAL_Driver/Src/stm32f7xx_hal_i2c_ex.o
LOAD Drivers/STM32F7xx_HAL_Driver/Src/stm32f7xx_hal_pwr.o
LOAD Drivers/STM32F7xx_HAL_Driver/Src/stm32f7xx_hal_pwr_ex.o
LOAD Drivers/STM32F7xx_HAL_Driver/Src/stm32f7xx_hal_rcc.o
LOAD Drivers/STM32F7xx_HAL_Driver/Src/stm32f7xx_hal_rcc_ex.o
LOAD Drivers/STM32F7xx_HAL_Driver/Src/stm32f7xx_hal_spi.o
LOAD Drivers/STM32F7xx_HAL_Driver/Src/stm32f7xx_hal_spi_ex.o
LOAD Drivers/STM32F7xx_HAL_Driver/Src/stm32f7xx_hal_tim.o
LOAD Drivers/STM32F7xx_HAL_Driver/Src/stm32f7xx_hal_tim_ex.o
LOAD Drivers/STM32F7xx_HAL_Driver/Src/stm32f7xx_hal_uart.o
LOAD Drivers/STM32F7xx_HAL_Driver/Src/stm32f7xx_hal_uart_ex.o
START GROUP
LOAD c:/st/stm32cubeide_1.0.1/stm32cubeide/plugins/com.st.stm32cube.ide.mcu.externaltools.gnu-tools-for-stm32.7-2018-q2-update.win32_1.5.0.202011040924/tools/bin/../lib/gcc/arm-none-eabi/7.3.1/../../../../arm-none-eabi/lib/thumb/v7e-m/fpv4-sp/hard\libc_nano.a
LOAD c:/st/stm32cubeide_1.0.1/stm32cubeide/plugins/com.st.stm32cube.ide.mcu.externaltools.gnu-tools-for-stm32.7-2018-q2-update.win32_1.5.0.202011040924/tools/bin/../lib/gcc/arm-none-eabi/7.3.1/../../../../arm-none-eabi/lib/thumb/v7e-m/fpv4-sp/hard\libm.a
END GROUP
START GROUP
LOAD c:/st/stm32cubeide_1.0.1/stm32cubeide/plugins/com.st.stm32cube.ide.mcu.externaltools.gnu-tools-for-stm32.7-2018-q2-update.win32_1.5.0.202011040924/tools/bin/../lib/gcc/arm-none-eabi/7.3.1/thumb/v7e-m/fpv4-sp/hard\libgcc.a
LOAD c:/st/stm32cubeide_1.0.1/stm32cubeide/plugins/com.st.stm32cube.ide.mcu.externaltools.gnu-tools-for-stm32.7-2018-q2-update.win32_1.5.0.202011040924/tools/bin/../lib/gcc/arm-none-eabi/7.3.1/../../../../arm-none-eabi/lib/thumb/v7e-m/fpv4-sp/hard\libc_nano.a
END GROUP
START GROUP
LOAD c:/st/stm32cubeide_1.0.1/stm32cubeide/plugins/com.st.stm32cube.ide.mcu.externaltools.gnu-tools-for-stm32.7-2018-q2-update.win32_1.5.0.202011040924/tools/bin/../lib/gcc/arm-none-eabi/7.3.1/thumb/v7e-m/fpv4-sp/hard\libgcc.a
LOAD c:/st/stm32cubeide_1.0.1/stm32cubeide/plugins/com.st.stm32cube.ide.mcu.externaltools.gnu-tools-for-stm32.7-2018-q2-update.win32_1.5.0.202011040924/tools/bin/../lib/gcc/arm-none-eabi/7.3.1/../../../../arm-none-eabi/lib/thumb/v7e-m/fpv4-sp/hard\libc_nano.a
LOAD c:/st/stm32cubeide_1.0.1/stm32cubeide/plugins/com.st.stm32cube.ide.mcu.externaltools.gnu-tools-for-stm32.7-2018-q2-update.win32_1.5.0.202011040924/tools/bin/../lib/gcc/arm-none-eabi/7.3.1/../../../../arm-none-eabi/lib/thumb/v7e-m/fpv4-sp/hard\libnosys.a
END GROUP
START GROUP
LOAD c:/st/stm32cubeide_1.0.1/stm32cubeide/plugins/com.st.stm32cube.ide.mcu.externaltools.gnu-tools-for-stm32.7-2018-q2-update.win32_1.5.0.202011040924/tools/bin/../lib/gcc/arm-none-eabi/7.3.1/thumb/v7e-m/fpv4-sp/hard\libgcc.a
LOAD c:/st/stm32cubeide_1.0.1/stm32cubeide/plugins/com.st.stm32cube.ide.mcu.externaltools.gnu-tools-for-stm32.7-2018-q2-update.win32_1.5.0.202011040924/tools/bin/../lib/gcc/arm-none-eabi/7.3.1/../../../../arm-none-eabi/lib/thumb/v7e-m/fpv4-sp/hard\libc_nano.a
LOAD c:/st/stm32cubeide_1.0.1/stm32cubeide/plugins/com.st.stm32cube.ide.mcu.externaltools.gnu-tools-for-stm32.7-2018-q2-update.win32_1.5.0.202011040924/tools/bin/../lib/gcc/arm-none-eabi/7.3.1/../../../../arm-none-eabi/lib/thumb/v7e-m/fpv4-sp/hard\libnosys.a
END GROUP
LOAD c:/st/stm32cubeide_1.0.1/stm32cubeide/plugins/com.st.stm32cube.ide.mcu.externaltools.gnu-tools-for-stm32.7-2018-q2-update.win32_1.5.0.202011040924/tools/bin/../lib/gcc/arm-none-eabi/7.3.1/thumb/v7e-m/fpv4-sp/hard/crtend.o
LOAD c:/st/stm32cubeide_1.0.1/stm32cubeide/plugins/com.st.stm32cube.ide.mcu.externaltools.gnu-tools-for-stm32.7-2018-q2-update.win32_1.5.0.202011040924/tools/bin/../lib/gcc/arm-none-eabi/7.3.1/thumb/v7e-m/fpv4-sp/hard/crtn.o
                0x0000000020050000                _estack = (ORIGIN (RAM) + LENGTH (RAM))
                0x0000000000000200                _Min_Heap_Size = 0x200
                0x0000000000000400                _Min_Stack_Size = 0x400

.isr_vector     0x0000000008000000      0x1c8
                0x0000000008000000                . = ALIGN (0x4)
 *(.isr_vector)
 .isr_vector    0x0000000008000000      0x1c8 Core/Startup/startup_stm32f746zgtx.o
                0x0000000008000000                g_pfnVectors
                0x00000000080001c8                . = ALIGN (0x4)

.text           0x00000000080001d0     0x9ea0
                0x00000000080001d0                . = ALIGN (0x4)
 *(.text)
 .text          0x00000000080001d0       0x40 c:/st/stm32cubeide_1.0.1/stm32cubeide/plugins/com.st.stm32cube.ide.mcu.externaltools.gnu-tools-for-stm32.7-2018-q2-update.win32_1.5.0.202011040924/tools/bin/../lib/gcc/arm-none-eabi/7.3.1/thumb/v7e-m/fpv4-sp/hard/crtbegin.o
 .text          0x0000000008000210       0x10 c:/st/stm32cubeide_1.0.1/stm32cubeide/plugins/com.st.stm32cube.ide.mcu.externaltools.gnu-tools-for-stm32.7-2018-q2-update.win32_1.5.0.202011040924/tools/bin/../lib/gcc/arm-none-eabi/7.3.1/../../../../arm-none-eabi/lib/thumb/v7e-m/fpv4-sp/hard\libc_nano.a(lib_a-strlen.o)
                0x0000000008000210                strlen
 .text          0x0000000008000220       0xa0 c:/st/stm32cubeide_1.0.1/stm32cubeide/plugins/com.st.stm32cube.ide.mcu.externaltools.gnu-tools-for-stm32.7-2018-q2-update.win32_1.5.0.202011040924/tools/bin/../lib/gcc/arm-none-eabi/7.3.1/../../../../arm-none-eabi/lib/thumb/v7e-m/fpv4-sp/hard\libc_nano.a(lib_a-memchr.o)
                0x0000000008000220                memchr
 .text          0x00000000080002c0      0x378 c:/st/stm32cubeide_1.0.1/stm32cubeide/plugins/com.st.stm32cube.ide.mcu.externaltools.gnu-tools-for-stm32.7-2018-q2-update.win32_1.5.0.202011040924/tools/bin/../lib/gcc/arm-none-eabi/7.3.1/thumb/v7e-m/fpv4-sp/hard\libgcc.a(_arm_addsubdf3.o)
                0x00000000080002c0                __aeabi_drsub
                0x00000000080002c8                __aeabi_dsub
                0x00000000080002c8                __subdf3
                0x00000000080002cc                __aeabi_dadd
                0x00000000080002cc                __adddf3
                0x0000000008000544                __floatunsidf
                0x0000000008000544                __aeabi_ui2d
                0x0000000008000564                __floatsidf
                0x0000000008000564                __aeabi_i2d
                0x0000000008000588                __aeabi_f2d
                0x0000000008000588                __extendsfdf2
                0x00000000080005cc                __floatundidf
                0x00000000080005cc                __aeabi_ul2d
                0x00000000080005dc                __floatdidf
                0x00000000080005dc                __aeabi_l2d
 .text          0x0000000008000638      0x424 c:/st/stm32cubeide_1.0.1/stm32cubeide/plugins/com.st.stm32cube.ide.mcu.externaltools.gnu-tools-for-stm32.7-2018-q2-update.win32_1.5.0.202011040924/tools/bin/../lib/gcc/arm-none-eabi/7.3.1/thumb/v7e-m/fpv4-sp/hard\libgcc.a(_arm_muldivdf3.o)
                0x0000000008000638                __aeabi_dmul
                0x0000000008000638                __muldf3
                0x000000000800088c                __divdf3
                0x000000000800088c                __aeabi_ddiv
 .text          0x0000000008000a5c       0x40 c:/st/stm32cubeide_1.0.1/stm32cubeide/plugins/com.st.stm32cube.ide.mcu.externaltools.gnu-tools-for-stm32.7-2018-q2-update.win32_1.5.0.202011040924/tools/bin/../lib/gcc/arm-none-eabi/7.3.1/thumb/v7e-m/fpv4-sp/hard\libgcc.a(_arm_fixunsdfsi.o)
                0x0000000008000a5c                __aeabi_d2uiz
                0x0000000008000a5c                __fixunsdfsi
 .text          0x0000000008000a9c       0x30 c:/st/stm32cubeide_1.0.1/stm32cubeide/plugins/com.st.stm32cube.ide.mcu.externaltools.gnu-tools-for-stm32.7-2018-q2-update.win32_1.5.0.202011040924/tools/bin/../lib/gcc/arm-none-eabi/7.3.1/thumb/v7e-m/fpv4-sp/hard\libgcc.a(_aeabi_uldivmod.o)
                0x0000000008000a9c                __aeabi_uldivmod
 .text          0x0000000008000acc      0x2cc c:/st/stm32cubeide_1.0.1/stm32cubeide/plugins/com.st.stm32cube.ide.mcu.externaltools.gnu-tools-for-stm32.7-2018-q2-update.win32_1.5.0.202011040924/tools/bin/../lib/gcc/arm-none-eabi/7.3.1/thumb/v7e-m/fpv4-sp/hard\libgcc.a(_udivmoddi4.o)
                0x0000000008000acc                __udivmoddi4
 .text          0x0000000008000d98        0x4 c:/st/stm32cubeide_1.0.1/stm32cubeide/plugins/com.st.stm32cube.ide.mcu.externaltools.gnu-tools-for-stm32.7-2018-q2-update.win32_1.5.0.202011040924/tools/bin/../lib/gcc/arm-none-eabi/7.3.1/thumb/v7e-m/fpv4-sp/hard\libgcc.a(_dvmd_tls.o)
                0x0000000008000d98                __aeabi_idiv0
                0x0000000008000d98                __aeabi_ldiv0
 *(.text*)
 .text.BH1750_Init
                0x0000000008000d9c       0x4c Components/Src/bh1750.o
                0x0000000008000d9c                BH1750_Init
 .text.bmp280_get_regs
                0x0000000008000de8       0x6e Components/Src/bmp280.o
                0x0000000008000de8                bmp280_get_regs
 .text.bmp280_set_regs
                0x0000000008000e56       0xdc Components/Src/bmp280.o
                0x0000000008000e56                bmp280_set_regs
 .text.bmp280_soft_reset
                0x0000000008000f32       0x4a Components/Src/bmp280.o
                0x0000000008000f32                bmp280_soft_reset
 .text.bmp280_init
                0x0000000008000f7c       0xcc Components/Src/bmp280.o
                0x0000000008000f7c                bmp280_init
 .text.bmp280_get_config
                0x0000000008001048       0xa4 Components/Src/bmp280.o
                0x0000000008001048                bmp280_get_config
 .text.bmp280_set_config
                0x00000000080010ec       0x1e Components/Src/bmp280.o
                0x00000000080010ec                bmp280_set_config
 .text.bmp280_set_power_mode
                0x000000000800110a       0x3e Components/Src/bmp280.o
                0x000000000800110a                bmp280_set_power_mode
 .text.null_ptr_check
                0x0000000008001148       0x40 Components/Src/bmp280.o
 .text.interleave_data
                0x0000000008001188       0x56 Components/Src/bmp280.o
 .text.get_calib_param
                0x00000000080011de      0x13a Components/Src/bmp280.o
 .text.conf_sensor
                0x0000000008001318      0x174 Components/Src/bmp280.o
 .text.BMP280_Init
                0x000000000800148c       0x5a Components/Src/bmp280_config.o
                0x000000000800148c                BMP280_Init
 *fill*         0x00000000080014e6        0x2 
 .text.bmp280_spi_reg_write
                0x00000000080014e8       0xe8 Components/Src/bmp280_config.o
                0x00000000080014e8                bmp280_spi_reg_write
 .text.bmp280_spi_reg_read
                0x00000000080015d0      0x11c Components/Src/bmp280_config.o
                0x00000000080015d0                bmp280_spi_reg_read
 .text.LAMP_StartTimer
                0x00000000080016ec       0x94 Components/Src/dimmer.o
                0x00000000080016ec                LAMP_StartTimer
 .text.LAMP_TriacFiring
                0x0000000008001780       0x46 Components/Src/dimmer.o
                0x0000000008001780                LAMP_TriacFiring
 .text.disp_write_byte
                0x00000000080017c6       0x52 Components/Src/disp.o
                0x00000000080017c6                disp_write_byte
 .text.disp_disable_all_digits
                0x0000000008001818       0x3c Components/Src/disp.o
                0x0000000008001818                disp_disable_all_digits
 .text.disp_enable_digit
                0x0000000008001854       0x34 Components/Src/disp.o
                0x0000000008001854                disp_enable_digit
 .text.disp_enable_decimal_point
                0x0000000008001888       0x22 Components/Src/disp.o
                0x0000000008001888                disp_enable_decimal_point
 .text.disp_disable_decimal_point
                0x00000000080018aa       0x22 Components/Src/disp.o
                0x00000000080018aa                disp_disable_decimal_point
 .text.DISP_Init
                0x00000000080018cc       0x22 Components/Src/disp.o
                0x00000000080018cc                DISP_Init
 .text.DISP_EnableDecimalPoint
                0x00000000080018ee       0x20 Components/Src/disp.o
                0x00000000080018ee                DISP_EnableDecimalPoint
 *fill*         0x000000000800190e        0x2 
 .text.DISP_printDecUInt
                0x0000000008001910       0x6c Components/Src/disp.o
                0x0000000008001910                DISP_printDecUInt
 .text.DISP_ROUTINE
                0x000000000800197c       0x90 Components/Src/disp.o
                0x000000000800197c                DISP_ROUTINE
 .text.ENC_Init
                0x0000000008001a0c       0x1c Components/Src/encoder.o
                0x0000000008001a0c                ENC_Init
 .text.ENC_GetCounter
                0x0000000008001a28       0x24 Components/Src/encoder.o
                0x0000000008001a28                ENC_GetCounter
 .text.HEATER_PWM_Init
                0x0000000008001a4c       0x20 Components/Src/heater_pwm.o
                0x0000000008001a4c                HEATER_PWM_Init
 .text.lcd_write_command
                0x0000000008001a6c       0x5c Components/Src/lcd.o
                0x0000000008001a6c                lcd_write_command
 .text.lcd_write_4bit_command
                0x0000000008001ac8       0x3e Components/Src/lcd.o
                0x0000000008001ac8                lcd_write_4bit_command
 .text.lcd_write_data
                0x0000000008001b06       0x5c Components/Src/lcd.o
                0x0000000008001b06                lcd_write_data
 .text.lcd_write
                0x0000000008001b62       0x82 Components/Src/lcd.o
                0x0000000008001b62                lcd_write
 .text.lcd_delay_us
                0x0000000008001be4       0x40 Components/Src/lcd.o
                0x0000000008001be4                lcd_delay_us
 .text.LCD_Init
                0x0000000008001c24       0xba Components/Src/lcd.o
                0x0000000008001c24                LCD_Init
 .text.LCD_printStr
                0x0000000008001cde       0x3c Components/Src/lcd.o
                0x0000000008001cde                LCD_printStr
 *fill*         0x0000000008001d1a        0x2 
 .text.LCD_SetCursor
                0x0000000008001d1c       0x34 Components/Src/lcd.o
                0x0000000008001d1c                LCD_SetCursor
 .text.LCD_printf
                0x0000000008001d50       0x38 Components/Src/lcd.o
                0x0000000008001d50                LCD_printf
 .text.LED_On   0x0000000008001d88       0x48 Components/Src/led.o
                0x0000000008001d88                LED_On
 .text.LED_Off  0x0000000008001dd0       0x48 Components/Src/led.o
                0x0000000008001dd0                LED_Off
 .text.LED_Check
                0x0000000008001e18       0x4a Components/Src/led.o
                0x0000000008001e18                LED_Check
 .text.LED_RGB_Init
                0x0000000008001e62       0x40 Components/Src/led_rgb.o
                0x0000000008001e62                LED_RGB_Init
 *fill*         0x0000000008001ea2        0x2 
 .text.LED_RGB_SetDuty
                0x0000000008001ea4       0xf0 Components/Src/led_rgb.o
                0x0000000008001ea4                LED_RGB_SetDuty
 .text.LED_RGB_GetDuty
                0x0000000008001f94       0x44 Components/Src/led_rgb.o
                0x0000000008001f94                LED_RGB_GetDuty
 .text.MENU_ClearDisplayBuffer
                0x0000000008001fd8       0x22 Components/Src/menu.o
                0x0000000008001fd8                MENU_ClearDisplayBuffer
 .text.MENU_CallFunction
                0x0000000008001ffa       0x24 Components/Src/menu.o
                0x0000000008001ffa                MENU_CallFunction
 *fill*         0x000000000800201e        0x2 
 .text.menu_led_fcn
                0x0000000008002020       0x64 Components/Src/menu_config.o
                0x0000000008002020                menu_led_fcn
 .text.menu_ledr1_fcn
                0x0000000008002084       0x24 Components/Src/menu_config.o
                0x0000000008002084                menu_ledr1_fcn
 .text.menu_ledr2_fcn
                0x00000000080020a8       0x24 Components/Src/menu_config.o
                0x00000000080020a8                menu_ledr2_fcn
 .text.menu_ledg1_fcn
                0x00000000080020cc       0x24 Components/Src/menu_config.o
                0x00000000080020cc                menu_ledg1_fcn
 .text.menu_ledg2_fcn
                0x00000000080020f0       0x24 Components/Src/menu_config.o
                0x00000000080020f0                menu_ledg2_fcn
 .text.menu_ledb1_fcn
                0x0000000008002114       0x24 Components/Src/menu_config.o
                0x0000000008002114                menu_ledb1_fcn
 .text.menu_ledb2_fcn
                0x0000000008002138       0x24 Components/Src/menu_config.o
                0x0000000008002138                menu_ledb2_fcn
 .text.menu_ledrgb_fcn
                0x000000000800215c       0x84 Components/Src/menu_config.o
                0x000000000800215c                menu_ledrgb_fcn
 .text.menu_ledrgb_r_fcn
                0x00000000080021e0       0x20 Components/Src/menu_config.o
                0x00000000080021e0                menu_ledrgb_r_fcn
 .text.menu_ledrgb_g_fcn
                0x0000000008002200       0x20 Components/Src/menu_config.o
                0x0000000008002200                menu_ledrgb_g_fcn
 .text.menu_ledrgb_b_fcn
                0x0000000008002220       0x20 Components/Src/menu_config.o
                0x0000000008002220                menu_ledrgb_b_fcn
 .text.menu_ain_fcn
                0x0000000008002240       0x30 Components/Src/menu_config.o
                0x0000000008002240                menu_ain_fcn
 .text.menu_ain1_fcn
                0x0000000008002270       0x24 Components/Src/menu_config.o
                0x0000000008002270                menu_ain1_fcn
 .text.menu_ain2_fcn
                0x0000000008002294       0x24 Components/Src/menu_config.o
                0x0000000008002294                menu_ain2_fcn
 .text.MX_ADC1_Init
                0x00000000080022b8       0xc0 Core/Src/adc.o
                0x00000000080022b8                MX_ADC1_Init
 .text.HAL_ADC_MspInit
                0x0000000008002378      0x11c Core/Src/adc.o
                0x0000000008002378                HAL_ADC_MspInit
 .text.MX_DAC_Init
                0x0000000008002494       0x54 Core/Src/dac.o
                0x0000000008002494                MX_DAC_Init
 .text.HAL_DAC_MspInit
                0x00000000080024e8       0xfc Core/Src/dac.o
                0x00000000080024e8                HAL_DAC_MspInit
 .text.MX_DMA_Init
                0x00000000080025e4       0x64 Core/Src/dma.o
                0x00000000080025e4                MX_DMA_Init
 .text.MX_GPIO_Init
                0x0000000008002648      0x484 Core/Src/gpio.o
                0x0000000008002648                MX_GPIO_Init
 .text.MX_I2C1_Init
                0x0000000008002acc       0x80 Core/Src/i2c.o
                0x0000000008002acc                MX_I2C1_Init
 .text.HAL_I2C_MspInit
                0x0000000008002b4c       0x88 Core/Src/i2c.o
                0x0000000008002b4c                HAL_I2C_MspInit
 .text.HAL_GPIO_EXTI_Callback
                0x0000000008002bd4       0x6c Core/Src/main.o
                0x0000000008002bd4                HAL_GPIO_EXTI_Callback
 .text.HAL_TIM_PeriodElapsedCallback
                0x0000000008002c40       0x44 Core/Src/main.o
                0x0000000008002c40                HAL_TIM_PeriodElapsedCallback
 *fill*         0x0000000008002c84        0x4 
 .text.HAL_ADC_ConvCpltCallback
                0x0000000008002c88      0x110 Core/Src/main.o
                0x0000000008002c88                HAL_ADC_ConvCpltCallback
 .text.main     0x0000000008002d98      0x190 Core/Src/main.o
                0x0000000008002d98                main
 .text.SystemClock_Config
                0x0000000008002f28      0x128 Core/Src/main.o
                0x0000000008002f28                SystemClock_Config
 .text.Error_Handler
                0x0000000008003050        0xe Core/Src/main.o
                0x0000000008003050                Error_Handler
 *fill*         0x000000000800305e        0x2 
 .text.MX_SPI4_Init
                0x0000000008003060       0x7c Core/Src/spi.o
                0x0000000008003060                MX_SPI4_Init
 .text.HAL_SPI_MspInit
                0x00000000080030dc       0x88 Core/Src/spi.o
                0x00000000080030dc                HAL_SPI_MspInit
 .text.HAL_MspInit
                0x0000000008003164       0x48 Core/Src/stm32f7xx_hal_msp.o
                0x0000000008003164                HAL_MspInit
 .text.NMI_Handler
                0x00000000080031ac        0xe Core/Src/stm32f7xx_it.o
                0x00000000080031ac                NMI_Handler
 .text.HardFault_Handler
                0x00000000080031ba        0x6 Core/Src/stm32f7xx_it.o
                0x00000000080031ba                HardFault_Handler
 .text.MemManage_Handler
                0x00000000080031c0        0x6 Core/Src/stm32f7xx_it.o
                0x00000000080031c0                MemManage_Handler
 .text.BusFault_Handler
                0x00000000080031c6        0x6 Core/Src/stm32f7xx_it.o
                0x00000000080031c6                BusFault_Handler
 .text.UsageFault_Handler
                0x00000000080031cc        0x6 Core/Src/stm32f7xx_it.o
                0x00000000080031cc                UsageFault_Handler
 .text.SVC_Handler
                0x00000000080031d2        0xe Core/Src/stm32f7xx_it.o
                0x00000000080031d2                SVC_Handler
 .text.DebugMon_Handler
                0x00000000080031e0        0xe Core/Src/stm32f7xx_it.o
                0x00000000080031e0                DebugMon_Handler
 .text.PendSV_Handler
                0x00000000080031ee        0xe Core/Src/stm32f7xx_it.o
                0x00000000080031ee                PendSV_Handler
 .text.SysTick_Handler
                0x00000000080031fc        0xc Core/Src/stm32f7xx_it.o
                0x00000000080031fc                SysTick_Handler
 .text.DMA1_Stream5_IRQHandler
                0x0000000008003208       0x14 Core/Src/stm32f7xx_it.o
                0x0000000008003208                DMA1_Stream5_IRQHandler
 .text.EXTI9_5_IRQHandler
                0x000000000800321c        0xe Core/Src/stm32f7xx_it.o
                0x000000000800321c                EXTI9_5_IRQHandler
 *fill*         0x000000000800322a        0x2 
 .text.TIM2_IRQHandler
                0x000000000800322c       0x14 Core/Src/stm32f7xx_it.o
                0x000000000800322c                TIM2_IRQHandler
 .text.USART3_IRQHandler
                0x0000000008003240       0x14 Core/Src/stm32f7xx_it.o
                0x0000000008003240                USART3_IRQHandler
 .text.EXTI15_10_IRQHandler
                0x0000000008003254       0x28 Core/Src/stm32f7xx_it.o
                0x0000000008003254                EXTI15_10_IRQHandler
 .text.TIM6_DAC_IRQHandler
                0x000000000800327c       0x1c Core/Src/stm32f7xx_it.o
                0x000000000800327c                TIM6_DAC_IRQHandler
 .text.TIM7_IRQHandler
                0x0000000008003298       0x14 Core/Src/stm32f7xx_it.o
                0x0000000008003298                TIM7_IRQHandler
 .text.DMA2_Stream0_IRQHandler
                0x00000000080032ac       0x14 Core/Src/stm32f7xx_it.o
                0x00000000080032ac                DMA2_Stream0_IRQHandler
 .text._sbrk    0x00000000080032c0       0x6c Core/Src/sysmem.o
                0x00000000080032c0                _sbrk
 .text.SystemInit
                0x000000000800332c       0x2c Core/Src/system_stm32f7xx.o
                0x000000000800332c                SystemInit
 .text.MX_TIM2_Init
                0x0000000008003358       0xac Core/Src/tim.o
                0x0000000008003358                MX_TIM2_Init
 .text.MX_TIM3_Init
                0x0000000008003404      0x130 Core/Src/tim.o
                0x0000000008003404                MX_TIM3_Init
 .text.MX_TIM4_Init
                0x0000000008003534       0xa8 Core/Src/tim.o
                0x0000000008003534                MX_TIM4_Init
 .text.MX_TIM5_Init
                0x00000000080035dc       0x9c Core/Src/tim.o
                0x00000000080035dc                MX_TIM5_Init
 .text.MX_TIM6_Init
                0x0000000008003678       0x6c Core/Src/tim.o
                0x0000000008003678                MX_TIM6_Init
 .text.MX_TIM7_Init
                0x00000000080036e4       0x6c Core/Src/tim.o
                0x00000000080036e4                MX_TIM7_Init
 .text.HAL_TIM_Base_MspInit
                0x0000000008003750      0x108 Core/Src/tim.o
                0x0000000008003750                HAL_TIM_Base_MspInit
 .text.HAL_TIM_Encoder_MspInit
                0x0000000008003858       0x88 Core/Src/tim.o
                0x0000000008003858                HAL_TIM_Encoder_MspInit
 .text.HAL_TIM_MspPostInit
                0x00000000080038e0       0xac Core/Src/tim.o
                0x00000000080038e0                HAL_TIM_MspPostInit
 .text.MX_USART3_UART_Init
                0x000000000800398c       0x60 Core/Src/usart.o
                0x000000000800398c                MX_USART3_UART_Init
 .text.HAL_UART_MspInit
                0x00000000080039ec       0x98 Core/Src/usart.o
                0x00000000080039ec                HAL_UART_MspInit
 .text.Reset_Handler
                0x0000000008003a84       0x50 Core/Startup/startup_stm32f746zgtx.o
                0x0000000008003a84                Reset_Handler
 .text.Default_Handler
                0x0000000008003ad4        0x2 Core/Startup/startup_stm32f746zgtx.o
                0x0000000008003ad4                RTC_Alarm_IRQHandler
                0x0000000008003ad4                EXTI2_IRQHandler
                0x0000000008003ad4                TIM8_CC_IRQHandler
                0x0000000008003ad4                UART8_IRQHandler
                0x0000000008003ad4                SPI4_IRQHandler
                0x0000000008003ad4                TIM1_CC_IRQHandler
                0x0000000008003ad4                DMA2_Stream5_IRQHandler
                0x0000000008003ad4                PVD_IRQHandler
                0x0000000008003ad4                TAMP_STAMP_IRQHandler
                0x0000000008003ad4                CAN2_RX1_IRQHandler
                0x0000000008003ad4                EXTI3_IRQHandler
                0x0000000008003ad4                TIM8_TRG_COM_TIM14_IRQHandler
                0x0000000008003ad4                TIM1_UP_TIM10_IRQHandler
                0x0000000008003ad4                TIM8_UP_TIM13_IRQHandler
                0x0000000008003ad4                I2C3_ER_IRQHandler
                0x0000000008003ad4                EXTI0_IRQHandler
                0x0000000008003ad4                I2C2_EV_IRQHandler
                0x0000000008003ad4                DMA1_Stream2_IRQHandler
                0x0000000008003ad4                CAN1_RX0_IRQHandler
                0x0000000008003ad4                FPU_IRQHandler
                0x0000000008003ad4                OTG_HS_WKUP_IRQHandler
                0x0000000008003ad4                LTDC_ER_IRQHandler
                0x0000000008003ad4                CAN2_SCE_IRQHandler
                0x0000000008003ad4                DMA2_Stream2_IRQHandler
                0x0000000008003ad4                SPI1_IRQHandler
                0x0000000008003ad4                TIM1_BRK_TIM9_IRQHandler
                0x0000000008003ad4                DCMI_IRQHandler
                0x0000000008003ad4                CAN2_RX0_IRQHandler
                0x0000000008003ad4                DMA2_Stream3_IRQHandler
                0x0000000008003ad4                SAI2_IRQHandler
                0x0000000008003ad4                USART6_IRQHandler
                0x0000000008003ad4                CAN1_RX1_IRQHandler
                0x0000000008003ad4                UART5_IRQHandler
                0x0000000008003ad4                TIM4_IRQHandler
                0x0000000008003ad4                QUADSPI_IRQHandler
                0x0000000008003ad4                I2C1_EV_IRQHandler
                0x0000000008003ad4                DMA1_Stream6_IRQHandler
                0x0000000008003ad4                DMA1_Stream1_IRQHandler
                0x0000000008003ad4                UART4_IRQHandler
                0x0000000008003ad4                TIM3_IRQHandler
                0x0000000008003ad4                RCC_IRQHandler
                0x0000000008003ad4                TIM8_BRK_TIM12_IRQHandler
                0x0000000008003ad4                Default_Handler
                0x0000000008003ad4                CEC_IRQHandler
                0x0000000008003ad4                ADC_IRQHandler
                0x0000000008003ad4                DMA1_Stream7_IRQHandler
                0x0000000008003ad4                SPI5_IRQHandler
                0x0000000008003ad4                SDMMC1_IRQHandler
                0x0000000008003ad4                CAN2_TX_IRQHandler
                0x0000000008003ad4                TIM5_IRQHandler
                0x0000000008003ad4                DMA2_Stream7_IRQHandler
                0x0000000008003ad4                I2C3_EV_IRQHandler
                0x0000000008003ad4                RTC_WKUP_IRQHandler
                0x0000000008003ad4                LTDC_IRQHandler
                0x0000000008003ad4                ETH_WKUP_IRQHandler
                0x0000000008003ad4                SPDIF_RX_IRQHandler
                0x0000000008003ad4                SPI2_IRQHandler
                0x0000000008003ad4                OTG_HS_EP1_IN_IRQHandler
                0x0000000008003ad4                DMA1_Stream0_IRQHandler
                0x0000000008003ad4                CAN1_TX_IRQHandler
                0x0000000008003ad4                EXTI4_IRQHandler
                0x0000000008003ad4                RNG_IRQHandler
                0x0000000008003ad4                ETH_IRQHandler
                0x0000000008003ad4                OTG_HS_EP1_OUT_IRQHandler
                0x0000000008003ad4                WWDG_IRQHandler
                0x0000000008003ad4                SPI6_IRQHandler
                0x0000000008003ad4                I2C4_EV_IRQHandler
                0x0000000008003ad4                OTG_FS_WKUP_IRQHandler
                0x0000000008003ad4                TIM1_TRG_COM_TIM11_IRQHandler
                0x0000000008003ad4                OTG_HS_IRQHandler
                0x0000000008003ad4                DMA2D_IRQHandler
                0x0000000008003ad4                EXTI1_IRQHandler
                0x0000000008003ad4                UART7_IRQHandler
                0x0000000008003ad4                USART2_IRQHandler
                0x0000000008003ad4                I2C2_ER_IRQHandler
                0x0000000008003ad4                DMA2_Stream1_IRQHandler
                0x0000000008003ad4                CAN1_SCE_IRQHandler
                0x0000000008003ad4                FLASH_IRQHandler
                0x0000000008003ad4                DMA2_Stream4_IRQHandler
                0x0000000008003ad4                USART1_IRQHandler
                0x0000000008003ad4                OTG_FS_IRQHandler
                0x0000000008003ad4                SPI3_IRQHandler
                0x0000000008003ad4                DMA1_Stream4_IRQHandler
                0x0000000008003ad4                I2C1_ER_IRQHandler
                0x0000000008003ad4                FMC_IRQHandler
                0x0000000008003ad4                LPTIM1_IRQHandler
                0x0000000008003ad4                I2C4_ER_IRQHandler
                0x0000000008003ad4                DMA2_Stream6_IRQHandler
                0x0000000008003ad4                SAI1_IRQHandler
                0x0000000008003ad4                DMA1_Stream3_IRQHandler
 .text.HAL_Init
                0x0000000008003ad6       0x1a Drivers/STM32F7xx_HAL_Driver/Src/stm32f7xx_hal.o
                0x0000000008003ad6                HAL_Init
 .text.HAL_InitTick
                0x0000000008003af0       0x60 Drivers/STM32F7xx_HAL_Driver/Src/stm32f7xx_hal.o
                0x0000000008003af0                HAL_InitTick
 .text.HAL_IncTick
                0x0000000008003b50       0x28 Drivers/STM32F7xx_HAL_Driver/Src/stm32f7xx_hal.o
                0x0000000008003b50                HAL_IncTick
 .text.HAL_GetTick
                0x0000000008003b78       0x18 Drivers/STM32F7xx_HAL_Driver/Src/stm32f7xx_hal.o
                0x0000000008003b78                HAL_GetTick
 .text.HAL_Delay
                0x0000000008003b90       0x44 Drivers/STM32F7xx_HAL_Driver/Src/stm32f7xx_hal.o
                0x0000000008003b90                HAL_Delay
 .text.HAL_ADC_Init
                0x0000000008003bd4       0x88 Drivers/STM32F7xx_HAL_Driver/Src/stm32f7xx_hal_adc.o
                0x0000000008003bd4                HAL_ADC_Init
 .text.HAL_ADC_Start_DMA
                0x0000000008003c5c      0x1dc Drivers/STM32F7xx_HAL_Driver/Src/stm32f7xx_hal_adc.o
                0x0000000008003c5c                HAL_ADC_Start_DMA
 .text.HAL_ADC_ConvHalfCpltCallback
                0x0000000008003e38       0x14 Drivers/STM32F7xx_HAL_Driver/Src/stm32f7xx_hal_adc.o
                0x0000000008003e38                HAL_ADC_ConvHalfCpltCallback
 .text.HAL_ADC_ErrorCallback
                0x0000000008003e4c       0x14 Drivers/STM32F7xx_HAL_Driver/Src/stm32f7xx_hal_adc.o
                0x0000000008003e4c                HAL_ADC_ErrorCallback
 .text.HAL_ADC_ConfigChannel
                0x0000000008003e60      0x294 Drivers/STM32F7xx_HAL_Driver/Src/stm32f7xx_hal_adc.o
                0x0000000008003e60                HAL_ADC_ConfigChannel
 .text.ADC_Init
                0x00000000080040f4      0x1f4 Drivers/STM32F7xx_HAL_Driver/Src/stm32f7xx_hal_adc.o
 .text.ADC_DMAConvCplt
                0x00000000080042e8       0xba Drivers/STM32F7xx_HAL_Driver/Src/stm32f7xx_hal_adc.o
 .text.ADC_DMAHalfConvCplt
                0x00000000080043a2       0x1c Drivers/STM32F7xx_HAL_Driver/Src/stm32f7xx_hal_adc.o
 .text.ADC_DMAError
                0x00000000080043be       0x2e Drivers/STM32F7xx_HAL_Driver/Src/stm32f7xx_hal_adc.o
 .text.__NVIC_SetPriorityGrouping
                0x00000000080043ec       0x48 Drivers/STM32F7xx_HAL_Driver/Src/stm32f7xx_hal_cortex.o
 .text.__NVIC_GetPriorityGrouping
                0x0000000008004434       0x1c Drivers/STM32F7xx_HAL_Driver/Src/stm32f7xx_hal_cortex.o
 .text.__NVIC_EnableIRQ
                0x0000000008004450       0x3c Drivers/STM32F7xx_HAL_Driver/Src/stm32f7xx_hal_cortex.o
 .text.__NVIC_SetPriority
                0x000000000800448c       0x54 Drivers/STM32F7xx_HAL_Driver/Src/stm32f7xx_hal_cortex.o
 .text.NVIC_EncodePriority
                0x00000000080044e0       0x66 Drivers/STM32F7xx_HAL_Driver/Src/stm32f7xx_hal_cortex.o
 *fill*         0x0000000008004546        0x2 
 .text.SysTick_Config
                0x0000000008004548       0x44 Drivers/STM32F7xx_HAL_Driver/Src/stm32f7xx_hal_cortex.o
 .text.HAL_NVIC_SetPriorityGrouping
                0x000000000800458c       0x16 Drivers/STM32F7xx_HAL_Driver/Src/stm32f7xx_hal_cortex.o
                0x000000000800458c                HAL_NVIC_SetPriorityGrouping
 .text.HAL_NVIC_SetPriority
                0x00000000080045a2       0x38 Drivers/STM32F7xx_HAL_Driver/Src/stm32f7xx_hal_cortex.o
                0x00000000080045a2                HAL_NVIC_SetPriority
 .text.HAL_NVIC_EnableIRQ
                0x00000000080045da       0x1c Drivers/STM32F7xx_HAL_Driver/Src/stm32f7xx_hal_cortex.o
                0x00000000080045da                HAL_NVIC_EnableIRQ
 .text.HAL_SYSTICK_Config
                0x00000000080045f6       0x18 Drivers/STM32F7xx_HAL_Driver/Src/stm32f7xx_hal_cortex.o
                0x00000000080045f6                HAL_SYSTICK_Config
 .text.HAL_DAC_Init
                0x000000000800460e       0x44 Drivers/STM32F7xx_HAL_Driver/Src/stm32f7xx_hal_dac.o
                0x000000000800460e                HAL_DAC_Init
 *fill*         0x0000000008004652        0x2 
 .text.HAL_DAC_Start_DMA
                0x0000000008004654      0x15c Drivers/STM32F7xx_HAL_Driver/Src/stm32f7xx_hal_dac.o
                0x0000000008004654                HAL_DAC_Start_DMA
 .text.HAL_DAC_IRQHandler
                0x00000000080047b0       0x94 Drivers/STM32F7xx_HAL_Driver/Src/stm32f7xx_hal_dac.o
                0x00000000080047b0                HAL_DAC_IRQHandler
 .text.HAL_DAC_ConvCpltCallbackCh1
                0x0000000008004844       0x14 Drivers/STM32F7xx_HAL_Driver/Src/stm32f7xx_hal_dac.o
                0x0000000008004844                HAL_DAC_ConvCpltCallbackCh1
 .text.HAL_DAC_ConvHalfCpltCallbackCh1
                0x0000000008004858       0x14 Drivers/STM32F7xx_HAL_Driver/Src/stm32f7xx_hal_dac.o
                0x0000000008004858                HAL_DAC_ConvHalfCpltCallbackCh1
 .text.HAL_DAC_ErrorCallbackCh1
                0x000000000800486c       0x14 Drivers/STM32F7xx_HAL_Driver/Src/stm32f7xx_hal_dac.o
                0x000000000800486c                HAL_DAC_ErrorCallbackCh1
 .text.HAL_DAC_DMAUnderrunCallbackCh1
                0x0000000008004880       0x14 Drivers/STM32F7xx_HAL_Driver/Src/stm32f7xx_hal_dac.o
                0x0000000008004880                HAL_DAC_DMAUnderrunCallbackCh1
 .text.HAL_DAC_ConfigChannel
                0x0000000008004894       0x9a Drivers/STM32F7xx_HAL_Driver/Src/stm32f7xx_hal_dac.o
                0x0000000008004894                HAL_DAC_ConfigChannel
 .text.DAC_DMAConvCpltCh1
                0x000000000800492e       0x22 Drivers/STM32F7xx_HAL_Driver/Src/stm32f7xx_hal_dac.o
 .text.DAC_DMAHalfConvCpltCh1
                0x0000000008004950       0x1c Drivers/STM32F7xx_HAL_Driver/Src/stm32f7xx_hal_dac.o
 .text.DAC_DMAErrorCh1
                0x000000000800496c       0x2e Drivers/STM32F7xx_HAL_Driver/Src/stm32f7xx_hal_dac.o
 .text.HAL_DACEx_ConvCpltCallbackCh2
                0x000000000800499a       0x14 Drivers/STM32F7xx_HAL_Driver/Src/stm32f7xx_hal_dac_ex.o
                0x000000000800499a                HAL_DACEx_ConvCpltCallbackCh2
 .text.HAL_DACEx_ConvHalfCpltCallbackCh2
                0x00000000080049ae       0x14 Drivers/STM32F7xx_HAL_Driver/Src/stm32f7xx_hal_dac_ex.o
                0x00000000080049ae                HAL_DACEx_ConvHalfCpltCallbackCh2
 .text.HAL_DACEx_ErrorCallbackCh2
                0x00000000080049c2       0x14 Drivers/STM32F7xx_HAL_Driver/Src/stm32f7xx_hal_dac_ex.o
                0x00000000080049c2                HAL_DACEx_ErrorCallbackCh2
 .text.HAL_DACEx_DMAUnderrunCallbackCh2
                0x00000000080049d6       0x14 Drivers/STM32F7xx_HAL_Driver/Src/stm32f7xx_hal_dac_ex.o
                0x00000000080049d6                HAL_DACEx_DMAUnderrunCallbackCh2
 .text.DAC_DMAConvCpltCh2
                0x00000000080049ea       0x22 Drivers/STM32F7xx_HAL_Driver/Src/stm32f7xx_hal_dac_ex.o
                0x00000000080049ea                DAC_DMAConvCpltCh2
 .text.DAC_DMAHalfConvCpltCh2
                0x0000000008004a0c       0x1c Drivers/STM32F7xx_HAL_Driver/Src/stm32f7xx_hal_dac_ex.o
                0x0000000008004a0c                DAC_DMAHalfConvCpltCh2
 .text.DAC_DMAErrorCh2
                0x0000000008004a28       0x2e Drivers/STM32F7xx_HAL_Driver/Src/stm32f7xx_hal_dac_ex.o
                0x0000000008004a28                DAC_DMAErrorCh2
 *fill*         0x0000000008004a56        0x2 
 .text.HAL_DMA_Init
                0x0000000008004a58      0x15c Drivers/STM32F7xx_HAL_Driver/Src/stm32f7xx_hal_dma.o
                0x0000000008004a58                HAL_DMA_Init
 .text.HAL_DMA_Start_IT
                0x0000000008004bb4       0xc0 Drivers/STM32F7xx_HAL_Driver/Src/stm32f7xx_hal_dma.o
                0x0000000008004bb4                HAL_DMA_Start_IT
 .text.HAL_DMA_Abort_IT
                0x0000000008004c74       0x44 Drivers/STM32F7xx_HAL_Driver/Src/stm32f7xx_hal_dma.o
                0x0000000008004c74                HAL_DMA_Abort_IT
 .text.HAL_DMA_IRQHandler
                0x0000000008004cb8      0x314 Drivers/STM32F7xx_HAL_Driver/Src/stm32f7xx_hal_dma.o
                0x0000000008004cb8                HAL_DMA_IRQHandler
 .text.DMA_SetConfig
                0x0000000008004fcc       0x5c Drivers/STM32F7xx_HAL_Driver/Src/stm32f7xx_hal_dma.o
 .text.DMA_CalcBaseAndBitshift
                0x0000000008005028       0x6c Drivers/STM32F7xx_HAL_Driver/Src/stm32f7xx_hal_dma.o
 .text.DMA_CheckFifoParam
                0x0000000008005094       0xf4 Drivers/STM32F7xx_HAL_Driver/Src/stm32f7xx_hal_dma.o
 .text.HAL_GPIO_Init
                0x0000000008005188      0x354 Drivers/STM32F7xx_HAL_Driver/Src/stm32f7xx_hal_gpio.o
                0x0000000008005188                HAL_GPIO_Init
 .text.HAL_GPIO_WritePin
                0x00000000080054dc       0x32 Drivers/STM32F7xx_HAL_Driver/Src/stm32f7xx_hal_gpio.o
                0x00000000080054dc                HAL_GPIO_WritePin
 *fill*         0x000000000800550e        0x2 
 .text.HAL_GPIO_EXTI_IRQHandler
                0x0000000008005510       0x30 Drivers/STM32F7xx_HAL_Driver/Src/stm32f7xx_hal_gpio.o
                0x0000000008005510                HAL_GPIO_EXTI_IRQHandler
 .text.HAL_I2C_Init
                0x0000000008005540      0x120 Drivers/STM32F7xx_HAL_Driver/Src/stm32f7xx_hal_i2c.o
                0x0000000008005540                HAL_I2C_Init
 .text.HAL_I2C_Master_Transmit
                0x0000000008005660      0x1e8 Drivers/STM32F7xx_HAL_Driver/Src/stm32f7xx_hal_i2c.o
                0x0000000008005660                HAL_I2C_Master_Transmit
 .text.I2C_Flush_TXDR
                0x0000000008005848       0x48 Drivers/STM32F7xx_HAL_Driver/Src/stm32f7xx_hal_i2c.o
 .text.I2C_WaitOnFlagUntilTimeout
                0x0000000008005890       0x80 Drivers/STM32F7xx_HAL_Driver/Src/stm32f7xx_hal_i2c.o
 .text.I2C_WaitOnTXISFlagUntilTimeout
                0x0000000008005910       0x80 Drivers/STM32F7xx_HAL_Driver/Src/stm32f7xx_hal_i2c.o
 .text.I2C_WaitOnSTOPFlagUntilTimeout
                0x0000000008005990       0x78 Drivers/STM32F7xx_HAL_Driver/Src/stm32f7xx_hal_i2c.o
 .text.I2C_IsAcknowledgeFailed
                0x0000000008005a08       0xcc Drivers/STM32F7xx_HAL_Driver/Src/stm32f7xx_hal_i2c.o
 .text.I2C_TransferConfig
                0x0000000008005ad4       0x5c Drivers/STM32F7xx_HAL_Driver/Src/stm32f7xx_hal_i2c.o
 .text.HAL_I2CEx_ConfigAnalogFilter
                0x0000000008005b30       0x96 Drivers/STM32F7xx_HAL_Driver/Src/stm32f7xx_hal_i2c_ex.o
                0x0000000008005b30                HAL_I2CEx_ConfigAnalogFilter
 .text.HAL_I2CEx_ConfigDigitalFilter
                0x0000000008005bc6       0x98 Drivers/STM32F7xx_HAL_Driver/Src/stm32f7xx_hal_i2c_ex.o
                0x0000000008005bc6                HAL_I2CEx_ConfigDigitalFilter
 *fill*         0x0000000008005c5e        0x2 
 .text.HAL_PWR_EnableBkUpAccess
                0x0000000008005c60       0x20 Drivers/STM32F7xx_HAL_Driver/Src/stm32f7xx_hal_pwr.o
                0x0000000008005c60                HAL_PWR_EnableBkUpAccess
 .text.HAL_PWREx_EnableOverDrive
                0x0000000008005c80       0xa0 Drivers/STM32F7xx_HAL_Driver/Src/stm32f7xx_hal_pwr_ex.o
                0x0000000008005c80                HAL_PWREx_EnableOverDrive
 .text.HAL_RCC_OscConfig
                0x0000000008005d20      0x548 Drivers/STM32F7xx_HAL_Driver/Src/stm32f7xx_hal_rcc.o
                0x0000000008005d20                HAL_RCC_OscConfig
 .text.HAL_RCC_ClockConfig
                0x0000000008006268      0x1d8 Drivers/STM32F7xx_HAL_Driver/Src/stm32f7xx_hal_rcc.o
                0x0000000008006268                HAL_RCC_ClockConfig
 .text.HAL_RCC_GetSysClockFreq
                0x0000000008006440      0x1b0 Drivers/STM32F7xx_HAL_Driver/Src/stm32f7xx_hal_rcc.o
                0x0000000008006440                HAL_RCC_GetSysClockFreq
 .text.HAL_RCC_GetHCLKFreq
                0x00000000080065f0       0x18 Drivers/STM32F7xx_HAL_Driver/Src/stm32f7xx_hal_rcc.o
                0x00000000080065f0                HAL_RCC_GetHCLKFreq
 .text.HAL_RCC_GetPCLK1Freq
                0x0000000008006608       0x28 Drivers/STM32F7xx_HAL_Driver/Src/stm32f7xx_hal_rcc.o
                0x0000000008006608                HAL_RCC_GetPCLK1Freq
 .text.HAL_RCC_GetPCLK2Freq
                0x0000000008006630       0x28 Drivers/STM32F7xx_HAL_Driver/Src/stm32f7xx_hal_rcc.o
                0x0000000008006630                HAL_RCC_GetPCLK2Freq
 .text.HAL_RCCEx_PeriphCLKConfig
                0x0000000008006658      0x7dc Drivers/STM32F7xx_HAL_Driver/Src/stm32f7xx_hal_rcc_ex.o
                0x0000000008006658                HAL_RCCEx_PeriphCLKConfig
 .text.HAL_SPI_Init
                0x0000000008006e34      0x124 Drivers/STM32F7xx_HAL_Driver/Src/stm32f7xx_hal_spi.o
                0x0000000008006e34                HAL_SPI_Init
 .text.HAL_SPI_Transmit
                0x0000000008006f58      0x2cc Drivers/STM32F7xx_HAL_Driver/Src/stm32f7xx_hal_spi.o
                0x0000000008006f58                HAL_SPI_Transmit
 .text.HAL_SPI_TransmitReceive
                0x0000000008007224      0x426 Drivers/STM32F7xx_HAL_Driver/Src/stm32f7xx_hal_spi.o
                0x0000000008007224                HAL_SPI_TransmitReceive
 .text.SPI_WaitFlagStateUntilTimeout
                0x000000000800764a       0xd4 Drivers/STM32F7xx_HAL_Driver/Src/stm32f7xx_hal_spi.o
 .text.SPI_WaitFifoStateUntilTimeout
                0x000000000800771e       0xda Drivers/STM32F7xx_HAL_Driver/Src/stm32f7xx_hal_spi.o
 .text.SPI_EndRxTxTransaction
                0x00000000080077f8       0x8c Drivers/STM32F7xx_HAL_Driver/Src/stm32f7xx_hal_spi.o
 .text.HAL_TIM_Base_Init
                0x0000000008007884       0x56 Drivers/STM32F7xx_HAL_Driver/Src/stm32f7xx_hal_tim.o
                0x0000000008007884                HAL_TIM_Base_Init
 *fill*         0x00000000080078da        0x2 
 .text.HAL_TIM_Base_Start
                0x00000000080078dc       0x54 Drivers/STM32F7xx_HAL_Driver/Src/stm32f7xx_hal_tim.o
                0x00000000080078dc                HAL_TIM_Base_Start
 .text.HAL_TIM_Base_Stop
                0x0000000008007930       0x56 Drivers/STM32F7xx_HAL_Driver/Src/stm32f7xx_hal_tim.o
                0x0000000008007930                HAL_TIM_Base_Stop
 *fill*         0x0000000008007986        0x2 
 .text.HAL_TIM_Base_Start_IT
                0x0000000008007988       0x54 Drivers/STM32F7xx_HAL_Driver/Src/stm32f7xx_hal_tim.o
                0x0000000008007988                HAL_TIM_Base_Start_IT
 .text.HAL_TIM_PWM_Init
                0x00000000080079dc       0x56 Drivers/STM32F7xx_HAL_Driver/Src/stm32f7xx_hal_tim.o
                0x00000000080079dc                HAL_TIM_PWM_Init
 .text.HAL_TIM_PWM_MspInit
                0x0000000008007a32       0x14 Drivers/STM32F7xx_HAL_Driver/Src/stm32f7xx_hal_tim.o
                0x0000000008007a32                HAL_TIM_PWM_MspInit
 *fill*         0x0000000008007a46        0x2 
 .text.HAL_TIM_PWM_Start
                0x0000000008007a48       0x88 Drivers/STM32F7xx_HAL_Driver/Src/stm32f7xx_hal_tim.o
                0x0000000008007a48                HAL_TIM_PWM_Start
 .text.HAL_TIM_OnePulse_Init
                0x0000000008007ad0       0x78 Drivers/STM32F7xx_HAL_Driver/Src/stm32f7xx_hal_tim.o
                0x0000000008007ad0                HAL_TIM_OnePulse_Init
 .text.HAL_TIM_OnePulse_MspInit
                0x0000000008007b48       0x14 Drivers/STM32F7xx_HAL_Driver/Src/stm32f7xx_hal_tim.o
                0x0000000008007b48                HAL_TIM_OnePulse_MspInit
 .text.HAL_TIM_Encoder_Init
                0x0000000008007b5c      0x124 Drivers/STM32F7xx_HAL_Driver/Src/stm32f7xx_hal_tim.o
                0x0000000008007b5c                HAL_TIM_Encoder_Init
 .text.HAL_TIM_Encoder_Start
                0x0000000008007c80       0x6e Drivers/STM32F7xx_HAL_Driver/Src/stm32f7xx_hal_tim.o
                0x0000000008007c80                HAL_TIM_Encoder_Start
 .text.HAL_TIM_IRQHandler
                0x0000000008007cee      0x23e Drivers/STM32F7xx_HAL_Driver/Src/stm32f7xx_hal_tim.o
                0x0000000008007cee                HAL_TIM_IRQHandler
 .text.HAL_TIM_PWM_ConfigChannel
                0x0000000008007f2c      0x230 Drivers/STM32F7xx_HAL_Driver/Src/stm32f7xx_hal_tim.o
                0x0000000008007f2c                HAL_TIM_PWM_ConfigChannel
 .text.HAL_TIM_ConfigClockSource
                0x000000000800815c      0x174 Drivers/STM32F7xx_HAL_Driver/Src/stm32f7xx_hal_tim.o
                0x000000000800815c                HAL_TIM_ConfigClockSource
 .text.HAL_TIM_OC_DelayElapsedCallback
                0x00000000080082d0       0x14 Drivers/STM32F7xx_HAL_Driver/Src/stm32f7xx_hal_tim.o
                0x00000000080082d0                HAL_TIM_OC_DelayElapsedCallback
 .text.HAL_TIM_IC_CaptureCallback
                0x00000000080082e4       0x14 Drivers/STM32F7xx_HAL_Driver/Src/stm32f7xx_hal_tim.o
                0x00000000080082e4                HAL_TIM_IC_CaptureCallback
 .text.HAL_TIM_PWM_PulseFinishedCallback
                0x00000000080082f8       0x14 Drivers/STM32F7xx_HAL_Driver/Src/stm32f7xx_hal_tim.o
                0x00000000080082f8                HAL_TIM_PWM_PulseFinishedCallback
 .text.HAL_TIM_TriggerCallback
                0x000000000800830c       0x14 Drivers/STM32F7xx_HAL_Driver/Src/stm32f7xx_hal_tim.o
                0x000000000800830c                HAL_TIM_TriggerCallback
 .text.TIM_Base_SetConfig
                0x0000000008008320      0x140 Drivers/STM32F7xx_HAL_Driver/Src/stm32f7xx_hal_tim.o
                0x0000000008008320                TIM_Base_SetConfig
 .text.TIM_OC1_SetConfig
                0x0000000008008460       0xe4 Drivers/STM32F7xx_HAL_Driver/Src/stm32f7xx_hal_tim.o
 .text.TIM_OC2_SetConfig
                0x0000000008008544       0xf0 Drivers/STM32F7xx_HAL_Driver/Src/stm32f7xx_hal_tim.o
                0x0000000008008544                TIM_OC2_SetConfig
 .text.TIM_OC3_SetConfig
                0x0000000008008634       0xec Drivers/STM32F7xx_HAL_Driver/Src/stm32f7xx_hal_tim.o
 .text.TIM_OC4_SetConfig
                0x0000000008008720       0xb0 Drivers/STM32F7xx_HAL_Driver/Src/stm32f7xx_hal_tim.o
 .text.TIM_OC5_SetConfig
                0x00000000080087d0       0xa4 Drivers/STM32F7xx_HAL_Driver/Src/stm32f7xx_hal_tim.o
 .text.TIM_OC6_SetConfig
                0x0000000008008874       0xa8 Drivers/STM32F7xx_HAL_Driver/Src/stm32f7xx_hal_tim.o
 .text.TIM_TI1_ConfigInputStage
                0x000000000800891c       0x5e Drivers/STM32F7xx_HAL_Driver/Src/stm32f7xx_hal_tim.o
 .text.TIM_TI2_ConfigInputStage
                0x000000000800897a       0x60 Drivers/STM32F7xx_HAL_Driver/Src/stm32f7xx_hal_tim.o
 .text.TIM_ITRx_SetConfig
                0x00000000080089da       0x36 Drivers/STM32F7xx_HAL_Driver/Src/stm32f7xx_hal_tim.o
 .text.TIM_ETR_SetConfig
                0x0000000008008a10       0x40 Drivers/STM32F7xx_HAL_Driver/Src/stm32f7xx_hal_tim.o
                0x0000000008008a10                TIM_ETR_SetConfig
 .text.TIM_CCxChannelCmd
                0x0000000008008a50       0x4a Drivers/STM32F7xx_HAL_Driver/Src/stm32f7xx_hal_tim.o
                0x0000000008008a50                TIM_CCxChannelCmd
 *fill*         0x0000000008008a9a        0x2 
 .text.HAL_TIMEx_MasterConfigSynchronization
                0x0000000008008a9c      0x11c Drivers/STM32F7xx_HAL_Driver/Src/stm32f7xx_hal_tim_ex.o
                0x0000000008008a9c                HAL_TIMEx_MasterConfigSynchronization
 .text.HAL_TIMEx_CommutCallback
                0x0000000008008bb8       0x14 Drivers/STM32F7xx_HAL_Driver/Src/stm32f7xx_hal_tim_ex.o
                0x0000000008008bb8                HAL_TIMEx_CommutCallback
 .text.HAL_TIMEx_BreakCallback
                0x0000000008008bcc       0x14 Drivers/STM32F7xx_HAL_Driver/Src/stm32f7xx_hal_tim_ex.o
                0x0000000008008bcc                HAL_TIMEx_BreakCallback
 .text.HAL_TIMEx_Break2Callback
                0x0000000008008be0       0x14 Drivers/STM32F7xx_HAL_Driver/Src/stm32f7xx_hal_tim_ex.o
                0x0000000008008be0                HAL_TIMEx_Break2Callback
 .text.HAL_UART_Init
                0x0000000008008bf4       0x9c Drivers/STM32F7xx_HAL_Driver/Src/stm32f7xx_hal_uart.o
                0x0000000008008bf4                HAL_UART_Init
 .text.HAL_UART_IRQHandler
                0x0000000008008c90      0x264 Drivers/STM32F7xx_HAL_Driver/Src/stm32f7xx_hal_uart.o
                0x0000000008008c90                HAL_UART_IRQHandler
 .text.HAL_UART_TxCpltCallback
                0x0000000008008ef4       0x14 Drivers/STM32F7xx_HAL_Driver/Src/stm32f7xx_hal_uart.o
                0x0000000008008ef4                HAL_UART_TxCpltCallback
 .text.HAL_UART_ErrorCallback
                0x0000000008008f08       0x14 Drivers/STM32F7xx_HAL_Driver/Src/stm32f7xx_hal_uart.o
                0x0000000008008f08                HAL_UART_ErrorCallback
 .text.UART_SetConfig
                0x0000000008008f1c      0x554 Drivers/STM32F7xx_HAL_Driver/Src/stm32f7xx_hal_uart.o
                0x0000000008008f1c                UART_SetConfig
 .text.UART_AdvFeatureConfig
                0x0000000008009470      0x144 Drivers/STM32F7xx_HAL_Driver/Src/stm32f7xx_hal_uart.o
                0x0000000008009470                UART_AdvFeatureConfig
 .text.UART_CheckIdleState
                0x00000000080095b4       0x5e Drivers/STM32F7xx_HAL_Driver/Src/stm32f7xx_hal_uart.o
                0x00000000080095b4                UART_CheckIdleState
 .text.UART_WaitOnFlagUntilTimeout
                0x0000000008009612       0xf6 Drivers/STM32F7xx_HAL_Driver/Src/stm32f7xx_hal_uart.o
                0x0000000008009612                UART_WaitOnFlagUntilTimeout
 .text.UART_EndRxTransfer
                0x0000000008009708       0x40 Drivers/STM32F7xx_HAL_Driver/Src/stm32f7xx_hal_uart.o
 .text.UART_DMAAbortOnError
                0x0000000008009748       0x2c Drivers/STM32F7xx_HAL_Driver/Src/stm32f7xx_hal_uart.o
 .text.UART_EndTransmit_IT
                0x0000000008009774       0x32 Drivers/STM32F7xx_HAL_Driver/Src/stm32f7xx_hal_uart.o
 *fill*         0x00000000080097a6        0x2 
 .text.__errno  0x00000000080097a8        0xc c:/st/stm32cubeide_1.0.1/stm32cubeide/plugins/com.st.stm32cube.ide.mcu.externaltools.gnu-tools-for-stm32.7-2018-q2-update.win32_1.5.0.202011040924/tools/bin/../lib/gcc/arm-none-eabi/7.3.1/../../../../arm-none-eabi/lib/thumb/v7e-m/fpv4-sp/hard\libc_nano.a(lib_a-errno.o)
                0x00000000080097a8                __errno
 .text.__libc_init_array
                0x00000000080097b4       0x48 c:/st/stm32cubeide_1.0.1/stm32cubeide/plugins/com.st.stm32cube.ide.mcu.externaltools.gnu-tools-for-stm32.7-2018-q2-update.win32_1.5.0.202011040924/tools/bin/../lib/gcc/arm-none-eabi/7.3.1/../../../../arm-none-eabi/lib/thumb/v7e-m/fpv4-sp/hard\libc_nano.a(lib_a-init.o)
                0x00000000080097b4                __libc_init_array
 .text.memset   0x00000000080097fc       0x10 c:/st/stm32cubeide_1.0.1/stm32cubeide/plugins/com.st.stm32cube.ide.mcu.externaltools.gnu-tools-for-stm32.7-2018-q2-update.win32_1.5.0.202011040924/tools/bin/../lib/gcc/arm-none-eabi/7.3.1/../../../../arm-none-eabi/lib/thumb/v7e-m/fpv4-sp/hard\libc_nano.a(lib_a-memset.o)
                0x00000000080097fc                memset
 .text.sprintf  0x000000000800980c       0x40 c:/st/stm32cubeide_1.0.1/stm32cubeide/plugins/com.st.stm32cube.ide.mcu.externaltools.gnu-tools-for-stm32.7-2018-q2-update.win32_1.5.0.202011040924/tools/bin/../lib/gcc/arm-none-eabi/7.3.1/../../../../arm-none-eabi/lib/thumb/v7e-m/fpv4-sp/hard\libc_nano.a(lib_a-sprintf.o)
                0x000000000800980c                siprintf
                0x000000000800980c                sprintf
 .text._vsprintf_r
                0x000000000800984c       0x2c c:/st/stm32cubeide_1.0.1/stm32cubeide/plugins/com.st.stm32cube.ide.mcu.externaltools.gnu-tools-for-stm32.7-2018-q2-update.win32_1.5.0.202011040924/tools/bin/../lib/gcc/arm-none-eabi/7.3.1/../../../../arm-none-eabi/lib/thumb/v7e-m/fpv4-sp/hard\libc_nano.a(lib_a-vsprintf.o)
                0x000000000800984c                _vsprintf_r
                0x000000000800984c                _vsiprintf_r
 .text.vsprintf
                0x0000000008009878       0x14 c:/st/stm32cubeide_1.0.1/stm32cubeide/plugins/com.st.stm32cube.ide.mcu.externaltools.gnu-tools-for-stm32.7-2018-q2-update.win32_1.5.0.202011040924/tools/bin/../lib/gcc/arm-none-eabi/7.3.1/../../../../arm-none-eabi/lib/thumb/v7e-m/fpv4-sp/hard\libc_nano.a(lib_a-vsprintf.o)
                0x0000000008009878                vsiprintf
                0x0000000008009878                vsprintf
 .text.__ssputs_r
                0x000000000800988c       0xb4 c:/st/stm32cubeide_1.0.1/stm32cubeide/plugins/com.st.stm32cube.ide.mcu.externaltools.gnu-tools-for-stm32.7-2018-q2-update.win32_1.5.0.202011040924/tools/bin/../lib/gcc/arm-none-eabi/7.3.1/../../../../arm-none-eabi/lib/thumb/v7e-m/fpv4-sp/hard\libc_nano.a(lib_a-nano-svfprintf.o)
                0x000000000800988c                __ssputs_r
 .text._svfprintf_r
                0x0000000008009940      0x1f0 c:/st/stm32cubeide_1.0.1/stm32cubeide/plugins/com.st.stm32cube.ide.mcu.externaltools.gnu-tools-for-stm32.7-2018-q2-update.win32_1.5.0.202011040924/tools/bin/../lib/gcc/arm-none-eabi/7.3.1/../../../../arm-none-eabi/lib/thumb/v7e-m/fpv4-sp/hard\libc_nano.a(lib_a-nano-svfprintf.o)
                0x0000000008009940                _svfiprintf_r
                0x0000000008009940                _svfprintf_r
 .text._printf_common
                0x0000000008009b30       0xea c:/st/stm32cubeide_1.0.1/stm32cubeide/plugins/com.st.stm32cube.ide.mcu.externaltools.gnu-tools-for-stm32.7-2018-q2-update.win32_1.5.0.202011040924/tools/bin/../lib/gcc/arm-none-eabi/7.3.1/../../../../arm-none-eabi/lib/thumb/v7e-m/fpv4-sp/hard\libc_nano.a(lib_a-nano-vfprintf_i.o)
                0x0000000008009b30                _printf_common
 *fill*         0x0000000008009c1a        0x2 
 .text._printf_i
                0x0000000008009c1c      0x224 c:/st/stm32cubeide_1.0.1/stm32cubeide/plugins/com.st.stm32cube.ide.mcu.externaltools.gnu-tools-for-stm32.7-2018-q2-update.win32_1.5.0.202011040924/tools/bin/../lib/gcc/arm-none-eabi/7.3.1/../../../../arm-none-eabi/lib/thumb/v7e-m/fpv4-sp/hard\libc_nano.a(lib_a-nano-vfprintf_i.o)
                0x0000000008009c1c                _printf_i
 .text.memcpy   0x0000000008009e40       0x16 c:/st/stm32cubeide_1.0.1/stm32cubeide/plugins/com.st.stm32cube.ide.mcu.externaltools.gnu-tools-for-stm32.7-2018-q2-update.win32_1.5.0.202011040924/tools/bin/../lib/gcc/arm-none-eabi/7.3.1/../../../../arm-none-eabi/lib/thumb/v7e-m/fpv4-sp/hard\libc_nano.a(lib_a-memcpy-stub.o)
                0x0000000008009e40                memcpy
 .text.memmove  0x0000000008009e56       0x32 c:/st/stm32cubeide_1.0.1/stm32cubeide/plugins/com.st.stm32cube.ide.mcu.externaltools.gnu-tools-for-stm32.7-2018-q2-update.win32_1.5.0.202011040924/tools/bin/../lib/gcc/arm-none-eabi/7.3.1/../../../../arm-none-eabi/lib/thumb/v7e-m/fpv4-sp/hard\libc_nano.a(lib_a-memmove.o)
                0x0000000008009e56                memmove
 .text._free_r  0x0000000008009e88       0x9c c:/st/stm32cubeide_1.0.1/stm32cubeide/plugins/com.st.stm32cube.ide.mcu.externaltools.gnu-tools-for-stm32.7-2018-q2-update.win32_1.5.0.202011040924/tools/bin/../lib/gcc/arm-none-eabi/7.3.1/../../../../arm-none-eabi/lib/thumb/v7e-m/fpv4-sp/hard\libc_nano.a(lib_a-nano-freer.o)
                0x0000000008009e88                _free_r
 .text._malloc_r
                0x0000000008009f24       0xb4 c:/st/stm32cubeide_1.0.1/stm32cubeide/plugins/com.st.stm32cube.ide.mcu.externaltools.gnu-tools-for-stm32.7-2018-q2-update.win32_1.5.0.202011040924/tools/bin/../lib/gcc/arm-none-eabi/7.3.1/../../../../arm-none-eabi/lib/thumb/v7e-m/fpv4-sp/hard\libc_nano.a(lib_a-nano-mallocr.o)
                0x0000000008009f24                _malloc_r
 .text._realloc_r
                0x0000000008009fd8       0x4c c:/st/stm32cubeide_1.0.1/stm32cubeide/plugins/com.st.stm32cube.ide.mcu.externaltools.gnu-tools-for-stm32.7-2018-q2-update.win32_1.5.0.202011040924/tools/bin/../lib/gcc/arm-none-eabi/7.3.1/../../../../arm-none-eabi/lib/thumb/v7e-m/fpv4-sp/hard\libc_nano.a(lib_a-nano-reallocr.o)
                0x0000000008009fd8                _realloc_r
 .text._sbrk_r  0x000000000800a024       0x20 c:/st/stm32cubeide_1.0.1/stm32cubeide/plugins/com.st.stm32cube.ide.mcu.externaltools.gnu-tools-for-stm32.7-2018-q2-update.win32_1.5.0.202011040924/tools/bin/../lib/gcc/arm-none-eabi/7.3.1/../../../../arm-none-eabi/lib/thumb/v7e-m/fpv4-sp/hard\libc_nano.a(lib_a-sbrkr.o)
                0x000000000800a024                _sbrk_r
 .text.__malloc_lock
                0x000000000800a044        0x2 c:/st/stm32cubeide_1.0.1/stm32cubeide/plugins/com.st.stm32cube.ide.mcu.externaltools.gnu-tools-for-stm32.7-2018-q2-update.win32_1.5.0.202011040924/tools/bin/../lib/gcc/arm-none-eabi/7.3.1/../../../../arm-none-eabi/lib/thumb/v7e-m/fpv4-sp/hard\libc_nano.a(lib_a-mlock.o)
                0x000000000800a044                __malloc_lock
 .text.__malloc_unlock
                0x000000000800a046        0x2 c:/st/stm32cubeide_1.0.1/stm32cubeide/plugins/com.st.stm32cube.ide.mcu.externaltools.gnu-tools-for-stm32.7-2018-q2-update.win32_1.5.0.202011040924/tools/bin/../lib/gcc/arm-none-eabi/7.3.1/../../../../arm-none-eabi/lib/thumb/v7e-m/fpv4-sp/hard\libc_nano.a(lib_a-mlock.o)
                0x000000000800a046                __malloc_unlock
 .text._malloc_usable_size_r
                0x000000000800a048       0x10 c:/st/stm32cubeide_1.0.1/stm32cubeide/plugins/com.st.stm32cube.ide.mcu.externaltools.gnu-tools-for-stm32.7-2018-q2-update.win32_1.5.0.202011040924/tools/bin/../lib/gcc/arm-none-eabi/7.3.1/../../../../arm-none-eabi/lib/thumb/v7e-m/fpv4-sp/hard\libc_nano.a(lib_a-nano-msizer.o)
                0x000000000800a048                _malloc_usable_size_r
 *(.glue_7)
 .glue_7        0x000000000800a058        0x0 linker stubs
 *(.glue_7t)
 .glue_7t       0x000000000800a058        0x0 linker stubs
 *(.eh_frame)
 .eh_frame      0x000000000800a058        0x0 c:/st/stm32cubeide_1.0.1/stm32cubeide/plugins/com.st.stm32cube.ide.mcu.externaltools.gnu-tools-for-stm32.7-2018-q2-update.win32_1.5.0.202011040924/tools/bin/../lib/gcc/arm-none-eabi/7.3.1/thumb/v7e-m/fpv4-sp/hard/crtbegin.o
 *(.init)
 .init          0x000000000800a058        0x4 c:/st/stm32cubeide_1.0.1/stm32cubeide/plugins/com.st.stm32cube.ide.mcu.externaltools.gnu-tools-for-stm32.7-2018-q2-update.win32_1.5.0.202011040924/tools/bin/../lib/gcc/arm-none-eabi/7.3.1/thumb/v7e-m/fpv4-sp/hard/crti.o
                0x000000000800a058                _init
 .init          0x000000000800a05c        0x8 c:/st/stm32cubeide_1.0.1/stm32cubeide/plugins/com.st.stm32cube.ide.mcu.externaltools.gnu-tools-for-stm32.7-2018-q2-update.win32_1.5.0.202011040924/tools/bin/../lib/gcc/arm-none-eabi/7.3.1/thumb/v7e-m/fpv4-sp/hard/crtn.o
 *(.fini)
 .fini          0x000000000800a064        0x4 c:/st/stm32cubeide_1.0.1/stm32cubeide/plugins/com.st.stm32cube.ide.mcu.externaltools.gnu-tools-for-stm32.7-2018-q2-update.win32_1.5.0.202011040924/tools/bin/../lib/gcc/arm-none-eabi/7.3.1/thumb/v7e-m/fpv4-sp/hard/crti.o
                0x000000000800a064                _fini
 .fini          0x000000000800a068        0x8 c:/st/stm32cubeide_1.0.1/stm32cubeide/plugins/com.st.stm32cube.ide.mcu.externaltools.gnu-tools-for-stm32.7-2018-q2-update.win32_1.5.0.202011040924/tools/bin/../lib/gcc/arm-none-eabi/7.3.1/thumb/v7e-m/fpv4-sp/hard/crtn.o
                0x000000000800a070                . = ALIGN (0x4)
                0x000000000800a070                _etext = .

.vfp11_veneer   0x000000000800a070        0x0
 .vfp11_veneer  0x000000000800a070        0x0 linker stubs

.v4_bx          0x000000000800a070        0x0
 .v4_bx         0x000000000800a070        0x0 linker stubs

.iplt           0x000000000800a070        0x0
 .iplt          0x000000000800a070        0x0 c:/st/stm32cubeide_1.0.1/stm32cubeide/plugins/com.st.stm32cube.ide.mcu.externaltools.gnu-tools-for-stm32.7-2018-q2-update.win32_1.5.0.202011040924/tools/bin/../lib/gcc/arm-none-eabi/7.3.1/thumb/v7e-m/fpv4-sp/hard/crtbegin.o

.rodata         0x000000000800a070       0xc8
                0x000000000800a070                . = ALIGN (0x4)
 *(.rodata)
 .rodata        0x000000000800a070        0x2 Components/Src/bmp280.o
 *fill*         0x000000000800a072        0x2 
 .rodata        0x000000000800a074       0x49 Components/Src/menu_config.o
 *fill*         0x000000000800a0bd        0x3 
 .rodata        0x000000000800a0c0        0xa Core/Src/main.o
 *(.rodata*)
 *fill*         0x000000000800a0ca        0x2 
 .rodata.DISP_COMMON_ANODE_DECIMALS
                0x000000000800a0cc        0xb Components/Src/disp.o
                0x000000000800a0cc                DISP_COMMON_ANODE_DECIMALS
 *fill*         0x000000000800a0d7        0x1 
 .rodata.LCD_ROW_16
                0x000000000800a0d8        0x4 Components/Src/lcd.o
                0x000000000800a0d8                LCD_ROW_16
 .rodata.MENU_LED_TEXT
                0x000000000800a0dc        0x8 Components/Src/menu_config.o
 .rodata.AHBPrescTable
                0x000000000800a0e4       0x10 Core/Src/system_stm32f7xx.o
                0x000000000800a0e4                AHBPrescTable
 .rodata.APBPrescTable
                0x000000000800a0f4        0x8 Core/Src/system_stm32f7xx.o
                0x000000000800a0f4                APBPrescTable
 .rodata.flagBitshiftOffset.9121
                0x000000000800a0fc        0x8 Drivers/STM32F7xx_HAL_Driver/Src/stm32f7xx_hal_dma.o
 .rodata._svfprintf_r.str1.1
                0x000000000800a104       0x11 c:/st/stm32cubeide_1.0.1/stm32cubeide/plugins/com.st.stm32cube.ide.mcu.externaltools.gnu-tools-for-stm32.7-2018-q2-update.win32_1.5.0.202011040924/tools/bin/../lib/gcc/arm-none-eabi/7.3.1/../../../../arm-none-eabi/lib/thumb/v7e-m/fpv4-sp/hard\libc_nano.a(lib_a-nano-svfprintf.o)
 .rodata._printf_i.str1.1
                0x000000000800a115       0x22 c:/st/stm32cubeide_1.0.1/stm32cubeide/plugins/com.st.stm32cube.ide.mcu.externaltools.gnu-tools-for-stm32.7-2018-q2-update.win32_1.5.0.202011040924/tools/bin/../lib/gcc/arm-none-eabi/7.3.1/../../../../arm-none-eabi/lib/thumb/v7e-m/fpv4-sp/hard\libc_nano.a(lib_a-nano-vfprintf_i.o)
                0x000000000800a138                . = ALIGN (0x4)
 *fill*         0x000000000800a137        0x1 

.ARM.extab      0x000000000800a138        0x0
                0x000000000800a138                . = ALIGN (0x4)
 *(.ARM.extab* .gnu.linkonce.armextab.*)
                0x000000000800a138                . = ALIGN (0x4)

.ARM            0x000000000800a138        0x8
                0x000000000800a138                . = ALIGN (0x4)
                0x000000000800a138                __exidx_start = .
 *(.ARM.exidx*)
 .ARM.exidx     0x000000000800a138        0x8 c:/st/stm32cubeide_1.0.1/stm32cubeide/plugins/com.st.stm32cube.ide.mcu.externaltools.gnu-tools-for-stm32.7-2018-q2-update.win32_1.5.0.202011040924/tools/bin/../lib/gcc/arm-none-eabi/7.3.1/thumb/v7e-m/fpv4-sp/hard\libgcc.a(_udivmoddi4.o)
                0x000000000800a140                __exidx_end = .
                0x000000000800a140                . = ALIGN (0x4)

.rel.dyn        0x000000000800a140        0x0
 .rel.iplt      0x000000000800a140        0x0 c:/st/stm32cubeide_1.0.1/stm32cubeide/plugins/com.st.stm32cube.ide.mcu.externaltools.gnu-tools-for-stm32.7-2018-q2-update.win32_1.5.0.202011040924/tools/bin/../lib/gcc/arm-none-eabi/7.3.1/thumb/v7e-m/fpv4-sp/hard/crtbegin.o

.preinit_array  0x000000000800a140        0x0
                0x000000000800a140                . = ALIGN (0x4)
                0x000000000800a140                PROVIDE (__preinit_array_start = .)
 *(.preinit_array*)
                0x000000000800a140                PROVIDE (__preinit_array_end = .)
                0x000000000800a140                . = ALIGN (0x4)

.init_array     0x000000000800a140        0x4
                0x000000000800a140                . = ALIGN (0x4)
                0x000000000800a140                PROVIDE (__init_array_start = .)
 *(SORT_BY_NAME(.init_array.*))
 *(.init_array*)
 .init_array    0x000000000800a140        0x4 c:/st/stm32cubeide_1.0.1/stm32cubeide/plugins/com.st.stm32cube.ide.mcu.externaltools.gnu-tools-for-stm32.7-2018-q2-update.win32_1.5.0.202011040924/tools/bin/../lib/gcc/arm-none-eabi/7.3.1/thumb/v7e-m/fpv4-sp/hard/crtbegin.o
                0x000000000800a144                PROVIDE (__init_array_end = .)
                0x000000000800a144                . = ALIGN (0x4)

.fini_array     0x000000000800a144        0x4
                0x000000000800a144                . = ALIGN (0x4)
                [!provide]                        PROVIDE (__fini_array_start = .)
 *(SORT_BY_NAME(.fini_array.*))
 *(.fini_array*)
 .fini_array    0x000000000800a144        0x4 c:/st/stm32cubeide_1.0.1/stm32cubeide/plugins/com.st.stm32cube.ide.mcu.externaltools.gnu-tools-for-stm32.7-2018-q2-update.win32_1.5.0.202011040924/tools/bin/../lib/gcc/arm-none-eabi/7.3.1/thumb/v7e-m/fpv4-sp/hard/crtbegin.o
                [!provide]                        PROVIDE (__fini_array_end = .)
                0x000000000800a148                . = ALIGN (0x4)
                0x000000000800a148                _sidata = LOADADDR (.data)

.data           0x0000000020000000      0x4a8 load address 0x000000000800a148
                0x0000000020000000                . = ALIGN (0x4)
                0x0000000020000000                _sdata = .
 *(.data)
 *(.data*)
 .data.hbh1750_1
                0x0000000020000000        0xc Components/Src/bh1750_config.o
                0x0000000020000000                hbh1750_1
 .data.hbh1750_2
                0x000000002000000c        0xc Components/Src/bh1750_config.o
                0x000000002000000c                hbh1750_2
 .data.BMP280_CS_Ports
                0x0000000020000018        0x8 Components/Src/bmp280_config.o
                0x0000000020000018                BMP280_CS_Ports
 .data.BMP280_CS_Pins
                0x0000000020000020        0x4 Components/Src/bmp280_config.o
                0x0000000020000020                BMP280_CS_Pins
 .data.bmp280_1
                0x0000000020000024       0x34 Components/Src/bmp280_config.o
                0x0000000020000024                bmp280_1
 .data.bmp280_2
                0x0000000020000058       0x34 Components/Src/bmp280_config.o
                0x0000000020000058                bmp280_2
 .data.hbtn1    0x000000002000008c        0x8 Components/Src/btn_config.o
                0x000000002000008c                hbtn1
 .data.hbtn2    0x0000000020000094        0x8 Components/Src/btn_config.o
                0x0000000020000094                hbtn2
 .data.hlamp1   0x000000002000009c       0x20 Components/Src/dimmer_config.o
                0x000000002000009c                hlamp1
 .data.hdisp1   0x00000000200000bc       0x58 Components/Src/disp_config.o
                0x00000000200000bc                hdisp1
 .data.henc1    0x0000000020000114       0x10 Components/Src/encoder_config.o
                0x0000000020000114                henc1
 .data.hheaterpwm1
                0x0000000020000124        0xc Components/Src/heater_pwm_config.o
                0x0000000020000124                hheaterpwm1
 .data.LCD_Ports
                0x0000000020000130       0x10 Components/Src/lcd_config.o
                0x0000000020000130                LCD_Ports
 .data.LCD_Pins
                0x0000000020000140        0x8 Components/Src/lcd_config.o
                0x0000000020000140                LCD_Pins
 .data.hlcd1    0x0000000020000148       0x1c Components/Src/lcd_config.o
                0x0000000020000148                hlcd1
 .data.hledg1   0x0000000020000164        0x8 Components/Src/led_config.o
                0x0000000020000164                hledg1
 .data.hledb1   0x000000002000016c        0x8 Components/Src/led_config.o
                0x000000002000016c                hledb1
 .data.hledr1   0x0000000020000174        0x8 Components/Src/led_config.o
                0x0000000020000174                hledr1
 .data.hledg2   0x000000002000017c        0x8 Components/Src/led_config.o
                0x000000002000017c                hledg2
 .data.hledb2   0x0000000020000184        0x8 Components/Src/led_config.o
                0x0000000020000184                hledb2
 .data.hledr2   0x000000002000018c        0x8 Components/Src/led_config.o
                0x000000002000018c                hledr2
 .data.hledrgb1
                0x0000000020000194       0x1c Components/Src/led_rgb_config.o
                0x0000000020000194                hledrgb1
 .data.menu_ledr1
                0x00000000200001b0       0x28 Components/Src/menu_config.o
                0x00000000200001b0                menu_ledr1
 .data.menu_ledr2
                0x00000000200001d8       0x28 Components/Src/menu_config.o
                0x00000000200001d8                menu_ledr2
 .data.menu_ledg1
                0x0000000020000200       0x28 Components/Src/menu_config.o
                0x0000000020000200                menu_ledg1
 .data.menu_ledg2
                0x0000000020000228       0x28 Components/Src/menu_config.o
                0x0000000020000228                menu_ledg2
 .data.menu_ledb1
                0x0000000020000250       0x28 Components/Src/menu_config.o
                0x0000000020000250                menu_ledb1
 .data.menu_ledb2
                0x0000000020000278       0x28 Components/Src/menu_config.o
                0x0000000020000278                menu_ledb2
 .data.menu_ledrgb_r
                0x00000000200002a0       0x28 Components/Src/menu_config.o
                0x00000000200002a0                menu_ledrgb_r
 .data.menu_ledrgb_g
                0x00000000200002c8       0x28 Components/Src/menu_config.o
                0x00000000200002c8                menu_ledrgb_g
 .data.menu_ledrgb_b
                0x00000000200002f0       0x28 Components/Src/menu_config.o
                0x00000000200002f0                menu_ledrgb_b
 .data.menu_ain1
                0x0000000020000318       0x28 Components/Src/menu_config.o
                0x0000000020000318                menu_ain1
 .data.menu_ain2
                0x0000000020000340       0x28 Components/Src/menu_config.o
                0x0000000020000340                menu_ain2
 .data.triac_firing_ang
                0x0000000020000368        0x4 Core/Src/main.o
                0x0000000020000368                triac_firing_ang
 .data.sine_wave
                0x000000002000036c       0xca Core/Src/main.o
                0x000000002000036c                sine_wave
 *fill*         0x0000000020000436        0x2 
 .data.SystemCoreClock
                0x0000000020000438        0x4 Core/Src/system_stm32f7xx.o
                0x0000000020000438                SystemCoreClock
 .data.uwTickPrio
                0x000000002000043c        0x4 Drivers/STM32F7xx_HAL_Driver/Src/stm32f7xx_hal.o
                0x000000002000043c                uwTickPrio
 .data.uwTickFreq
                0x0000000020000440        0x1 Drivers/STM32F7xx_HAL_Driver/Src/stm32f7xx_hal.o
                0x0000000020000440                uwTickFreq
 *fill*         0x0000000020000441        0x3 
 .data._impure_ptr
                0x0000000020000444        0x4 c:/st/stm32cubeide_1.0.1/stm32cubeide/plugins/com.st.stm32cube.ide.mcu.externaltools.gnu-tools-for-stm32.7-2018-q2-update.win32_1.5.0.202011040924/tools/bin/../lib/gcc/arm-none-eabi/7.3.1/../../../../arm-none-eabi/lib/thumb/v7e-m/fpv4-sp/hard\libc_nano.a(lib_a-impure.o)
                0x0000000020000444                _impure_ptr
 .data.impure_data
                0x0000000020000448       0x60 c:/st/stm32cubeide_1.0.1/stm32cubeide/plugins/com.st.stm32cube.ide.mcu.externaltools.gnu-tools-for-stm32.7-2018-q2-update.win32_1.5.0.202011040924/tools/bin/../lib/gcc/arm-none-eabi/7.3.1/../../../../arm-none-eabi/lib/thumb/v7e-m/fpv4-sp/hard\libc_nano.a(lib_a-impure.o)
 *(.RamFunc)
 *(.RamFunc*)
                0x00000000200004a8                . = ALIGN (0x4)
                0x00000000200004a8                _edata = .

.igot.plt       0x00000000200004a8        0x0 load address 0x000000000800a5f0
 .igot.plt      0x00000000200004a8        0x0 c:/st/stm32cubeide_1.0.1/stm32cubeide/plugins/com.st.stm32cube.ide.mcu.externaltools.gnu-tools-for-stm32.7-2018-q2-update.win32_1.5.0.202011040924/tools/bin/../lib/gcc/arm-none-eabi/7.3.1/thumb/v7e-m/fpv4-sp/hard/crtbegin.o
                0x00000000200004a8                . = ALIGN (0x4)

.bss            0x00000000200004a8      0x41c load address 0x000000000800a5f0
                0x00000000200004a8                _sbss = .
                0x00000000200004a8                __bss_start__ = _sbss
 *(.bss)
 .bss           0x00000000200004a8       0x1c c:/st/stm32cubeide_1.0.1/stm32cubeide/plugins/com.st.stm32cube.ide.mcu.externaltools.gnu-tools-for-stm32.7-2018-q2-update.win32_1.5.0.202011040924/tools/bin/../lib/gcc/arm-none-eabi/7.3.1/thumb/v7e-m/fpv4-sp/hard/crtbegin.o
 *(.bss*)
 .bss.dig.9086  0x00000000200004c4        0x1 Components/Src/disp.o
 *fill*         0x00000000200004c5        0x3 
 .bss.enc_cnt   0x00000000200004c8        0x4 Core/Src/main.o
                0x00000000200004c8                enc_cnt
 .bss.enc_cnt_prev
                0x00000000200004cc        0x4 Core/Src/main.o
                0x00000000200004cc                enc_cnt_prev
 .bss.enc_inc   0x00000000200004d0        0x1 Core/Src/main.o
                0x00000000200004d0                enc_inc
 .bss.enc_dec   0x00000000200004d1        0x1 Core/Src/main.o
                0x00000000200004d1                enc_dec
 *fill*         0x00000000200004d2        0x2 
 .bss.adc_measurement
                0x00000000200004d4        0x4 Core/Src/main.o
                0x00000000200004d4                adc_measurement
 .bss.adc_voltage_mV
                0x00000000200004d8        0x8 Core/Src/main.o
                0x00000000200004d8                adc_voltage_mV
 .bss.__sbrk_heap_end
                0x00000000200004e0        0x4 Core/Src/sysmem.o
 .bss.__malloc_free_list
                0x00000000200004e4        0x4 c:/st/stm32cubeide_1.0.1/stm32cubeide/plugins/com.st.stm32cube.ide.mcu.externaltools.gnu-tools-for-stm32.7-2018-q2-update.win32_1.5.0.202011040924/tools/bin/../lib/gcc/arm-none-eabi/7.3.1/../../../../arm-none-eabi/lib/thumb/v7e-m/fpv4-sp/hard\libc_nano.a(lib_a-nano-mallocr.o)
                0x00000000200004e4                __malloc_free_list
 .bss.__malloc_sbrk_start
                0x00000000200004e8        0x4 c:/st/stm32cubeide_1.0.1/stm32cubeide/plugins/com.st.stm32cube.ide.mcu.externaltools.gnu-tools-for-stm32.7-2018-q2-update.win32_1.5.0.202011040924/tools/bin/../lib/gcc/arm-none-eabi/7.3.1/../../../../arm-none-eabi/lib/thumb/v7e-m/fpv4-sp/hard\libc_nano.a(lib_a-nano-mallocr.o)
                0x00000000200004e8                __malloc_sbrk_start
 *(COMMON)
 COMMON         0x00000000200004ec        0x4 Components/Src/menu_config.o
                0x00000000200004ec                menu_item
 COMMON         0x00000000200004f0       0xa8 Core/Src/adc.o
                0x00000000200004f0                hadc1
                0x0000000020000538                hdma_adc1
 COMMON         0x0000000020000598       0x74 Core/Src/dac.o
                0x0000000020000598                hdma_dac1
                0x00000000200005f8                hdac
 COMMON         0x000000002000060c       0x4c Core/Src/i2c.o
                0x000000002000060c                hi2c1
 COMMON         0x0000000020000658       0x64 Core/Src/spi.o
                0x0000000020000658                hspi4
 COMMON         0x00000000200006bc      0x180 Core/Src/tim.o
                0x00000000200006bc                htim4
                0x00000000200006fc                htim5
                0x000000002000073c                htim3
                0x000000002000077c                htim6
                0x00000000200007bc                htim2
                0x00000000200007fc                htim7
 COMMON         0x000000002000083c       0x80 Core/Src/usart.o
                0x000000002000083c                huart3
 COMMON         0x00000000200008bc        0x4 Drivers/STM32F7xx_HAL_Driver/Src/stm32f7xx_hal.o
                0x00000000200008bc                uwTick
 COMMON         0x00000000200008c0        0x4 c:/st/stm32cubeide_1.0.1/stm32cubeide/plugins/com.st.stm32cube.ide.mcu.externaltools.gnu-tools-for-stm32.7-2018-q2-update.win32_1.5.0.202011040924/tools/bin/../lib/gcc/arm-none-eabi/7.3.1/../../../../arm-none-eabi/lib/thumb/v7e-m/fpv4-sp/hard\libc_nano.a(lib_a-reent.o)
                0x00000000200008c0                errno
                0x00000000200008c4                . = ALIGN (0x4)
                0x00000000200008c4                _ebss = .
                0x00000000200008c4                __bss_end__ = _ebss

._user_heap_stack
                0x00000000200008c4      0x604 load address 0x000000000800a5f0
                0x00000000200008c8                . = ALIGN (0x8)
 *fill*         0x00000000200008c4        0x4 
                [!provide]                        PROVIDE (end = .)
                0x00000000200008c8                PROVIDE (_end = .)
                0x0000000020000ac8                . = (. + _Min_Heap_Size)
 *fill*         0x00000000200008c8      0x200 
                0x0000000020000ec8                . = (. + _Min_Stack_Size)
 *fill*         0x0000000020000ac8      0x400 
                0x0000000020000ec8                . = ALIGN (0x8)

/DISCARD/
 libc.a(*)
 libm.a(*)
 libgcc.a(*)

.ARM.attributes
                0x0000000000000000       0x30
 *(.ARM.attributes)
 .ARM.attributes
                0x0000000000000000       0x22 c:/st/stm32cubeide_1.0.1/stm32cubeide/plugins/com.st.stm32cube.ide.mcu.externaltools.gnu-tools-for-stm32.7-2018-q2-update.win32_1.5.0.202011040924/tools/bin/../lib/gcc/arm-none-eabi/7.3.1/thumb/v7e-m/fpv4-sp/hard/crti.o
 .ARM.attributes
                0x0000000000000022       0x34 c:/st/stm32cubeide_1.0.1/stm32cubeide/plugins/com.st.stm32cube.ide.mcu.externaltools.gnu-tools-for-stm32.7-2018-q2-update.win32_1.5.0.202011040924/tools/bin/../lib/gcc/arm-none-eabi/7.3.1/thumb/v7e-m/fpv4-sp/hard/crtbegin.o
 .ARM.attributes
                0x0000000000000056       0x39 Components/Src/bh1750.o
 .ARM.attributes
                0x000000000000008f       0x39 Components/Src/bh1750_config.o
 .ARM.attributes
                0x00000000000000c8       0x39 Components/Src/bmp280.o
 .ARM.attributes
                0x0000000000000101       0x39 Components/Src/bmp280_config.o
 .ARM.attributes
                0x000000000000013a       0x39 Components/Src/btn_config.o
 .ARM.attributes
                0x0000000000000173       0x39 Components/Src/dimmer.o
 .ARM.attributes
                0x00000000000001ac       0x39 Components/Src/dimmer_config.o
 .ARM.attributes
                0x00000000000001e5       0x39 Components/Src/disp.o
 .ARM.attributes
                0x000000000000021e       0x39 Components/Src/disp_config.o
 .ARM.attributes
                0x0000000000000257       0x39 Components/Src/encoder.o
 .ARM.attributes
                0x0000000000000290       0x39 Components/Src/encoder_config.o
 .ARM.attributes
                0x00000000000002c9       0x39 Components/Src/heater_pwm.o
 .ARM.attributes
                0x0000000000000302       0x39 Components/Src/heater_pwm_config.o
 .ARM.attributes
                0x000000000000033b       0x39 Components/Src/lcd.o
 .ARM.attributes
                0x0000000000000374       0x39 Components/Src/lcd_config.o
 .ARM.attributes
                0x00000000000003ad       0x39 Components/Src/led.o
 .ARM.attributes
                0x00000000000003e6       0x39 Components/Src/led_config.o
 .ARM.attributes
                0x000000000000041f       0x39 Components/Src/led_rgb.o
 .ARM.attributes
                0x0000000000000458       0x39 Components/Src/led_rgb_config.o
 .ARM.attributes
                0x0000000000000491       0x39 Components/Src/menu.o
 .ARM.attributes
                0x00000000000004ca       0x39 Components/Src/menu_config.o
 .ARM.attributes
                0x0000000000000503       0x39 Core/Src/adc.o
 .ARM.attributes
                0x000000000000053c       0x39 Core/Src/dac.o
 .ARM.attributes
                0x0000000000000575       0x39 Core/Src/dma.o
 .ARM.attributes
                0x00000000000005ae       0x39 Core/Src/gpio.o
 .ARM.attributes
                0x00000000000005e7       0x39 Core/Src/i2c.o
 .ARM.attributes
                0x0000000000000620       0x39 Core/Src/main.o
 .ARM.attributes
                0x0000000000000659       0x39 Core/Src/spi.o
 .ARM.attributes
                0x0000000000000692       0x39 Core/Src/stm32f7xx_hal_msp.o
 .ARM.attributes
                0x00000000000006cb       0x39 Core/Src/stm32f7xx_it.o
 .ARM.attributes
                0x0000000000000704       0x39 Core/Src/sysmem.o
 .ARM.attributes
                0x000000000000073d       0x39 Core/Src/system_stm32f7xx.o
 .ARM.attributes
                0x0000000000000776       0x39 Core/Src/tim.o
 .ARM.attributes
                0x00000000000007af       0x39 Core/Src/usart.o
 .ARM.attributes
                0x00000000000007e8       0x21 Core/Startup/startup_stm32f746zgtx.o
 .ARM.attributes
                0x0000000000000809       0x39 Drivers/STM32F7xx_HAL_Driver/Src/stm32f7xx_hal.o
 .ARM.attributes
                0x0000000000000842       0x39 Drivers/STM32F7xx_HAL_Driver/Src/stm32f7xx_hal_adc.o
 .ARM.attributes
                0x000000000000087b       0x39 Drivers/STM32F7xx_HAL_Driver/Src/stm32f7xx_hal_cortex.o
 .ARM.attributes
                0x00000000000008b4       0x39 Drivers/STM32F7xx_HAL_Driver/Src/stm32f7xx_hal_dac.o
 .ARM.attributes
                0x00000000000008ed       0x39 Drivers/STM32F7xx_HAL_Driver/Src/stm32f7xx_hal_dac_ex.o
 .ARM.attributes
                0x0000000000000926       0x39 Drivers/STM32F7xx_HAL_Driver/Src/stm32f7xx_hal_dma.o
 .ARM.attributes
                0x000000000000095f       0x39 Drivers/STM32F7xx_HAL_Driver/Src/stm32f7xx_hal_gpio.o
 .ARM.attributes
                0x0000000000000998       0x39 Drivers/STM32F7xx_HAL_Driver/Src/stm32f7xx_hal_i2c.o
 .ARM.attributes
                0x00000000000009d1       0x39 Drivers/STM32F7xx_HAL_Driver/Src/stm32f7xx_hal_i2c_ex.o
 .ARM.attributes
                0x0000000000000a0a       0x39 Drivers/STM32F7xx_HAL_Driver/Src/stm32f7xx_hal_pwr.o
 .ARM.attributes
                0x0000000000000a43       0x39 Drivers/STM32F7xx_HAL_Driver/Src/stm32f7xx_hal_pwr_ex.o
 .ARM.attributes
                0x0000000000000a7c       0x39 Drivers/STM32F7xx_HAL_Driver/Src/stm32f7xx_hal_rcc.o
 .ARM.attributes
                0x0000000000000ab5       0x39 Drivers/STM32F7xx_HAL_Driver/Src/stm32f7xx_hal_rcc_ex.o
 .ARM.attributes
                0x0000000000000aee       0x39 Drivers/STM32F7xx_HAL_Driver/Src/stm32f7xx_hal_spi.o
 .ARM.attributes
                0x0000000000000b27       0x39 Drivers/STM32F7xx_HAL_Driver/Src/stm32f7xx_hal_tim.o
 .ARM.attributes
                0x0000000000000b60       0x39 Drivers/STM32F7xx_HAL_Driver/Src/stm32f7xx_hal_tim_ex.o
 .ARM.attributes
                0x0000000000000b99       0x39 Drivers/STM32F7xx_HAL_Driver/Src/stm32f7xx_hal_uart.o
 .ARM.attributes
                0x0000000000000bd2       0x34 c:/st/stm32cubeide_1.0.1/stm32cubeide/plugins/com.st.stm32cube.ide.mcu.externaltools.gnu-tools-for-stm32.7-2018-q2-update.win32_1.5.0.202011040924/tools/bin/../lib/gcc/arm-none-eabi/7.3.1/../../../../arm-none-eabi/lib/thumb/v7e-m/fpv4-sp/hard\libc_nano.a(lib_a-errno.o)
 .ARM.attributes
                0x0000000000000c06       0x34 c:/st/stm32cubeide_1.0.1/stm32cubeide/plugins/com.st.stm32cube.ide.mcu.externaltools.gnu-tools-for-stm32.7-2018-q2-update.win32_1.5.0.202011040924/tools/bin/../lib/gcc/arm-none-eabi/7.3.1/../../../../arm-none-eabi/lib/thumb/v7e-m/fpv4-sp/hard\libc_nano.a(lib_a-impure.o)
 .ARM.attributes
                0x0000000000000c3a       0x34 c:/st/stm32cubeide_1.0.1/stm32cubeide/plugins/com.st.stm32cube.ide.mcu.externaltools.gnu-tools-for-stm32.7-2018-q2-update.win32_1.5.0.202011040924/tools/bin/../lib/gcc/arm-none-eabi/7.3.1/../../../../arm-none-eabi/lib/thumb/v7e-m/fpv4-sp/hard\libc_nano.a(lib_a-init.o)
 .ARM.attributes
                0x0000000000000c6e       0x34 c:/st/stm32cubeide_1.0.1/stm32cubeide/plugins/com.st.stm32cube.ide.mcu.externaltools.gnu-tools-for-stm32.7-2018-q2-update.win32_1.5.0.202011040924/tools/bin/../lib/gcc/arm-none-eabi/7.3.1/../../../../arm-none-eabi/lib/thumb/v7e-m/fpv4-sp/hard\libc_nano.a(lib_a-memset.o)
 .ARM.attributes
                0x0000000000000ca2       0x34 c:/st/stm32cubeide_1.0.1/stm32cubeide/plugins/com.st.stm32cube.ide.mcu.externaltools.gnu-tools-for-stm32.7-2018-q2-update.win32_1.5.0.202011040924/tools/bin/../lib/gcc/arm-none-eabi/7.3.1/../../../../arm-none-eabi/lib/thumb/v7e-m/fpv4-sp/hard\libc_nano.a(lib_a-sprintf.o)
 .ARM.attributes
                0x0000000000000cd6       0x1b c:/st/stm32cubeide_1.0.1/stm32cubeide/plugins/com.st.stm32cube.ide.mcu.externaltools.gnu-tools-for-stm32.7-2018-q2-update.win32_1.5.0.202011040924/tools/bin/../lib/gcc/arm-none-eabi/7.3.1/../../../../arm-none-eabi/lib/thumb/v7e-m/fpv4-sp/hard\libc_nano.a(lib_a-strlen.o)
 .ARM.attributes
                0x0000000000000cf1       0x34 c:/st/stm32cubeide_1.0.1/stm32cubeide/plugins/com.st.stm32cube.ide.mcu.externaltools.gnu-tools-for-stm32.7-2018-q2-update.win32_1.5.0.202011040924/tools/bin/../lib/gcc/arm-none-eabi/7.3.1/../../../../arm-none-eabi/lib/thumb/v7e-m/fpv4-sp/hard\libc_nano.a(lib_a-vsprintf.o)
 .ARM.attributes
                0x0000000000000d25       0x34 c:/st/stm32cubeide_1.0.1/stm32cubeide/plugins/com.st.stm32cube.ide.mcu.externaltools.gnu-tools-for-stm32.7-2018-q2-update.win32_1.5.0.202011040924/tools/bin/../lib/gcc/arm-none-eabi/7.3.1/../../../../arm-none-eabi/lib/thumb/v7e-m/fpv4-sp/hard\libc_nano.a(lib_a-nano-svfprintf.o)
 .ARM.attributes
                0x0000000000000d59       0x34 c:/st/stm32cubeide_1.0.1/stm32cubeide/plugins/com.st.stm32cube.ide.mcu.externaltools.gnu-tools-for-stm32.7-2018-q2-update.win32_1.5.0.202011040924/tools/bin/../lib/gcc/arm-none-eabi/7.3.1/../../../../arm-none-eabi/lib/thumb/v7e-m/fpv4-sp/hard\libc_nano.a(lib_a-nano-vfprintf_i.o)
 .ARM.attributes
                0x0000000000000d8d       0x20 c:/st/stm32cubeide_1.0.1/stm32cubeide/plugins/com.st.stm32cube.ide.mcu.externaltools.gnu-tools-for-stm32.7-2018-q2-update.win32_1.5.0.202011040924/tools/bin/../lib/gcc/arm-none-eabi/7.3.1/../../../../arm-none-eabi/lib/thumb/v7e-m/fpv4-sp/hard\libc_nano.a(lib_a-memchr.o)
 .ARM.attributes
                0x0000000000000dad       0x34 c:/st/stm32cubeide_1.0.1/stm32cubeide/plugins/com.st.stm32cube.ide.mcu.externaltools.gnu-tools-for-stm32.7-2018-q2-update.win32_1.5.0.202011040924/tools/bin/../lib/gcc/arm-none-eabi/7.3.1/../../../../arm-none-eabi/lib/thumb/v7e-m/fpv4-sp/hard\libc_nano.a(lib_a-memcpy-stub.o)
 .ARM.attributes
                0x0000000000000de1       0x34 c:/st/stm32cubeide_1.0.1/stm32cubeide/plugins/com.st.stm32cube.ide.mcu.externaltools.gnu-tools-for-stm32.7-2018-q2-update.win32_1.5.0.202011040924/tools/bin/../lib/gcc/arm-none-eabi/7.3.1/../../../../arm-none-eabi/lib/thumb/v7e-m/fpv4-sp/hard\libc_nano.a(lib_a-memmove.o)
 .ARM.attributes
                0x0000000000000e15       0x34 c:/st/stm32cubeide_1.0.1/stm32cubeide/plugins/com.st.stm32cube.ide.mcu.externaltools.gnu-tools-for-stm32.7-2018-q2-update.win32_1.5.0.202011040924/tools/bin/../lib/gcc/arm-none-eabi/7.3.1/../../../../arm-none-eabi/lib/thumb/v7e-m/fpv4-sp/hard\libc_nano.a(lib_a-nano-freer.o)
 .ARM.attributes