menu_config.c:31:6:menu_led_fcn	32	static
menu_config.c:39:6:menu_ledr1_fcn	16	static
menu_config.c:43:6:menu_ledr2_fcn	16	static
menu_config.c:47:6:menu_ledg1_fcn	16	static
menu_config.c:51:6:menu_ledg2_fcn	16	static
menu_config.c:55:6:menu_ledb1_fcn	16	static
menu_config.c:59:6:menu_ledb2_fcn	16	static
menu_config.c:65:6:menu_ledrgb_fcn	32	static
menu_config.c:73:6:menu_ledrgb_r_fcn	16	static
menu_config.c:77:6:menu_ledrgb_g_fcn	16	static
menu_config.c:81:6:menu_ledrgb_b_fcn	16	static
menu_config.c:87:6:menu_ain_fcn	24	static
menu_config.c:93:6:menu_ain1_fcn	16	static
menu_config.c:97:6:menu_ain2_fcn	16	static
menu_config.c:103:6:menu_dimmer_fcn	16	static
menu_config.c:111:6:menu_dimmer1_fcn	16	static
menu_config.c:117:6:menu_light_sensors_fcn	32	static
menu_config.c:123:6:menu_light_sensor1_fcn	16	static
menu_config.c:127:6:menu_light_sensor2_fcn	16	static
menu_config.c:133:6:menu_temp_sensors_fcn	40	static
menu_config.c:144:6:menu_temp_sensor1_fcn	16	static
menu_config.c:148:6:menu_temp_sensor2_fcn	16	static
menu_config.c:154:6:menu_heater_fcn	16	static
menu_config.c:162:6:menu_heater1_fcn	16	static
